Archive member included because of file (symbol)

/Users/ap/SDKs/nacl/pepper_31/toolchain/mac_x86_newlib/bin/../lib/gcc/x86_64-nacl/4.4.3/../../../../x86_64-nacl/lib/../lib32/libppapi_stub.a(plugin_main_irt.o)
                              (main)
/Users/ap/SDKs/nacl/pepper_31/toolchain/mac_x86_newlib/bin/../lib/gcc/x86_64-nacl/4.4.3/../../../../x86_64-nacl/lib/../lib32/libppapi_stub.a(ppapi_plugin_main.o)
                              /Users/ap/SDKs/nacl/pepper_31/toolchain/mac_x86_newlib/bin/../lib/gcc/x86_64-nacl/4.4.3/../../../../x86_64-nacl/lib/../lib32/libppapi_stub.a(plugin_main_irt.o) (PpapiPluginMain)
/Users/ap/SDKs/nacl/pepper_31/toolchain/mac_x86_newlib/bin/../lib/gcc/x86_64-nacl/4.4.3/../../../../x86_64-nacl/lib/../lib32/libppapi_stub.a(ppapi_plugin_start.o)
                              /Users/ap/SDKs/nacl/pepper_31/toolchain/mac_x86_newlib/bin/../lib/gcc/x86_64-nacl/4.4.3/../../../../x86_64-nacl/lib/../lib32/libppapi_stub.a(ppapi_plugin_main.o) (PpapiPluginStart)
/Users/ap/SDKs/nacl/pepper_31/toolchain/mac_x86_newlib/bin/../lib/gcc/x86_64-nacl/4.4.3/../../../../x86_64-nacl/lib/../lib32/libppapi_stub.a(thread_creator.o)
                              /Users/ap/SDKs/nacl/pepper_31/toolchain/mac_x86_newlib/bin/../lib/gcc/x86_64-nacl/4.4.3/../../../../x86_64-nacl/lib/../lib32/libppapi_stub.a(ppapi_plugin_start.o) (__nacl_register_thread_creator)
/Users/ap/SDKs/nacl/pepper_31/toolchain/mac_x86_newlib/bin/../lib/gcc/x86_64-nacl/4.4.3/../../../../x86_64-nacl/lib/../lib32/libpthread.a(nc_thread.o)
                              /Users/ap/SDKs/nacl/pepper_31/toolchain/mac_x86_newlib/bin/../lib/gcc/x86_64-nacl/4.4.3/../../../../x86_64-nacl/lib/../lib32/libppapi_stub.a(thread_creator.o) (pthread_join)
/Users/ap/SDKs/nacl/pepper_31/toolchain/mac_x86_newlib/bin/../lib/gcc/x86_64-nacl/4.4.3/../../../../x86_64-nacl/lib/../lib32/libpthread.a(nc_condvar.o)
                              /Users/ap/SDKs/nacl/pepper_31/toolchain/mac_x86_newlib/bin/../lib/gcc/x86_64-nacl/4.4.3/../../../../x86_64-nacl/lib/../lib32/libpthread.a(nc_thread.o) (pthread_cond_init)
/Users/ap/SDKs/nacl/pepper_31/toolchain/mac_x86_newlib/bin/../lib/gcc/x86_64-nacl/4.4.3/../../../../x86_64-nacl/lib/../lib32/libpthread.a(dynamic_annotations.o)
                              /Users/ap/SDKs/nacl/pepper_31/toolchain/mac_x86_newlib/bin/../lib/gcc/x86_64-nacl/4.4.3/../../../../x86_64-nacl/lib/../lib32/libpthread.a(nc_thread.o) (NACL_AnnotateCondVarWait)
/Users/ap/SDKs/nacl/pepper_31/toolchain/mac_x86_newlib/bin/../lib/gcc/x86_64-nacl/4.4.3/../../../../x86_64-nacl/lib/../lib32/libpthread.a(nc_mutex.o)
                              /Users/ap/SDKs/nacl/pepper_31/toolchain/mac_x86_newlib/bin/../lib/gcc/x86_64-nacl/4.4.3/../../../../x86_64-nacl/lib/../lib32/libpthread.a(nc_thread.o) (pthread_mutex_init)
/Users/ap/SDKs/nacl/pepper_31/toolchain/mac_x86_newlib/bin/../lib/gcc/x86_64-nacl/4.4.3/../../../../x86_64-nacl/lib/../lib32/libpthread.a(nc_init_irt.o)
                              /Users/ap/SDKs/nacl/pepper_31/toolchain/mac_x86_newlib/bin/../lib/gcc/x86_64-nacl/4.4.3/../../../../x86_64-nacl/lib/../lib32/libpthread.a(nc_thread.o) (__nc_futex_init)
/Users/ap/SDKs/nacl/pepper_31/toolchain/mac_x86_newlib/bin/../lib/gcc/x86_64-nacl/4.4.3/../../../../x86_64-nacl/lib/../lib32/libcrt_common.a(lib_a-environ.o)
                              /Users/ap/SDKs/nacl/pepper_31/toolchain/mac_x86_newlib/bin/../lib/gcc/x86_64-nacl/4.4.3/../../../../x86_64-nacl/lib/../lib32/libppapi_stub.a(ppapi_plugin_start.o) (environ)
/Users/ap/SDKs/nacl/pepper_31/toolchain/mac_x86_newlib/bin/../lib/gcc/x86_64-nacl/4.4.3/../../../../x86_64-nacl/lib/../lib32/libcrt_common.a(lib_a-exit.o)
                              (exit)
/Users/ap/SDKs/nacl/pepper_31/toolchain/mac_x86_newlib/bin/../lib/gcc/x86_64-nacl/4.4.3/../../../../x86_64-nacl/lib/../lib32/libcrt_common.a(lib_a-getenv.o)
                              /Users/ap/SDKs/nacl/pepper_31/toolchain/mac_x86_newlib/bin/../lib/gcc/x86_64-nacl/4.4.3/../../../../x86_64-nacl/lib/../lib32/libpthread.a(dynamic_annotations.o) (getenv)
/Users/ap/SDKs/nacl/pepper_31/toolchain/mac_x86_newlib/bin/../lib/gcc/x86_64-nacl/4.4.3/../../../../x86_64-nacl/lib/../lib32/libcrt_common.a(lib_a-getenv_r.o)
                              /Users/ap/SDKs/nacl/pepper_31/toolchain/mac_x86_newlib/bin/../lib/gcc/x86_64-nacl/4.4.3/../../../../x86_64-nacl/lib/../lib32/libcrt_common.a(lib_a-getenv.o) (_findenv_r)
/Users/ap/SDKs/nacl/pepper_31/toolchain/mac_x86_newlib/bin/../lib/gcc/x86_64-nacl/4.4.3/../../../../x86_64-nacl/lib/../lib32/libcrt_common.a(lib_a-impure.o)
                              /Users/ap/SDKs/nacl/pepper_31/toolchain/mac_x86_newlib/bin/../lib/gcc/x86_64-nacl/4.4.3/../../../../x86_64-nacl/lib/../lib32/libpthread.a(nc_thread.o) (__newlib_thread_init)
/Users/ap/SDKs/nacl/pepper_31/toolchain/mac_x86_newlib/bin/../lib/gcc/x86_64-nacl/4.4.3/../../../../x86_64-nacl/lib/../lib32/libcrt_common.a(lib_a-strlen.o)
[...]
Memory Configuration

Name             Origin             Length             Attributes
*default*        0x0000000000000000 0xffffffffffffffff

Linker script and memory map

LOAD /Users/ap/SDKs/nacl/pepper_31/toolchain/mac_x86_newlib/bin/../lib/gcc/x86_64-nacl/4.4.3/../../../../x86_64-nacl/lib/../lib32/crt1.o
LOAD /Users/ap/SDKs/nacl/pepper_31/toolchain/mac_x86_newlib/bin/../lib/gcc/x86_64-nacl/4.4.3/../../../../x86_64-nacl/lib/../lib32/crti.o
LOAD /Users/ap/SDKs/nacl/pepper_31/toolchain/mac_x86_newlib/bin/../lib/gcc/x86_64-nacl/4.4.3/32/crtbegin.o
LOAD /Users/ap/SDKs/nacl/pepper_31/lib/newlib_x86_32/Release/libppapi_cpp.a
LOAD /Users/ap/SDKs/nacl/pepper_31/toolchain/mac_x86_newlib/bin/../lib/gcc/x86_64-nacl/4.4.3/../../../../x86_64-nacl/lib/../lib32/libppapi.a
LOAD /Users/ap/SDKs/nacl/pepper_31/toolchain/mac_x86_newlib/bin/../lib/gcc/x86_64-nacl/4.4.3/../../../../x86_64-nacl/lib/../lib32/libppapi_stub.a
LOAD /Users/ap/SDKs/nacl/pepper_31/toolchain/mac_x86_newlib/bin/../lib/gcc/x86_64-nacl/4.4.3/../../../../x86_64-nacl/lib/../lib32/libpthread.a
LOAD /Users/ap/SDKs/nacl/pepper_31/toolchain/mac_x86_newlib/bin/../lib/gcc/x86_64-nacl/4.4.3/../../../../x86_64-nacl/lib/../lib32/libstdc++.a
LOAD /Users/ap/SDKs/nacl/pepper_31/toolchain/mac_x86_newlib/bin/../lib/gcc/x86_64-nacl/4.4.3/../../../../x86_64-nacl/lib/../lib32/libm.a
LOAD /Users/ap/SDKs/nacl/pepper_31/toolchain/mac_x86_newlib/bin/../lib/gcc/x86_64-nacl/4.4.3/32/libgcc.a
LOAD /Users/ap/SDKs/nacl/pepper_31/toolchain/mac_x86_newlib/bin/../lib/gcc/x86_64-nacl/4.4.3/../../../../x86_64-nacl/lib/../lib32/libc.a
START GROUP
LOAD /Users/ap/SDKs/nacl/pepper_31/toolchain/mac_x86_newlib/bin/../lib/gcc/x86_64-nacl/4.4.3/../../../../x86_64-nacl/lib/../lib32/libcrt_common.a
LOAD /Users/ap/SDKs/nacl/pepper_31/toolchain/mac_x86_newlib/bin/../lib/gcc/x86_64-nacl/4.4.3/../../../../x86_64-nacl/lib/../lib32/libnacl.a
END GROUP
LOAD /Users/ap/SDKs/nacl/pepper_31/toolchain/mac_x86_newlib/bin/../lib/gcc/x86_64-nacl/4.4.3/32/libgcc.a
LOAD /Users/ap/SDKs/nacl/pepper_31/toolchain/mac_x86_newlib/bin/../lib/gcc/x86_64-nacl/4.4.3/32/crtend.o
LOAD /Users/ap/SDKs/nacl/pepper_31/toolchain/mac_x86_newlib/bin/../lib/gcc/x86_64-nacl/4.4.3/../../../../x86_64-nacl/lib/../lib32/crtn.o
                0x0000000000020000                PROVIDE (__executable_start, 0x20000)
                0x0000000000020000                . = 0x20000

.interp
 *(.interp)

.hash
 *(.hash)

.gnu.hash
 *(.gnu.hash)

.dynsym
 *(.dynsym)

.dynstr
 *(.dynstr)

.gnu.version
 *(.gnu.version)

.gnu.version_d
 *(.gnu.version_d)

.gnu.version_r
 *(.gnu.version_r)

.rel.init
 *(.rel.init)

.rel.text       0x0000000000020000        0x0
 *(.rel.text .rel.text.* .rel.gnu.linkonce.t.*)
 .rel.text      0x0000000000000000        0x0 /Users/ap/SDKs/nacl/pepper_31/toolchain/mac_x86_newlib/bin/../lib/gcc/x86_64-nacl/4.4.3/32/crtbegin.o

.rel.fini
 *(.rel.fini)

.rel.rodata     0x0000000000020000        0x0
 *(.rel.rodata .rel.rodata.* .rel.gnu.linkonce.r.*)
 .rel.rodata    0x0000000000000000        0x0 /Users/ap/SDKs/nacl/pepper_31/toolchain/mac_x86_newlib/bin/../lib/gcc/x86_64-nacl/4.4.3/32/crtbegin.o

.rel.data.rel.ro
 *(.rel.data.rel.ro* .rel.gnu.linkonce.d.rel.ro.*)

.rel.data
 *(.rel.data .rel.data.* .rel.gnu.linkonce.d.*)

.rel.tdata
 *(.rel.tdata .rel.tdata.* .rel.gnu.linkonce.td.*)

.rel.tbss
 *(.rel.tbss .rel.tbss.* .rel.gnu.linkonce.tb.*)

.rel.ctors
 *(.rel.ctors)

.rel.dtors
 *(.rel.dtors)

.rel.got        0x0000000000020000        0x0
 *(.rel.got)
 .rel.got       0x0000000000000000        0x0 /Users/ap/SDKs/nacl/pepper_31/toolchain/mac_x86_newlib/bin/../lib/gcc/x86_64-nacl/4.4.3/32/crtbegin.o

.rel.bss
 *(.rel.bss .rel.bss.* .rel.gnu.linkonce.b.*)

.rel.ifunc
 *(.rel.ifunc)

.rel.plt        0x0000000000020000        0x0
 *(.rel.plt)
                0x0000000000020000                PROVIDE (__rel_iplt_start, .)
 *(.rel.iplt)
 .rel.iplt      0x0000000000000000        0x0 /Users/ap/SDKs/nacl/pepper_31/toolchain/mac_x86_newlib/bin/../lib/gcc/x86_64-nacl/4.4.3/32/crtbegin.o
                0x0000000000020000                PROVIDE (__rel_iplt_end, .)

.init           0x0000000000020000       0x80
 *(.init)
 .init          0x0000000000020000       0x20 /Users/ap/SDKs/nacl/pepper_31/toolchain/mac_x86_newlib/bin/../lib/gcc/x86_64-nacl/4.4.3/../../../../x86_64-nacl/lib/../lib32/crti.o
                0x0000000000020000                _init
 .init          0x0000000000020020       0x20 /Users/ap/SDKs/nacl/pepper_31/toolchain/mac_x86_newlib/bin/../lib/gcc/x86_64-nacl/4.4.3/32/crtbegin.o
 .init          0x0000000000020040       0x20 /Users/ap/SDKs/nacl/pepper_31/toolchain/mac_x86_newlib/bin/../lib/gcc/x86_64-nacl/4.4.3/32/crtend.o
 .init          0x0000000000020060       0x20 /Users/ap/SDKs/nacl/pepper_31/toolchain/mac_x86_newlib/bin/../lib/gcc/x86_64-nacl/4.4.3/../../../../x86_64-nacl/lib/../lib32/crtn.o

.plt            0x0000000000020080        0x0
 *(.plt)
 *(.iplt)
 .iplt          0x0000000000000000        0x0 /Users/ap/SDKs/nacl/pepper_31/toolchain/mac_x86_newlib/bin/../lib/gcc/x86_64-nacl/4.4.3/32/crtbegin.o

.text           0x0000000000020080    0x1d300
 *(.text .stub .text.* .gnu.linkonce.t.*)
 .text          0x0000000000020080        0x0 /Users/ap/SDKs/nacl/pepper_31/toolchain/mac_x86_newlib/bin/../lib/gcc/x86_64-nacl/4.4.3/../../../../x86_64-nacl/lib/../lib32/crti.o
 .text          0x0000000000020080      0x160 /Users/ap/SDKs/nacl/pepper_31/toolchain/mac_x86_newlib/bin/../lib/gcc/x86_64-nacl/4.4.3/32/crtbegin.o
 .text          0x00000000000201e0       0x40 /Users/ap/SDKs/nacl/pepper_31/toolchain/mac_x86_newlib/bin/../lib/gcc/x86_64-nacl/4.4.3/../../../../x86_64-nacl/lib/../lib32/libppapi_stub.a(plugin_main_irt.o)
                0x00000000000201e0                main
 .text          0x0000000000020220       0x40 /Users/ap/SDKs/nacl/pepper_31/toolchain/mac_x86_newlib/bin/../lib/gcc/x86_64-nacl/4.4.3/../../../../x86_64-nacl/lib/../lib32/libppapi_stub.a(ppapi_plugin_main.o)
                0x0000000000020220                PpapiPluginMain
 .text          0x0000000000020260      0x1e0 /Users/ap/SDKs/nacl/pepper_31/toolchain/mac_x86_newlib/bin/../lib/gcc/x86_64-nacl/4.4.3/../../../../x86_64-nacl/lib/../lib32/libppapi_stub.a(ppapi_plugin_start.o)
                0x00000000000202c0                PpapiPluginStart
 .text          0x0000000000020440       0xc0 /Users/ap/SDKs/nacl/pepper_31/toolchain/mac_x86_newlib/bin/../lib/gcc/x86_64-nacl/4.4.3/../../../../x86_64-nacl/lib/../lib32/libppapi_stub.a(thread_creator.o)
                0x0000000000020440                __nacl_register_thread_creator
 .text          0x0000000000020500     0x1bc0 /Users/ap/SDKs/nacl/pepper_31/toolchain/mac_x86_newlib/bin/../lib/gcc/x86_64-nacl/4.4.3/../../../../x86_64-nacl/lib/../lib32/libpthread.a(nc_thread.o)
                0x0000000000020500                pthread_kill
                0x0000000000020520                pthread_equal
                0x0000000000020540                pthread_attr_init
                0x0000000000020580                pthread_attr_destroy
                0x00000000000205a0                pthread_attr_setdetachstate
                0x00000000000205e0                pthread_attr_getdetachstate
                0x0000000000020620                pthread_attr_setstacksize
                0x00000000000206a0                pthread_attr_getstacksize
                0x00000000000206e0                pthread_getspecific
                0x0000000000020760                __nc_tsd_exit
                0x0000000000020900                pthread_cleanup_pop
                0x00000000000209a0                pthread_setspecific
                0x0000000000020aa0                pthread_key_delete
                0x0000000000020b40                pthread_key_create
                0x0000000000020be0                __local_lock_release
                0x0000000000020c20                __local_lock_release_recursive
                0x0000000000020c40                __local_lock_try_acquire
                0x0000000000020ca0                __local_lock_try_acquire_recursive
                0x0000000000020cc0                __local_lock_acquire
                0x0000000000020d00                __local_lock_acquire_recursive
                0x0000000000020d20                __local_lock_close
                0x0000000000020d60                __local_lock_close_recursive
                0x0000000000020d80                __local_lock_init_recursive
                0x0000000000020e00                __local_lock_init
                0x0000000000020e80                pthread_self
                0x0000000000020ec0                pthread_setschedprio
                0x0000000000020f80                pthread_detach
                0x0000000000021060                pthread_join
                0x0000000000021220                pthread_exit
                0x0000000000021640                pthread_cleanup_push
                0x00000000000219a0                pthread_create
                0x0000000000021ee0                __nc_initialize_globals
                0x0000000000022020                __pthread_initialize
 .text          0x00000000000220c0      0x1e0 /Users/ap/SDKs/nacl/pepper_31/toolchain/mac_x86_newlib/bin/../lib/gcc/x86_64-nacl/4.4.3/../../../../x86_64-nacl/lib/../lib32/libpthread.a(nc_condvar.o)
                0x00000000000220c0                pthread_cond_init
                0x00000000000220e0                pthread_cond_destroy
                0x0000000000022100                pthread_cond_timedwait_abs
                0x00000000000221e0                pthread_cond_wait
                0x0000000000022260                pthread_cond_broadcast
                0x0000000000022280                pthread_cond_signal
 .text          0x00000000000222a0      0x540 /Users/ap/SDKs/nacl/pepper_31/toolchain/mac_x86_newlib/bin/../lib/gcc/x86_64-nacl/4.4.3/../../../../x86_64-nacl/lib/../lib32/libpthread.a(dynamic_annotations.o)
                0x00000000000222a0                NACL_AnnotateRWLockCreate
                0x00000000000222c0                NACL_AnnotateRWLockDestroy
                0x00000000000222e0                NACL_AnnotateRWLockAcquired
                0x0000000000022300                NACL_AnnotateRWLockReleased
                0x0000000000022320                NACL_AnnotateBarrierInit
                0x0000000000022340                NACL_AnnotateBarrierWaitBefore
                0x0000000000022360                NACL_AnnotateBarrierWaitAfter
                0x0000000000022380                NACL_AnnotateBarrierDestroy
                0x00000000000223a0                NACL_AnnotateCondVarWait
                0x00000000000223c0                NACL_AnnotateCondVarSignal
                0x00000000000223e0                NACL_AnnotateCondVarSignalAll
                0x0000000000022400                NACL_AnnotateHappensBefore
                0x0000000000022420                NACL_AnnotateHappensAfter
                0x0000000000022440                NACL_AnnotatePublishMemoryRange
                0x0000000000022460                NACL_AnnotateUnpublishMemoryRange
                0x0000000000022480                NACL_AnnotatePCQCreate
                0x00000000000224a0                NACL_AnnotatePCQDestroy
                0x00000000000224c0                NACL_AnnotatePCQPut
                0x00000000000224e0                NACL_AnnotatePCQGet
                0x0000000000022500                NACL_AnnotateNewMemory
                0x0000000000022520                NACL_AnnotateExpectRace
                0x0000000000022540                NACL_AnnotateFlushExpectedRaces
                0x0000000000022560                NACL_AnnotateBenignRace
                0x0000000000022580                NACL_AnnotateBenignRaceSized
                0x00000000000225a0                NACL_AnnotateMutexIsUsedAsCondVar
                0x00000000000225c0                NACL_AnnotateMutexIsNotPHB
                0x00000000000225e0                NACL_AnnotateTraceMemory
                0x0000000000022600                NACL_AnnotateThreadName
                0x0000000000022620                NACL_AnnotateIgnoreReadsBegin
                0x0000000000022640                NACL_AnnotateIgnoreReadsEnd
                0x0000000000022660                NACL_AnnotateIgnoreWritesBegin
                0x0000000000022680                NACL_AnnotateIgnoreWritesEnd
                0x00000000000226a0                NACL_AnnotateIgnoreSyncBegin
                0x00000000000226c0                NACL_AnnotateIgnoreSyncEnd
                0x00000000000226e0                NACL_AnnotateEnableRaceDetection
                0x0000000000022700                NACL_AnnotateNoOp
                0x0000000000022720                NACL_AnnotateFlushState
                0x0000000000022740                RunningOnValgrind
 .text          0x00000000000227e0      0x6a0 /Users/ap/SDKs/nacl/pepper_31/toolchain/mac_x86_newlib/bin/../lib/gcc/x86_64-nacl/4.4.3/../../../../x86_64-nacl/lib/../lib32/libpthread.a(nc_mutex.o)
                0x00000000000227e0                pthread_mutex_init
                0x0000000000022840                pthread_mutex_destroy
                0x00000000000228a0                pthread_mutexattr_init
                0x00000000000228c0                pthread_mutexattr_destroy
                0x00000000000228e0                pthread_mutexattr_settype
                0x0000000000022920                pthread_mutexattr_gettype
                0x0000000000022940                pthread_mutex_unlock
                0x0000000000022d20                pthread_mutex_timedlock
                0x0000000000022d40                pthread_mutex_lock
                0x0000000000022d60                pthread_once
                0x0000000000022e60                pthread_mutex_trylock
 .text          0x0000000000022e80       0xa0 /Users/ap/SDKs/nacl/pepper_31/toolchain/mac_x86_newlib/bin/../lib/gcc/x86_64-nacl/4.4.3/../../../../x86_64-nacl/lib/../lib32/libpthread.a(nc_init_irt.o)
                0x0000000000022e80                __nc_futex_init
                0x0000000000022ea0                __nc_futex_thread_exit
                0x0000000000022ec0                __nc_initialize_interfaces
 .text          0x0000000000022f20        0x0 /Users/ap/SDKs/nacl/pepper_31/toolchain/mac_x86_newlib/bin/../lib/gcc/x86_64-nacl/4.4.3/../../../../x86_64-nacl/lib/../lib32/libcrt_common.a(lib_a-environ.o)
 .text          0x0000000000022f20       0x60 /Users/ap/SDKs/nacl/pepper_31/toolchain/mac_x86_newlib/bin/../lib/gcc/x86_64-nacl/4.4.3/../../../../x86_64-nacl/lib/../lib32/libcrt_common.a(lib_a-exit.o)
                0x0000000000022f20                exit
 .text          0x0000000000022f80       0xc0 /Users/ap/SDKs/nacl/pepper_31/toolchain/mac_x86_newlib/bin/../lib/gcc/x86_64-nacl/4.4.3/../../../../x86_64-nacl/lib/../lib32/libcrt_common.a(lib_a-getenv.o)
                0x0000000000022f80                getenv
                0x0000000000022fe0                _findenv
 .text          0x0000000000023040      0x240 /Users/ap/SDKs/nacl/pepper_31/toolchain/mac_x86_newlib/bin/../lib/gcc/x86_64-nacl/4.4.3/../../../../x86_64-nacl/lib/../lib32/libcrt_common.a(lib_a-getenv_r.o)
                0x0000000000023040                _findenv_r
                0x0000000000023240                _getenv_r
 .text          0x0000000000023280       0x80 /Users/ap/SDKs/nacl/pepper_31/toolchain/mac_x86_newlib/bin/../lib/gcc/x86_64-nacl/4.4.3/../../../../x86_64-nacl/lib/../lib32/libcrt_common.a(lib_a-impure.o)
                0x0000000000023280                __newlib_thread_init
                0x00000000000232e0                __newlib_thread_exit
 .text          0x0000000000023300       0xa0 /Users/ap/SDKs/nacl/pepper_31/toolchain/mac_x86_newlib/bin/../lib/gcc/x86_64-nacl/4.4.3/../../../../x86_64-nacl/lib/../lib32/libcrt_common.a(lib_a-strlen.o)
                0x0000000000023300                strlen
 .text          0x00000000000233a0      0x1a0 /Users/ap/SDKs/nacl/pepper_31/toolchain/mac_x86_newlib/bin/../lib/gcc/x86_64-nacl/4.4.3/../../../../x86_64-nacl/lib/../lib32/libcrt_common.a(lib_a-strncmp.o)
                0x00000000000233a0                strncmp
 .text          0x0000000000023540      0x300 /Users/ap/SDKs/nacl/pepper_31/toolchain/mac_x86_newlib/bin/../lib/gcc/x86_64-nacl/4.4.3/../../../../x86_64-nacl/lib/../lib32/libcrt_common.a(lib_a-__call_atexit.o)
                0x0000000000023540                __call_exitprocs
 .text          0x0000000000023840       0x40 /Users/ap/SDKs/nacl/pepper_31/toolchain/mac_x86_newlib/bin/../lib/gcc/x86_64-nacl/4.4.3/../../../../x86_64-nacl/lib/../lib32/libcrt_common.a(lib_a-envlock.o)
                0x0000000000023840                __env_unlock
                0x0000000000023860                __env_lock
 .text          0x0000000000023880      0x220 /Users/ap/SDKs/nacl/pepper_31/toolchain/mac_x86_newlib/bin/../lib/gcc/x86_64-nacl/4.4.3/../../../../x86_64-nacl/lib/../lib32/libcrt_common.a(lib_a-__atexit.o)
                0x0000000000023880                __register_exitproc
 .text          0x0000000000023aa0       0x40 /Users/ap/SDKs/nacl/pepper_31/toolchain/mac_x86_newlib/bin/../lib/gcc/x86_64-nacl/4.4.3/../../../../x86_64-nacl/lib/../lib32/libnacl.a(_exit.o)
                0x0000000000023aa0                _exit
 .text          0x0000000000023ae0      0x120 /Users/ap/SDKs/nacl/pepper_31/toolchain/mac_x86_newlib/bin/../lib/gcc/x86_64-nacl/4.4.3/../../../../x86_64-nacl/lib/../lib32/libnacl.a(start.o)
                0x0000000000023ae0                _start
 .text          0x0000000000023c00     0x64c0 /Users/ap/SDKs/nacl/pepper_31/toolchain/mac_x86_newlib/bin/../lib/gcc/x86_64-nacl/4.4.3/../../../../x86_64-nacl/lib/../lib32/libnacl.a(malloc.o)
                0x0000000000023c00                malloc_footprint
                0x0000000000023c20                malloc_max_footprint
                0x0000000000023c40                malloc_footprint_limit
                0x0000000000023c60                malloc_set_footprint_limit
                0x0000000000023ca0                malloc_usable_size
                0x0000000000023ee0                mallopt
                0x0000000000025440                bulk_free
                0x0000000000025640                malloc_trim
                0x0000000000025760                free
                0x0000000000026340                _free_r
                0x0000000000026360                mallinfo
                0x0000000000026700                malloc_stats
                0x0000000000026a20                malloc
                0x0000000000028ae0                _malloc_r
                0x0000000000028b00                calloc
                0x0000000000028bc0                _calloc_r
                0x0000000000029200                realloc
                0x0000000000029480                _realloc_r
                0x00000000000294a0                realloc_in_place
                0x0000000000029980                memalign
                0x00000000000299c0                pvalloc
                0x0000000000029a20                valloc
                0x0000000000029a80                posix_memalign
                0x000000000002a040                independent_calloc
                0x000000000002a0a0                independent_comalloc
 .text          0x000000000002a0c0      0x540 /Users/ap/SDKs/nacl/pepper_31/toolchain/mac_x86_newlib/bin/../lib/gcc/x86_64-nacl/4.4.3/../../../../x86_64-nacl/lib/../lib32/libnacl.a(nacl_irt.o)
                0x000000000002a1e0                __libnacl_irt_query
                0x000000000002a2e0                __libnacl_mandatory_irt_query
                0x000000000002a3c0                __libnacl_irt_init
 .text          0x000000000002a600      0x100 /Users/ap/SDKs/nacl/pepper_31/toolchain/mac_x86_newlib/bin/../lib/gcc/x86_64-nacl/4.4.3/../../../../x86_64-nacl/lib/../lib32/libnacl.a(pthread_initialize_minimal.o)
                0x000000000002a600                __pthread_initialize_minimal
 .text          0x000000000002a700       0x20 /Users/ap/SDKs/nacl/pepper_31/toolchain/mac_x86_newlib/bin/../lib/gcc/x86_64-nacl/4.4.3/../../../../x86_64-nacl/lib/../lib32/libnacl.a(nacl_read_tp.o)
                0x000000000002a700                __nacl_read_tp
 .text          0x000000000002a720       0xc0 /Users/ap/SDKs/nacl/pepper_31/toolchain/mac_x86_newlib/bin/../lib/gcc/x86_64-nacl/4.4.3/../../../../x86_64-nacl/lib/../lib32/libnacl.a(mmap.o)
                0x000000000002a720                mmap
 .text          0x000000000002a7e0       0xa0 /Users/ap/SDKs/nacl/pepper_31/toolchain/mac_x86_newlib/bin/../lib/gcc/x86_64-nacl/4.4.3/../../../../x86_64-nacl/lib/../lib32/libnacl.a(sched_yield.o)
                0x000000000002a7e0                sched_yield
 .text          0x000000000002a880       0xa0 /Users/ap/SDKs/nacl/pepper_31/toolchain/mac_x86_newlib/bin/../lib/gcc/x86_64-nacl/4.4.3/../../../../x86_64-nacl/lib/../lib32/libnacl.a(munmap.o)
                0x000000000002a880                munmap
 .text          0x000000000002a920      0x2e0 /Users/ap/SDKs/nacl/pepper_31/toolchain/mac_x86_newlib/bin/../lib/gcc/x86_64-nacl/4.4.3/../../../../x86_64-nacl/lib/../lib32/libnacl.a(tls.o)
                0x000000000002aa80                __nacl_tls_combined_size
                0x000000000002ab00                __nacl_tls_initialize_memory
 .text          0x000000000002ac00       0xc0 /Users/ap/SDKs/nacl/pepper_31/toolchain/mac_x86_newlib/bin/../lib/gcc/x86_64-nacl/4.4.3/../../../../x86_64-nacl/lib/../lib32/libnacl.a(write.o)
                0x000000000002ac00                write
 .text          0x000000000002acc0       0xa0 /Users/ap/SDKs/nacl/pepper_31/toolchain/mac_x86_newlib/bin/../lib/gcc/x86_64-nacl/4.4.3/../../../../x86_64-nacl/lib/../lib32/libnacl.a(sysconf.o)
                0x000000000002acc0                sysconf
 .text          0x000000000002ad60       0x20 /Users/ap/SDKs/nacl/pepper_31/toolchain/mac_x86_newlib/bin/../lib/gcc/x86_64-nacl/4.4.3/../../../../x86_64-nacl/lib/../lib32/libnacl.a(nacl_tls_init.o)
                0x000000000002ad60                nacl_tls_init
 .text          0x000000000002ad80       0x20 /Users/ap/SDKs/nacl/pepper_31/toolchain/mac_x86_newlib/bin/../lib/gcc/x86_64-nacl/4.4.3/../../../../x86_64-nacl/lib/../lib32/libcrt_common.a(lib_a-abort.o)
                0x000000000002ad80                abort
 .text          0x000000000002ada0       0x60 /Users/ap/SDKs/nacl/pepper_31/toolchain/mac_x86_newlib/bin/../lib/gcc/x86_64-nacl/4.4.3/../../../../x86_64-nacl/lib/../lib32/libcrt_common.a(lib_a-atexit.o)
                0x000000000002ada0                atexit
 .text          0x000000000002ae00       0x40 /Users/ap/SDKs/nacl/pepper_31/toolchain/mac_x86_newlib/bin/../lib/gcc/x86_64-nacl/4.4.3/../../../../x86_64-nacl/lib/../lib32/libcrt_common.a(lib_a-errno.o)
                0x000000000002ae00                __errno
 .text          0x000000000002ae40       0x80 /Users/ap/SDKs/nacl/pepper_31/toolchain/mac_x86_newlib/bin/../lib/gcc/x86_64-nacl/4.4.3/../../../../x86_64-nacl/lib/../lib32/libcrt_common.a(lib_a-fini.o)
                0x000000000002ae40                __libc_fini_array
 .text          0x000000000002aec0       0xe0 /Users/ap/SDKs/nacl/pepper_31/toolchain/mac_x86_newlib/bin/../lib/gcc/x86_64-nacl/4.4.3/../../../../x86_64-nacl/lib/../lib32/libcrt_common.a(lib_a-fprintf.o)
                0x000000000002aec0                fprintf
                0x000000000002af40                _fprintf_r
 .text          0x000000000002afa0      0x100 /Users/ap/SDKs/nacl/pepper_31/toolchain/mac_x86_newlib/bin/../lib/gcc/x86_64-nacl/4.4.3/../../../../x86_64-nacl/lib/../lib32/libcrt_common.a(lib_a-init.o)
                0x000000000002afa0                __libc_init_array
 .text          0x000000000002b0a0       0x60 /Users/ap/SDKs/nacl/pepper_31/toolchain/mac_x86_newlib/bin/../lib/gcc/x86_64-nacl/4.4.3/../../../../x86_64-nacl/lib/../lib32/libcrt_common.a(lib_a-memcpy.o)
                0x000000000002b0a0                memcpy
 .text          0x000000000002b100       0xa0 /Users/ap/SDKs/nacl/pepper_31/toolchain/mac_x86_newlib/bin/../lib/gcc/x86_64-nacl/4.4.3/../../../../x86_64-nacl/lib/../lib32/libcrt_common.a(lib_a-memset.o)
                0x000000000002b100                memset
 .text          0x000000000002b1a0     0x4860 /Users/ap/SDKs/nacl/pepper_31/toolchain/mac_x86_newlib/bin/../lib/gcc/x86_64-nacl/4.4.3/../../../../x86_64-nacl/lib/../lib32/libcrt_common.a(lib_a-vfprintf.o)
                0x000000000002b1a0                _vfprintf_r
                0x000000000002f9a0                vfprintf
 .text          0x000000000002fa00      0x2c0 /Users/ap/SDKs/nacl/pepper_31/toolchain/mac_x86_newlib/bin/../lib/gcc/x86_64-nacl/4.4.3/../../../../x86_64-nacl/lib/../lib32/libcrt_common.a(lib_a-wcrtomb.o)
                0x000000000002fa00                wcrtomb
                0x000000000002fbc0                _wcrtomb_r
 .text          0x000000000002fcc0       0xe0 /Users/ap/SDKs/nacl/pepper_31/toolchain/mac_x86_newlib/bin/../lib/gcc/x86_64-nacl/4.4.3/../../../../x86_64-nacl/lib/../lib32/libcrt_common.a(lib_a-wcsrtombs.o)
                0x000000000002fcc0                wcsrtombs
                0x000000000002fd40                _wcsrtombs_r
 .text          0x000000000002fda0      0x540 /Users/ap/SDKs/nacl/pepper_31/toolchain/mac_x86_newlib/bin/../lib/gcc/x86_64-nacl/4.4.3/../../../../x86_64-nacl/lib/../lib32/libcrt_common.a(lib_a-wctomb_r.o)
                0x000000000002fda0                __ascii_wctomb
                0x000000000002fe00                __utf8_wctomb
                0x000000000002ff60                __sjis_wctomb
                0x0000000000030040                __eucjp_wctomb
                0x0000000000030140                __jis_wctomb
                0x0000000000030260                _wctomb_r
 .text          0x00000000000302e0      0x280 /Users/ap/SDKs/nacl/pepper_31/toolchain/mac_x86_newlib/bin/../lib/gcc/x86_64-nacl/4.4.3/../../../../x86_64-nacl/lib/../lib32/libcrt_common.a(lib_a-wsetup.o)
                0x00000000000302e0                __swsetup_r
 .text          0x0000000000030560     0x2260 /Users/ap/SDKs/nacl/pepper_31/toolchain/mac_x86_newlib/bin/../lib/gcc/x86_64-nacl/4.4.3/../../../../x86_64-nacl/lib/../lib32/libcrt_common.a(lib_a-dtoa.o)
                0x0000000000030880                _dtoa_r
 .text          0x00000000000327c0      0x5c0 /Users/ap/SDKs/nacl/pepper_31/toolchain/mac_x86_newlib/bin/../lib/gcc/x86_64-nacl/4.4.3/../../../../x86_64-nacl/lib/../lib32/libcrt_common.a(lib_a-fflush.o)
                0x00000000000327c0                __sflush_r
                0x0000000000032bc0                _fflush_r
                0x0000000000032ce0                fflush
 .text          0x0000000000032d80      0x860 /Users/ap/SDKs/nacl/pepper_31/toolchain/mac_x86_newlib/bin/../lib/gcc/x86_64-nacl/4.4.3/../../../../x86_64-nacl/lib/../lib32/libcrt_common.a(lib_a-findfp.o)
                0x0000000000032d80                _cleanup_r
                0x0000000000032dc0                _cleanup
                0x0000000000032e40                __sinit_lock_release
                0x0000000000032e80                __sfp_lock_release
                0x0000000000032ec0                __fp_unlock_all
                0x0000000000032f60                __sinit_lock_acquire
                0x0000000000032fa0                __sfp_lock_acquire
                0x0000000000032fe0                __fp_lock_all
                0x0000000000033120                __sinit
                0x00000000000332c0                __sfmoreglue
                0x0000000000033360                __sfp
 .text          0x00000000000335e0      0x360 /Users/ap/SDKs/nacl/pepper_31/toolchain/mac_x86_newlib/bin/../lib/gcc/x86_64-nacl/4.4.3/../../../../x86_64-nacl/lib/../lib32/libcrt_common.a(lib_a-fwalk.o)
                0x00000000000335e0                _fwalk_reent
                0x0000000000033760                _fwalk
 .text          0x0000000000033940     0x1880 /Users/ap/SDKs/nacl/pepper_31/toolchain/mac_x86_newlib/bin/../lib/gcc/x86_64-nacl/4.4.3/../../../../x86_64-nacl/lib/../lib32/libcrt_common.a(lib_a-locale.o)
                0x0000000000033940                __locale_charset
                0x0000000000033960                __locale_mb_cur_max
                0x0000000000033980                __locale_msgcharset
                0x00000000000339a0                __locale_cjk_lang
                0x00000000000339c0                _localeconv_r
                0x00000000000339e0                localeconv
                0x0000000000034aa0                _setlocale_r
                0x0000000000035160                setlocale
 .text          0x00000000000351c0      0x260 /Users/ap/SDKs/nacl/pepper_31/toolchain/mac_x86_newlib/bin/../lib/gcc/x86_64-nacl/4.4.3/../../../../x86_64-nacl/lib/../lib32/libcrt_common.a(lib_a-makebuf.o)
                0x00000000000351c0                __smakebuf_r
 .text          0x0000000000035420      0xd20 /Users/ap/SDKs/nacl/pepper_31/toolchain/mac_x86_newlib/bin/../lib/gcc/x86_64-nacl/4.4.3/../../../../x86_64-nacl/lib/../lib32/libcrt_common.a(lib_a-mbtowc_r.o)
                0x0000000000035420                __ascii_mbtowc
                0x00000000000354a0                __utf8_mbtowc
                0x0000000000035a40                __sjis_mbtowc
                0x0000000000035bc0                __eucjp_mbtowc
                0x0000000000035e20                __jis_mbtowc
                0x00000000000360c0                _mbtowc_r
 .text          0x0000000000036140       0xa0 /Users/ap/SDKs/nacl/pepper_31/toolchain/mac_x86_newlib/bin/../lib/gcc/x86_64-nacl/4.4.3/../../../../x86_64-nacl/lib/../lib32/libcrt_common.a(lib_a-memchr.o)
                0x0000000000036140                memchr
 .text          0x00000000000361e0     0x1840 /Users/ap/SDKs/nacl/pepper_31/toolchain/mac_x86_newlib/bin/../lib/gcc/x86_64-nacl/4.4.3/../../../../x86_64-nacl/lib/../lib32/libcrt_common.a(lib_a-mprec.o)
                0x00000000000361e0                _Bfree
                0x0000000000036220                __hi0bits
                0x00000000000362e0                __lo0bits
                0x0000000000036460                __mcmp
                0x0000000000036500                __ulp
                0x00000000000365e0                __b2d
                0x0000000000036760                __ratio
                0x0000000000036800                _mprec_log10
                0x0000000000036860                __copybits
                0x0000000000036920                __any_on
                0x0000000000036a40                _Balloc
                0x0000000000036b60                __d2b
                0x0000000000036d40                __mdiff
                0x0000000000036fc0                __lshift
                0x0000000000037180                __multiply
                0x0000000000037480                __i2b
                0x00000000000374c0                __multadd
                0x0000000000037600                __pow5mult
                0x0000000000037840                __s2b
 .text          0x0000000000037a20      0x140 /Users/ap/SDKs/nacl/pepper_31/toolchain/mac_x86_newlib/bin/../lib/gcc/x86_64-nacl/4.4.3/../../../../x86_64-nacl/lib/../lib32/libcrt_common.a(lib_a-s_fpclassify.o)
                0x0000000000037a20                __fpclassifyd
 .text          0x0000000000037b60       0xe0 /Users/ap/SDKs/nacl/pepper_31/toolchain/mac_x86_newlib/bin/../lib/gcc/x86_64-nacl/4.4.3/../../../../x86_64-nacl/lib/../lib32/libcrt_common.a(lib_a-s_frexp.o)
                0x0000000000037b60                frexp
 .text          0x0000000000037c40      0x200 /Users/ap/SDKs/nacl/pepper_31/toolchain/mac_x86_newlib/bin/../lib/gcc/x86_64-nacl/4.4.3/../../../../x86_64-nacl/lib/../lib32/libcrt_common.a(lib_a-stdio.o)
                0x0000000000037c40                __seofread
                0x0000000000037c60                __sclose
                0x0000000000037c80                __sseek
                0x0000000000037d00                __swrite
                0x0000000000037dc0                __sread
 .text          0x0000000000037e40       0x80 /Users/ap/SDKs/nacl/pepper_31/toolchain/mac_x86_newlib/bin/../lib/gcc/x86_64-nacl/4.4.3/../../../../x86_64-nacl/lib/../lib32/libcrt_common.a(lib_a-strcasecmp.o)
                0x0000000000037e40                strcasecmp
 .text          0x0000000000037ec0       0xe0 /Users/ap/SDKs/nacl/pepper_31/toolchain/mac_x86_newlib/bin/../lib/gcc/x86_64-nacl/4.4.3/../../../../x86_64-nacl/lib/../lib32/libcrt_common.a(lib_a-strcat.o)
                0x0000000000037ec0                strcat
 .text          0x0000000000037fa0      0x120 /Users/ap/SDKs/nacl/pepper_31/toolchain/mac_x86_newlib/bin/../lib/gcc/x86_64-nacl/4.4.3/../../../../x86_64-nacl/lib/../lib32/libcrt_common.a(lib_a-strchr.o)
                0x0000000000037fa0                strchr
 .text          0x00000000000380c0      0x100 /Users/ap/SDKs/nacl/pepper_31/toolchain/mac_x86_newlib/bin/../lib/gcc/x86_64-nacl/4.4.3/../../../../x86_64-nacl/lib/../lib32/libcrt_common.a(lib_a-strcmp.o)
                0x00000000000380c0                strcmp
 .text          0x00000000000381c0       0xa0 /Users/ap/SDKs/nacl/pepper_31/toolchain/mac_x86_newlib/bin/../lib/gcc/x86_64-nacl/4.4.3/../../../../x86_64-nacl/lib/../lib32/libcrt_common.a(lib_a-strcpy.o)
                0x00000000000381c0                strcpy
 .text          0x0000000000038260       0xa0 /Users/ap/SDKs/nacl/pepper_31/toolchain/mac_x86_newlib/bin/../lib/gcc/x86_64-nacl/4.4.3/../../../../x86_64-nacl/lib/../lib32/libcrt_common.a(lib_a-strlcpy.o)
                0x0000000000038260                strlcpy
 .text          0x0000000000038300       0xa0 /Users/ap/SDKs/nacl/pepper_31/toolchain/mac_x86_newlib/bin/../lib/gcc/x86_64-nacl/4.4.3/../../../../x86_64-nacl/lib/../lib32/libcrt_common.a(lib_a-strncasecmp.o)
                0x0000000000038300                strncasecmp
 .text          0x00000000000383a0      0x140 /Users/ap/SDKs/nacl/pepper_31/toolchain/mac_x86_newlib/bin/../lib/gcc/x86_64-nacl/4.4.3/../../../../x86_64-nacl/lib/../lib32/libcrt_common.a(lib_a-strncpy.o)
                0x00000000000383a0                strncpy
 .text          0x00000000000384e0      0x380 /Users/ap/SDKs/nacl/pepper_31/toolchain/mac_x86_newlib/bin/../lib/gcc/x86_64-nacl/4.4.3/../../../../x86_64-nacl/lib/../lib32/libcrt_common.a(lib_a-strtol.o)
                0x00000000000384e0                _strtol_r
                0x0000000000038800                strtol
 .text          0x0000000000038860     0x26c0 /Users/ap/SDKs/nacl/pepper_31/toolchain/mac_x86_newlib/bin/../lib/gcc/x86_64-nacl/4.4.3/../../../../x86_64-nacl/lib/../lib32/libcrt_common.a(lib_a-vfiprintf.o)
                0x0000000000038860                __sprint_r
                0x0000000000038a00                _vfiprintf_r
                0x000000000003aec0                vfiprintf
 .text          0x000000000003af20      0x300 /Users/ap/SDKs/nacl/pepper_31/toolchain/mac_x86_newlib/bin/../lib/gcc/x86_64-nacl/4.4.3/../../../../x86_64-nacl/lib/../lib32/libcrt_common.a(lib_a-wcsnrtombs.o)
                0x000000000003af20                _wcsnrtombs_r
                0x000000000003b1a0                wcsnrtombs
 .text          0x000000000003b220       0xa0 /Users/ap/SDKs/nacl/pepper_31/toolchain/mac_x86_newlib/bin/../lib/gcc/x86_64-nacl/4.4.3/../../../../x86_64-nacl/lib/../lib32/libcrt_common.a(lib_a-writer.o)
                0x000000000003b220                _write_r
 .text          0x000000000003b2c0       0x80 /Users/ap/SDKs/nacl/pepper_31/toolchain/mac_x86_newlib/bin/../lib/gcc/x86_64-nacl/4.4.3/../../../../x86_64-nacl/lib/../lib32/libcrt_common.a(lib_a-closer.o)
                0x000000000003b2c0                _close_r
 .text          0x000000000003b340       0x20 /Users/ap/SDKs/nacl/pepper_31/toolchain/mac_x86_newlib/bin/../lib/gcc/x86_64-nacl/4.4.3/../../../../x86_64-nacl/lib/../lib32/libcrt_common.a(lib_a-ctype_.o)
                0x000000000003b340                __set_ctype
 .text          0x000000000003b360      0x300 /Users/ap/SDKs/nacl/pepper_31/toolchain/mac_x86_newlib/bin/../lib/gcc/x86_64-nacl/4.4.3/../../../../x86_64-nacl/lib/../lib32/libcrt_common.a(lib_a-fclose.o)
                0x000000000003b360                _fclose_r
                0x000000000003b600                fclose
 .text          0x000000000003b660      0x3e0 /Users/ap/SDKs/nacl/pepper_31/toolchain/mac_x86_newlib/bin/../lib/gcc/x86_64-nacl/4.4.3/../../../../x86_64-nacl/lib/../lib32/libcrt_common.a(lib_a-fputwc.o)
                0x000000000003b660                _fputwc_r
                0x000000000003b980                fputwc
 .text          0x000000000003ba40       0xa0 /Users/ap/SDKs/nacl/pepper_31/toolchain/mac_x86_newlib/bin/../lib/gcc/x86_64-nacl/4.4.3/../../../../x86_64-nacl/lib/../lib32/libcrt_common.a(lib_a-fstatr.o)
                0x000000000003ba40                _fstat_r
 .text          0x000000000003bae0      0x7c0 /Users/ap/SDKs/nacl/pepper_31/toolchain/mac_x86_newlib/bin/../lib/gcc/x86_64-nacl/4.4.3/../../../../x86_64-nacl/lib/../lib32/libcrt_common.a(lib_a-fvwrite.o)
                0x000000000003bae0                __sfvwrite_r
 .text          0x000000000003c2a0       0x80 /Users/ap/SDKs/nacl/pepper_31/toolchain/mac_x86_newlib/bin/../lib/gcc/x86_64-nacl/4.4.3/../../../../x86_64-nacl/lib/../lib32/libcrt_common.a(lib_a-isattyr.o)
                0x000000000003c2a0                _isatty_r
 .text          0x000000000003c320       0xa0 /Users/ap/SDKs/nacl/pepper_31/toolchain/mac_x86_newlib/bin/../lib/gcc/x86_64-nacl/4.4.3/../../../../x86_64-nacl/lib/../lib32/libcrt_common.a(lib_a-lseekr.o)
                0x000000000003c320                _lseek_r
 .text          0x000000000003c3c0       0xa0 /Users/ap/SDKs/nacl/pepper_31/toolchain/mac_x86_newlib/bin/../lib/gcc/x86_64-nacl/4.4.3/../../../../x86_64-nacl/lib/../lib32/libcrt_common.a(lib_a-memmove.o)
                0x000000000003c3c0                memmove
 .text          0x000000000003c460       0xa0 /Users/ap/SDKs/nacl/pepper_31/toolchain/mac_x86_newlib/bin/../lib/gcc/x86_64-nacl/4.4.3/../../../../x86_64-nacl/lib/../lib32/libcrt_common.a(lib_a-readr.o)
                0x000000000003c460                _read_r
 .text          0x000000000003c500      0x3c0 /Users/ap/SDKs/nacl/pepper_31/toolchain/mac_x86_newlib/bin/../lib/gcc/x86_64-nacl/4.4.3/../../../../x86_64-nacl/lib/../lib32/libcrt_common.a(lib_a-reent.o)
                0x000000000003c500                _wrapup_reent
                0x000000000003c640                cleanup_glue
                0x000000000003c6a0                _reclaim_reent
 .text          0x000000000003c8c0      0x2a0 /Users/ap/SDKs/nacl/pepper_31/toolchain/mac_x86_newlib/bin/../lib/gcc/x86_64-nacl/4.4.3/../../../../x86_64-nacl/lib/../lib32/libcrt_common.a(lib_a-wbuf.o)
                0x000000000003c8c0                __swbuf_r
                0x000000000003cb00                __swbuf
 .text          0x000000000003cb60       0x20 /Users/ap/SDKs/nacl/pepper_31/toolchain/mac_x86_newlib/bin/../lib/gcc/x86_64-nacl/4.4.3/../../../../x86_64-nacl/lib/../lib32/libcrt_common.a(lib_a-isatty.o)
                0x000000000003cb60                isatty
 .text          0x000000000003cb80       0xa0 /Users/ap/SDKs/nacl/pepper_31/toolchain/mac_x86_newlib/bin/../lib/gcc/x86_64-nacl/4.4.3/../../../../x86_64-nacl/lib/../lib32/libcrt_common.a(lib_a-_isatty.o)
                0x000000000003cb80                _isatty
 .text          0x000000000003cc20       0xa0 /Users/ap/SDKs/nacl/pepper_31/toolchain/mac_x86_newlib/bin/../lib/gcc/x86_64-nacl/4.4.3/../../../../x86_64-nacl/lib/../lib32/libnacl.a(close.o)
                0x000000000003cc20                close
 .text          0x000000000003ccc0       0xa0 /Users/ap/SDKs/nacl/pepper_31/toolchain/mac_x86_newlib/bin/../lib/gcc/x86_64-nacl/4.4.3/../../../../x86_64-nacl/lib/../lib32/libnacl.a(fstat.o)
                0x000000000003ccc0                fstat
 .text          0x000000000003cd60       0xc0 /Users/ap/SDKs/nacl/pepper_31/toolchain/mac_x86_newlib/bin/../lib/gcc/x86_64-nacl/4.4.3/../../../../x86_64-nacl/lib/../lib32/libnacl.a(lseek.o)
                0x000000000003cd60                lseek
 .text          0x000000000003ce20       0xc0 /Users/ap/SDKs/nacl/pepper_31/toolchain/mac_x86_newlib/bin/../lib/gcc/x86_64-nacl/4.4.3/../../../../x86_64-nacl/lib/../lib32/libnacl.a(read.o)
                0x000000000003ce20                read
 .text          0x000000000003cee0      0x1e0 /Users/ap/SDKs/nacl/pepper_31/toolchain/mac_x86_newlib/bin/../lib/gcc/x86_64-nacl/4.4.3/32/libgcc.a(_udivdi3.o)
                0x000000000003cee0                __udivdi3
 .text          0x000000000003d0c0      0x240 /Users/ap/SDKs/nacl/pepper_31/toolchain/mac_x86_newlib/bin/../lib/gcc/x86_64-nacl/4.4.3/32/libgcc.a(_umoddi3.o)
                0x000000000003d0c0                __umoddi3
 .text          0x000000000003d300       0x80 /Users/ap/SDKs/nacl/pepper_31/toolchain/mac_x86_newlib/bin/../lib/gcc/x86_64-nacl/4.4.3/32/crtend.o
 .text          0x000000000003d380        0x0 /Users/ap/SDKs/nacl/pepper_31/toolchain/mac_x86_newlib/bin/../lib/gcc/x86_64-nacl/4.4.3/../../../../x86_64-nacl/lib/../lib32/crtn.o
 *(.gnu.warning)

.fini           0x000000000003d380       0x60
 *(.fini)
 .fini          0x000000000003d380       0x20 /Users/ap/SDKs/nacl/pepper_31/toolchain/mac_x86_newlib/bin/../lib/gcc/x86_64-nacl/4.4.3/../../../../x86_64-nacl/lib/../lib32/crti.o
                0x000000000003d380                _fini
 .fini          0x000000000003d3a0       0x20 /Users/ap/SDKs/nacl/pepper_31/toolchain/mac_x86_newlib/bin/../lib/gcc/x86_64-nacl/4.4.3/32/crtbegin.o
 .fini          0x000000000003d3c0       0x20 /Users/ap/SDKs/nacl/pepper_31/toolchain/mac_x86_newlib/bin/../lib/gcc/x86_64-nacl/4.4.3/../../../../x86_64-nacl/lib/../lib32/crtn.o
                0x000000000003d3e0                PROVIDE (__etext, .)
                0x000000000003d3e0                PROVIDE (_etext, .)
                0x000000000003d3e0                PROVIDE (etext, .)
                0x000000000003d400                . = (. + 0x20)
                0x0000000010020000                . = DEFINED (__nacl_rodata_after_text)?.:0x10020000
                0x0000000010020000                . = ALIGN (0x10000)

.note.gnu.build-id
                0x0000000010020000       0x24
                0x0000000010020000                PROVIDE (__note_gnu_build_id_start, .)
 *(.note.gnu.build-id)
 .note.gnu.build-id
                0x0000000010020000       0x24 /Users/ap/SDKs/nacl/pepper_31/toolchain/mac_x86_newlib/bin/../lib/gcc/x86_64-nacl/4.4.3/../../../../x86_64-nacl/lib/../lib32/crti.o
                0x0000000010020024                PROVIDE (__note_gnu_build_id_end, .)

.rodata         0x0000000010020040      0xe40
 *(.rodata .rodata.* .gnu.linkonce.r.*)
 .rodata        0x0000000010020040        0xc /Users/ap/SDKs/nacl/pepper_31/toolchain/mac_x86_newlib/bin/../lib/gcc/x86_64-nacl/4.4.3/../../../../x86_64-nacl/lib/../lib32/libppapi_stub.a(ppapi_plugin_main.o)
 .rodata.str1.4
                0x000000001002004c       0x99 /Users/ap/SDKs/nacl/pepper_31/toolchain/mac_x86_newlib/bin/../lib/gcc/x86_64-nacl/4.4.3/../../../../x86_64-nacl/lib/../lib32/libppapi_stub.a(ppapi_plugin_start.o)
 .rodata.str1.1
                0x00000000100200e5       0x17 /Users/ap/SDKs/nacl/pepper_31/toolchain/mac_x86_newlib/bin/../lib/gcc/x86_64-nacl/4.4.3/../../../../x86_64-nacl/lib/../lib32/libppapi_stub.a(ppapi_plugin_start.o)
 .rodata        0x00000000100200fc        0x8 /Users/ap/SDKs/nacl/pepper_31/toolchain/mac_x86_newlib/bin/../lib/gcc/x86_64-nacl/4.4.3/../../../../x86_64-nacl/lib/../lib32/libppapi_stub.a(thread_creator.o)
 .rodata.str1.1
                0x0000000010020104        0xc /Users/ap/SDKs/nacl/pepper_31/toolchain/mac_x86_newlib/bin/../lib/gcc/x86_64-nacl/4.4.3/../../../../x86_64-nacl/lib/../lib32/libpthread.a(nc_thread.o)
 .rodata        0x0000000010020110        0x4 /Users/ap/SDKs/nacl/pepper_31/toolchain/mac_x86_newlib/bin/../lib/gcc/x86_64-nacl/4.4.3/../../../../x86_64-nacl/lib/../lib32/libpthread.a(nc_thread.o)
                0x0000000010020110                __nc_kMaxCachedMemoryBlocks
 .rodata.str1.1
                0x0000000010020114       0x14 /Users/ap/SDKs/nacl/pepper_31/toolchain/mac_x86_newlib/bin/../lib/gcc/x86_64-nacl/4.4.3/../../../../x86_64-nacl/lib/../lib32/libpthread.a(dynamic_annotations.o)
                                         0x16 (size before relaxing)
 .rodata.str1.1
                0x0000000010020128       0x27 /Users/ap/SDKs/nacl/pepper_31/toolchain/mac_x86_newlib/bin/../lib/gcc/x86_64-nacl/4.4.3/../../../../x86_64-nacl/lib/../lib32/libpthread.a(nc_init_irt.o)
 *fill*         0x000000001002014f        0x1 00
 .rodata        0x0000000010020150        0x4 /Users/ap/SDKs/nacl/pepper_31/toolchain/mac_x86_newlib/bin/../lib/gcc/x86_64-nacl/4.4.3/../../../../x86_64-nacl/lib/../lib32/libcrt_common.a(lib_a-impure.o)
                0x0000000010020150                _global_impure_ptr
 .rodata.str1.1
                0x0000000000000000       0x27 /Users/ap/SDKs/nacl/pepper_31/toolchain/mac_x86_newlib/bin/../lib/gcc/x86_64-nacl/4.4.3/../../../../x86_64-nacl/lib/../lib32/libcrt_common.a(lib_a-impure.o)
                                          0x2 (size before relaxing)
 .rodata.str1.1
                0x0000000010020154       0x4e /Users/ap/SDKs/nacl/pepper_31/toolchain/mac_x86_newlib/bin/../lib/gcc/x86_64-nacl/4.4.3/../../../../x86_64-nacl/lib/../lib32/libnacl.a(malloc.o)
 *fill*         0x00000000100201a2        0x2 00
 .rodata.str1.4
                0x00000000100201a4       0x58 /Users/ap/SDKs/nacl/pepper_31/toolchain/mac_x86_newlib/bin/../lib/gcc/x86_64-nacl/4.4.3/../../../../x86_64-nacl/lib/../lib32/libnacl.a(nacl_irt.o)
 .rodata.str1.1
                0x00000000100201fc       0x88 /Users/ap/SDKs/nacl/pepper_31/toolchain/mac_x86_newlib/bin/../lib/gcc/x86_64-nacl/4.4.3/../../../../x86_64-nacl/lib/../lib32/libnacl.a(nacl_irt.o)
 .rodata.str1.1
                0x0000000010020284       0x39 /Users/ap/SDKs/nacl/pepper_31/toolchain/mac_x86_newlib/bin/../lib/gcc/x86_64-nacl/4.4.3/../../../../x86_64-nacl/lib/../lib32/libcrt_common.a(lib_a-vfprintf.o)
                                         0x3b (size before relaxing)
 *fill*         0x00000000100202bd        0x3 00
 .rodata        0x00000000100202c0      0x18c /Users/ap/SDKs/nacl/pepper_31/toolchain/mac_x86_newlib/bin/../lib/gcc/x86_64-nacl/4.4.3/../../../../x86_64-nacl/lib/../lib32/libcrt_common.a(lib_a-vfprintf.o)
 .rodata.cst4   0x000000001002044c        0xc /Users/ap/SDKs/nacl/pepper_31/toolchain/mac_x86_newlib/bin/../lib/gcc/x86_64-nacl/4.4.3/../../../../x86_64-nacl/lib/../lib32/libcrt_common.a(lib_a-vfprintf.o)
 .rodata.str1.1
                0x0000000010020458        0xd /Users/ap/SDKs/nacl/pepper_31/toolchain/mac_x86_newlib/bin/../lib/gcc/x86_64-nacl/4.4.3/../../../../x86_64-nacl/lib/../lib32/libcrt_common.a(lib_a-dtoa.o)
                                          0xf (size before relaxing)
 *fill*         0x0000000010020465        0x3 00
 .rodata.cst4   0x0000000010020468       0x14 /Users/ap/SDKs/nacl/pepper_31/toolchain/mac_x86_newlib/bin/../lib/gcc/x86_64-nacl/4.4.3/../../../../x86_64-nacl/lib/../lib32/libcrt_common.a(lib_a-dtoa.o)
                                         0x18 (size before relaxing)
 *fill*         0x000000001002047c        0x4 00
 .rodata.cst8   0x0000000010020480       0x18 /Users/ap/SDKs/nacl/pepper_31/toolchain/mac_x86_newlib/bin/../lib/gcc/x86_64-nacl/4.4.3/../../../../x86_64-nacl/lib/../lib32/libcrt_common.a(lib_a-dtoa.o)
 .rodata.str1.1
                0x0000000010020498       0xea /Users/ap/SDKs/nacl/pepper_31/toolchain/mac_x86_newlib/bin/../lib/gcc/x86_64-nacl/4.4.3/../../../../x86_64-nacl/lib/../lib32/libcrt_common.a(lib_a-locale.o)
                                         0xf4 (size before relaxing)
 *fill*         0x0000000010020582        0x2 00
 .rodata        0x0000000010020584       0xf0 /Users/ap/SDKs/nacl/pepper_31/toolchain/mac_x86_newlib/bin/../lib/gcc/x86_64-nacl/4.4.3/../../../../x86_64-nacl/lib/../lib32/libcrt_common.a(lib_a-locale.o)
 *fill*         0x0000000010020674        0xc 00
 .rodata        0x0000000010020680      0x260 /Users/ap/SDKs/nacl/pepper_31/toolchain/mac_x86_newlib/bin/../lib/gcc/x86_64-nacl/4.4.3/../../../../x86_64-nacl/lib/../lib32/libcrt_common.a(lib_a-mbtowc_r.o)
 .rodata        0x00000000100208e0      0x154 /Users/ap/SDKs/nacl/pepper_31/toolchain/mac_x86_newlib/bin/../lib/gcc/x86_64-nacl/4.4.3/../../../../x86_64-nacl/lib/../lib32/libcrt_common.a(lib_a-mprec.o)
                0x00000000100208e0                __mprec_tens
                0x00000000100209c0                __mprec_bigtens
                0x0000000010020a00                __mprec_tinytens
 .rodata.cst4   0x0000000000000000        0x4 /Users/ap/SDKs/nacl/pepper_31/toolchain/mac_x86_newlib/bin/../lib/gcc/x86_64-nacl/4.4.3/../../../../x86_64-nacl/lib/../lib32/libcrt_common.a(lib_a-mprec.o)
 .rodata.cst4   0x0000000010020a34        0x4 /Users/ap/SDKs/nacl/pepper_31/toolchain/mac_x86_newlib/bin/../lib/gcc/x86_64-nacl/4.4.3/../../../../x86_64-nacl/lib/../lib32/libcrt_common.a(lib_a-s_frexp.o)
 .rodata.str1.1
                0x0000000000000000       0x29 /Users/ap/SDKs/nacl/pepper_31/toolchain/mac_x86_newlib/bin/../lib/gcc/x86_64-nacl/4.4.3/../../../../x86_64-nacl/lib/../lib32/libcrt_common.a(lib_a-vfiprintf.o)
 .rodata        0x0000000010020a38      0x18c /Users/ap/SDKs/nacl/pepper_31/toolchain/mac_x86_newlib/bin/../lib/gcc/x86_64-nacl/4.4.3/../../../../x86_64-nacl/lib/../lib32/libcrt_common.a(lib_a-vfiprintf.o)
 *fill*         0x0000000010020bc4       0x1c 00
 .rodata        0x0000000010020be0      0x2a0 /Users/ap/SDKs/nacl/pepper_31/toolchain/mac_x86_newlib/bin/../lib/gcc/x86_64-nacl/4.4.3/../../../../x86_64-nacl/lib/../lib32/libcrt_common.a(lib_a-ctype_.o)
                0x0000000010020be0                _ctype_

.rodata1
 *(.rodata1)

.nacl_rpc_methods
 *(.nacl_rpc_methods)

.eh_frame_hdr   0x0000000010020e80      0x554
 *(.eh_frame_hdr)
 .eh_frame_hdr  0x0000000010020e80      0x554 /Users/ap/SDKs/nacl/pepper_31/toolchain/mac_x86_newlib/bin/../lib/gcc/x86_64-nacl/4.4.3/../../../../x86_64-nacl/lib/../lib32/libppapi_stub.a(plugin_main_irt.o)

.eh_frame       0x00000000100213d4     0x1018
 *(.eh_frame)
 .eh_frame      0x00000000100213d4        0x0 /Users/ap/SDKs/nacl/pepper_31/toolchain/mac_x86_newlib/bin/../lib/gcc/x86_64-nacl/4.4.3/32/crtbegin.o
 .eh_frame      0x00000000100213d4       0x34 /Users/ap/SDKs/nacl/pepper_31/toolchain/mac_x86_newlib/bin/../lib/gcc/x86_64-nacl/4.4.3/../../../../x86_64-nacl/lib/../lib32/libppapi_stub.a(plugin_main_irt.o)
 .eh_frame      0x0000000010021408       0x14 /Users/ap/SDKs/nacl/pepper_31/toolchain/mac_x86_newlib/bin/../lib/gcc/x86_64-nacl/4.4.3/../../../../x86_64-nacl/lib/../lib32/libppapi_stub.a(ppapi_plugin_main.o)
                                         0x2c (size before relaxing)
 .eh_frame      0x000000001002141c       0x38 /Users/ap/SDKs/nacl/pepper_31/toolchain/mac_x86_newlib/bin/../lib/gcc/x86_64-nacl/4.4.3/../../../../x86_64-nacl/lib/../lib32/libppapi_stub.a(ppapi_plugin_start.o)
                                         0x50 (size before relaxing)
 .eh_frame      0x0000000010021454       0x3c /Users/ap/SDKs/nacl/pepper_31/toolchain/mac_x86_newlib/bin/../lib/gcc/x86_64-nacl/4.4.3/../../../../x86_64-nacl/lib/../lib32/libppapi_stub.a(thread_creator.o)
                                         0x54 (size before relaxing)
 .eh_frame      0x0000000010021490      0x398 /Users/ap/SDKs/nacl/pepper_31/toolchain/mac_x86_newlib/bin/../lib/gcc/x86_64-nacl/4.4.3/../../../../x86_64-nacl/lib/../lib32/libpthread.a(nc_thread.o)
                                        0x3b0 (size before relaxing)
 .eh_frame      0x0000000010021828       0x98 /Users/ap/SDKs/nacl/pepper_31/toolchain/mac_x86_newlib/bin/../lib/gcc/x86_64-nacl/4.4.3/../../../../x86_64-nacl/lib/../lib32/libpthread.a(nc_condvar.o)
                                         0xb0 (size before relaxing)
 .eh_frame      0x00000000100218c0      0x300 /Users/ap/SDKs/nacl/pepper_31/toolchain/mac_x86_newlib/bin/../lib/gcc/x86_64-nacl/4.4.3/../../../../x86_64-nacl/lib/../lib32/libpthread.a(dynamic_annotations.o)
                                        0x318 (size before relaxing)
 .eh_frame      0x0000000010021bc0      0x128 /Users/ap/SDKs/nacl/pepper_31/toolchain/mac_x86_newlib/bin/../lib/gcc/x86_64-nacl/4.4.3/../../../../x86_64-nacl/lib/../lib32/libpthread.a(nc_mutex.o)
                                        0x140 (size before relaxing)
 .eh_frame      0x0000000010021ce8       0x3c /Users/ap/SDKs/nacl/pepper_31/toolchain/mac_x86_newlib/bin/../lib/gcc/x86_64-nacl/4.4.3/../../../../x86_64-nacl/lib/../lib32/libpthread.a(nc_init_irt.o)
                                         0x54 (size before relaxing)
 .eh_frame      0x0000000010021d24       0x14 /Users/ap/SDKs/nacl/pepper_31/toolchain/mac_x86_newlib/bin/../lib/gcc/x86_64-nacl/4.4.3/../../../../x86_64-nacl/lib/../lib32/libnacl.a(_exit.o)
                                         0x2c (size before relaxing)
 .eh_frame      0x0000000010021d38       0x20 /Users/ap/SDKs/nacl/pepper_31/toolchain/mac_x86_newlib/bin/../lib/gcc/x86_64-nacl/4.4.3/../../../../x86_64-nacl/lib/../lib32/libnacl.a(start.o)
                                         0x38 (size before relaxing)
 .eh_frame      0x0000000010021d58      0x3b0 /Users/ap/SDKs/nacl/pepper_31/toolchain/mac_x86_newlib/bin/../lib/gcc/x86_64-nacl/4.4.3/../../../../x86_64-nacl/lib/../lib32/libnacl.a(malloc.o)
                                        0x3c8 (size before relaxing)
 .eh_frame      0x0000000010022108      0x108 /Users/ap/SDKs/nacl/pepper_31/toolchain/mac_x86_newlib/bin/../lib/gcc/x86_64-nacl/4.4.3/../../../../x86_64-nacl/lib/../lib32/libnacl.a(nacl_irt.o)
                                        0x120 (size before relaxing)
 .eh_frame      0x0000000010022210       0x1c /Users/ap/SDKs/nacl/pepper_31/toolchain/mac_x86_newlib/bin/../lib/gcc/x86_64-nacl/4.4.3/../../../../x86_64-nacl/lib/../lib32/libnacl.a(pthread_initialize_minimal.o)
                                         0x34 (size before relaxing)
 .eh_frame      0x000000001002222c       0x14 /Users/ap/SDKs/nacl/pepper_31/toolchain/mac_x86_newlib/bin/../lib/gcc/x86_64-nacl/4.4.3/../../../../x86_64-nacl/lib/../lib32/libnacl.a(nacl_read_tp.o)
                                         0x2c (size before relaxing)
 .eh_frame      0x0000000010022240       0x1c /Users/ap/SDKs/nacl/pepper_31/toolchain/mac_x86_newlib/bin/../lib/gcc/x86_64-nacl/4.4.3/../../../../x86_64-nacl/lib/../lib32/libnacl.a(mmap.o)
                                         0x34 (size before relaxing)
 .eh_frame      0x000000001002225c       0x1c /Users/ap/SDKs/nacl/pepper_31/toolchain/mac_x86_newlib/bin/../lib/gcc/x86_64-nacl/4.4.3/../../../../x86_64-nacl/lib/../lib32/libnacl.a(sched_yield.o)
                                         0x34 (size before relaxing)
 .eh_frame      0x0000000010022278       0x1c /Users/ap/SDKs/nacl/pepper_31/toolchain/mac_x86_newlib/bin/../lib/gcc/x86_64-nacl/4.4.3/../../../../x86_64-nacl/lib/../lib32/libnacl.a(munmap.o)
                                         0x34 (size before relaxing)
 .eh_frame      0x0000000010022294       0x58 /Users/ap/SDKs/nacl/pepper_31/toolchain/mac_x86_newlib/bin/../lib/gcc/x86_64-nacl/4.4.3/../../../../x86_64-nacl/lib/../lib32/libnacl.a(tls.o)
                                         0x70 (size before relaxing)
 .eh_frame      0x00000000100222ec       0x1c /Users/ap/SDKs/nacl/pepper_31/toolchain/mac_x86_newlib/bin/../lib/gcc/x86_64-nacl/4.4.3/../../../../x86_64-nacl/lib/../lib32/libnacl.a(write.o)
                                         0x34 (size before relaxing)
 .eh_frame      0x0000000010022308       0x1c /Users/ap/SDKs/nacl/pepper_31/toolchain/mac_x86_newlib/bin/../lib/gcc/x86_64-nacl/4.4.3/../../../../x86_64-nacl/lib/../lib32/libnacl.a(sysconf.o)
                                         0x34 (size before relaxing)
 .eh_frame      0x0000000010022324       0x14 /Users/ap/SDKs/nacl/pepper_31/toolchain/mac_x86_newlib/bin/../lib/gcc/x86_64-nacl/4.4.3/../../../../x86_64-nacl/lib/../lib32/libnacl.a(nacl_tls_init.o)
                                         0x2c (size before relaxing)
 .eh_frame      0x0000000010022338       0x1c /Users/ap/SDKs/nacl/pepper_31/toolchain/mac_x86_newlib/bin/../lib/gcc/x86_64-nacl/4.4.3/../../../../x86_64-nacl/lib/../lib32/libnacl.a(close.o)
                                         0x34 (size before relaxing)
 .eh_frame      0x0000000010022354       0x1c /Users/ap/SDKs/nacl/pepper_31/toolchain/mac_x86_newlib/bin/../lib/gcc/x86_64-nacl/4.4.3/../../../../x86_64-nacl/lib/../lib32/libnacl.a(fstat.o)
                                         0x34 (size before relaxing)
 .eh_frame      0x0000000010022370       0x1c /Users/ap/SDKs/nacl/pepper_31/toolchain/mac_x86_newlib/bin/../lib/gcc/x86_64-nacl/4.4.3/../../../../x86_64-nacl/lib/../lib32/libnacl.a(lseek.o)
                                         0x34 (size before relaxing)
 .eh_frame      0x000000001002238c       0x1c /Users/ap/SDKs/nacl/pepper_31/toolchain/mac_x86_newlib/bin/../lib/gcc/x86_64-nacl/4.4.3/../../../../x86_64-nacl/lib/../lib32/libnacl.a(read.o)
                                         0x34 (size before relaxing)
 .eh_frame      0x00000000100223a8       0x20 /Users/ap/SDKs/nacl/pepper_31/toolchain/mac_x86_newlib/bin/../lib/gcc/x86_64-nacl/4.4.3/32/libgcc.a(_udivdi3.o)
                                         0x38 (size before relaxing)
 .eh_frame      0x00000000100223c8       0x20 /Users/ap/SDKs/nacl/pepper_31/toolchain/mac_x86_newlib/bin/../lib/gcc/x86_64-nacl/4.4.3/32/libgcc.a(_umoddi3.o)
                                         0x38 (size before relaxing)
 .eh_frame      0x00000000100223e8        0x4 /Users/ap/SDKs/nacl/pepper_31/toolchain/mac_x86_newlib/bin/../lib/gcc/x86_64-nacl/4.4.3/32/crtend.o

.gcc_except_table
 *(.gcc_except_table .gcc_except_table.*)
                0x00000000100223ec                . = (ALIGN (0x10000) - ((0x10000 - .) & 0xffff))
                0x0000000010030000                . = (0x10000 DATA_SEGMENT_ALIGN 0x10000)

.eh_frame
 *(.eh_frame)

.gcc_except_table
 *(.gcc_except_table .gcc_except_table.*)

.tdata          0x0000000010030000      0x460
                0x0000000010030000                PROVIDE (__tls_template_start, .)
 *(.tdata .tdata.* .gnu.linkonce.td.*)
 .tdata         0x0000000010030000      0x460 /Users/ap/SDKs/nacl/pepper_31/toolchain/mac_x86_newlib/bin/../lib/gcc/x86_64-nacl/4.4.3/../../../../x86_64-nacl/lib/../lib32/libcrt_common.a(lib_a-impure.o)
                0x0000000010030000                _impure_ptr
                0x0000000010030460                . = ALIGN (0x20)
                0x0000000010030460                PROVIDE (__tls_template_tdata_end, .)

.tbss           0x0000000010030460       0x20
 *(.tbss .tbss.* .gnu.linkonce.tb.*)
 .tbss          0x0000000010030460        0x8 /Users/ap/SDKs/nacl/pepper_31/toolchain/mac_x86_newlib/bin/../lib/gcc/x86_64-nacl/4.4.3/../../../../x86_64-nacl/lib/../lib32/libpthread.a(nc_thread.o)
 *(.tcommon)
                0x0000000010030480                . = ALIGN (0x20)
 *fill*         0x0000000010030468       0x18 00
                0x00000000100304a0                PROVIDE (__tls_template_end, (. + SIZEOF (.tbss)))

.preinit_array  0x0000000010030460        0x0
                0x0000000010030460                PROVIDE (__preinit_array_start, .)
 *(.preinit_array)
                0x0000000010030460                PROVIDE (__preinit_array_end, .)

.init_array     0x0000000010030460        0x0
                0x0000000010030460                PROVIDE (__init_array_start, .)
 *(SORT(.init_array.*))
 *(.init_array)
                0x0000000010030460                PROVIDE (__init_array_end, .)

.fini_array     0x0000000010030460        0x0
                0x0000000010030460                PROVIDE (__fini_array_start, .)
 *(.fini_array)
 *(SORT(.fini_array.*))
                0x0000000010030460                PROVIDE (__fini_array_end, .)

.ctors          0x0000000010030460        0x8
 *crtbegin.o(.ctors)
 .ctors         0x0000000010030460        0x4 /Users/ap/SDKs/nacl/pepper_31/toolchain/mac_x86_newlib/bin/../lib/gcc/x86_64-nacl/4.4.3/32/crtbegin.o
 *crtbegin?.o(.ctors)
 *(EXCLUDE_FILE(*crtend?.o *crtend.o) .ctors)
 *(SORT(.ctors.*))
 *(.ctors)
 .ctors         0x0000000010030464        0x4 /Users/ap/SDKs/nacl/pepper_31/toolchain/mac_x86_newlib/bin/../lib/gcc/x86_64-nacl/4.4.3/32/crtend.o

.dtors          0x0000000010030468        0x8
 *crtbegin.o(.dtors)
 .dtors         0x0000000010030468        0x4 /Users/ap/SDKs/nacl/pepper_31/toolchain/mac_x86_newlib/bin/../lib/gcc/x86_64-nacl/4.4.3/32/crtbegin.o
 *crtbegin?.o(.dtors)
 *(EXCLUDE_FILE(*crtend?.o *crtend.o) .dtors)
 *(SORT(.dtors.*))
 *(.dtors)
 .dtors         0x000000001003046c        0x4 /Users/ap/SDKs/nacl/pepper_31/toolchain/mac_x86_newlib/bin/../lib/gcc/x86_64-nacl/4.4.3/32/crtend.o
                0x000000001003046c                __DTOR_END__

.jcr            0x0000000010030470        0x4
 *(.jcr)
 .jcr           0x0000000010030470        0x0 /Users/ap/SDKs/nacl/pepper_31/toolchain/mac_x86_newlib/bin/../lib/gcc/x86_64-nacl/4.4.3/32/crtbegin.o
 .jcr           0x0000000010030470        0x4 /Users/ap/SDKs/nacl/pepper_31/toolchain/mac_x86_newlib/bin/../lib/gcc/x86_64-nacl/4.4.3/32/crtend.o

.data.rel.ro
 *(.data.rel.ro.local* .gnu.linkonce.d.rel.ro.local.*)
 *(.data.rel.ro* .gnu.linkonce.d.rel.ro.*)

.dynamic
 *(.dynamic)

.got            0x0000000010030474        0x0
 *(.got)
 .got           0x0000000000000000        0x0 /Users/ap/SDKs/nacl/pepper_31/toolchain/mac_x86_newlib/bin/../lib/gcc/x86_64-nacl/4.4.3/32/crtbegin.o
 *(.igot)
                0x0000000010030474                . = (. DATA_SEGMENT_RELRO_END 0xc)
                0x0000000010040000                . = ALIGN (0x10000)

.got.plt        0x0000000010040000        0xc
 *(.got.plt)
 .got.plt       0x0000000010040000        0xc /Users/ap/SDKs/nacl/pepper_31/toolchain/mac_x86_newlib/bin/../lib/gcc/x86_64-nacl/4.4.3/32/crtbegin.o
                0x0000000010040000                _GLOBAL_OFFSET_TABLE_
 *(.igot.plt)
 .igot.plt      0x0000000000000000        0x0 /Users/ap/SDKs/nacl/pepper_31/toolchain/mac_x86_newlib/bin/../lib/gcc/x86_64-nacl/4.4.3/32/crtbegin.o

.data           0x0000000010040020      0x6a8
 *(.data .data.* .gnu.linkonce.d.*)
 .data          0x0000000010040020        0x0 /Users/ap/SDKs/nacl/pepper_31/toolchain/mac_x86_newlib/bin/../lib/gcc/x86_64-nacl/4.4.3/../../../../x86_64-nacl/lib/../lib32/crti.o
 .data          0x0000000010040020        0x4 /Users/ap/SDKs/nacl/pepper_31/toolchain/mac_x86_newlib/bin/../lib/gcc/x86_64-nacl/4.4.3/32/crtbegin.o
                0x0000000010040020                __dso_handle
 .data          0x0000000010040024        0x0 /Users/ap/SDKs/nacl/pepper_31/toolchain/mac_x86_newlib/bin/../lib/gcc/x86_64-nacl/4.4.3/../../../../x86_64-nacl/lib/../lib32/libppapi_stub.a(plugin_main_irt.o)
 .data          0x0000000010040024        0x0 /Users/ap/SDKs/nacl/pepper_31/toolchain/mac_x86_newlib/bin/../lib/gcc/x86_64-nacl/4.4.3/../../../../x86_64-nacl/lib/../lib32/libppapi_stub.a(ppapi_plugin_main.o)
 .data          0x0000000010040024        0x0 /Users/ap/SDKs/nacl/pepper_31/toolchain/mac_x86_newlib/bin/../lib/gcc/x86_64-nacl/4.4.3/../../../../x86_64-nacl/lib/../lib32/libppapi_stub.a(ppapi_plugin_start.o)
 .data          0x0000000010040024        0x0 /Users/ap/SDKs/nacl/pepper_31/toolchain/mac_x86_newlib/bin/../lib/gcc/x86_64-nacl/4.4.3/../../../../x86_64-nacl/lib/../lib32/libppapi_stub.a(thread_creator.o)
 .data          0x0000000010040024        0x4 /Users/ap/SDKs/nacl/pepper_31/toolchain/mac_x86_newlib/bin/../lib/gcc/x86_64-nacl/4.4.3/../../../../x86_64-nacl/lib/../lib32/libpthread.a(nc_thread.o)
                0x0000000010040024                __nc_running_threads_counter
 .data          0x0000000010040028        0x0 /Users/ap/SDKs/nacl/pepper_31/toolchain/mac_x86_newlib/bin/../lib/gcc/x86_64-nacl/4.4.3/../../../../x86_64-nacl/lib/../lib32/libpthread.a(nc_condvar.o)
 .data          0x0000000010040028        0x4 /Users/ap/SDKs/nacl/pepper_31/toolchain/mac_x86_newlib/bin/../lib/gcc/x86_64-nacl/4.4.3/../../../../x86_64-nacl/lib/../lib32/libpthread.a(dynamic_annotations.o)
 .data          0x000000001004002c        0x0 /Users/ap/SDKs/nacl/pepper_31/toolchain/mac_x86_newlib/bin/../lib/gcc/x86_64-nacl/4.4.3/../../../../x86_64-nacl/lib/../lib32/libpthread.a(nc_mutex.o)
 .data          0x000000001004002c        0x0 /Users/ap/SDKs/nacl/pepper_31/toolchain/mac_x86_newlib/bin/../lib/gcc/x86_64-nacl/4.4.3/../../../../x86_64-nacl/lib/../lib32/libpthread.a(nc_init_irt.o)
 .data          0x000000001004002c        0x4 /Users/ap/SDKs/nacl/pepper_31/toolchain/mac_x86_newlib/bin/../lib/gcc/x86_64-nacl/4.4.3/../../../../x86_64-nacl/lib/../lib32/libcrt_common.a(lib_a-environ.o)
                0x000000001004002c                environ
 .data          0x0000000010040030        0x0 /Users/ap/SDKs/nacl/pepper_31/toolchain/mac_x86_newlib/bin/../lib/gcc/x86_64-nacl/4.4.3/../../../../x86_64-nacl/lib/../lib32/libcrt_common.a(lib_a-exit.o)
 .data          0x0000000010040030        0x0 /Users/ap/SDKs/nacl/pepper_31/toolchain/mac_x86_newlib/bin/../lib/gcc/x86_64-nacl/4.4.3/../../../../x86_64-nacl/lib/../lib32/libcrt_common.a(lib_a-getenv.o)
 .data          0x0000000010040030        0x0 /Users/ap/SDKs/nacl/pepper_31/toolchain/mac_x86_newlib/bin/../lib/gcc/x86_64-nacl/4.4.3/../../../../x86_64-nacl/lib/../lib32/libcrt_common.a(lib_a-getenv_r.o)
 *fill*         0x0000000010040030       0x10 00
 .data          0x0000000010040040      0x458 /Users/ap/SDKs/nacl/pepper_31/toolchain/mac_x86_newlib/bin/../lib/gcc/x86_64-nacl/4.4.3/../../../../x86_64-nacl/lib/../lib32/libcrt_common.a(lib_a-impure.o)
 .data          0x0000000010040498        0x0 /Users/ap/SDKs/nacl/pepper_31/toolchain/mac_x86_newlib/bin/../lib/gcc/x86_64-nacl/4.4.3/../../../../x86_64-nacl/lib/../lib32/libcrt_common.a(lib_a-strlen.o)
 .data          0x0000000010040498        0x0 /Users/ap/SDKs/nacl/pepper_31/toolchain/mac_x86_newlib/bin/../lib/gcc/x86_64-nacl/4.4.3/../../../../x86_64-nacl/lib/../lib32/libcrt_common.a(lib_a-strncmp.o)
 .data          0x0000000010040498        0x0 /Users/ap/SDKs/nacl/pepper_31/toolchain/mac_x86_newlib/bin/../lib/gcc/x86_64-nacl/4.4.3/../../../../x86_64-nacl/lib/../lib32/libcrt_common.a(lib_a-__call_atexit.o)
 .data          0x0000000010040498       0x14 /Users/ap/SDKs/nacl/pepper_31/toolchain/mac_x86_newlib/bin/../lib/gcc/x86_64-nacl/4.4.3/../../../../x86_64-nacl/lib/../lib32/libcrt_common.a(lib_a-envlock.o)
 .data          0x00000000100404ac       0x14 /Users/ap/SDKs/nacl/pepper_31/toolchain/mac_x86_newlib/bin/../lib/gcc/x86_64-nacl/4.4.3/../../../../x86_64-nacl/lib/../lib32/libcrt_common.a(lib_a-__atexit.o)
                0x00000000100404ac                __atexit_lock
 .data          0x00000000100404c0        0x0 /Users/ap/SDKs/nacl/pepper_31/toolchain/mac_x86_newlib/bin/../lib/gcc/x86_64-nacl/4.4.3/../../../../x86_64-nacl/lib/../lib32/libnacl.a(_exit.o)
 .data          0x00000000100404c0        0x0 /Users/ap/SDKs/nacl/pepper_31/toolchain/mac_x86_newlib/bin/../lib/gcc/x86_64-nacl/4.4.3/../../../../x86_64-nacl/lib/../lib32/libnacl.a(start.o)
 .data          0x00000000100404c0        0x0 /Users/ap/SDKs/nacl/pepper_31/toolchain/mac_x86_newlib/bin/../lib/gcc/x86_64-nacl/4.4.3/../../../../x86_64-nacl/lib/../lib32/libnacl.a(malloc.o)
 .data          0x00000000100404c0       0x20 /Users/ap/SDKs/nacl/pepper_31/toolchain/mac_x86_newlib/bin/../lib/gcc/x86_64-nacl/4.4.3/../../../../x86_64-nacl/lib/../lib32/libnacl.a(nacl_irt.o)
                0x00000000100404c0                __libnacl_irt_fdio
 .data          0x00000000100404e0        0x0 /Users/ap/SDKs/nacl/pepper_31/toolchain/mac_x86_newlib/bin/../lib/gcc/x86_64-nacl/4.4.3/../../../../x86_64-nacl/lib/../lib32/libnacl.a(pthread_initialize_minimal.o)
 .data          0x00000000100404e0        0x0 /Users/ap/SDKs/nacl/pepper_31/toolchain/mac_x86_newlib/bin/../lib/gcc/x86_64-nacl/4.4.3/../../../../x86_64-nacl/lib/../lib32/libnacl.a(nacl_read_tp.o)
 .data          0x00000000100404e0        0x0 /Users/ap/SDKs/nacl/pepper_31/toolchain/mac_x86_newlib/bin/../lib/gcc/x86_64-nacl/4.4.3/../../../../x86_64-nacl/lib/../lib32/libnacl.a(mmap.o)
 .data          0x00000000100404e0        0x0 /Users/ap/SDKs/nacl/pepper_31/toolchain/mac_x86_newlib/bin/../lib/gcc/x86_64-nacl/4.4.3/../../../../x86_64-nacl/lib/../lib32/libnacl.a(sched_yield.o)
 .data          0x00000000100404e0        0x0 /Users/ap/SDKs/nacl/pepper_31/toolchain/mac_x86_newlib/bin/../lib/gcc/x86_64-nacl/4.4.3/../../../../x86_64-nacl/lib/../lib32/libnacl.a(munmap.o)
 .data          0x00000000100404e0        0x0 /Users/ap/SDKs/nacl/pepper_31/toolchain/mac_x86_newlib/bin/../lib/gcc/x86_64-nacl/4.4.3/../../../../x86_64-nacl/lib/../lib32/libnacl.a(tls.o)
 .data          0x00000000100404e0        0x0 /Users/ap/SDKs/nacl/pepper_31/toolchain/mac_x86_newlib/bin/../lib/gcc/x86_64-nacl/4.4.3/../../../../x86_64-nacl/lib/../lib32/libnacl.a(write.o)
 .data          0x00000000100404e0        0x0 /Users/ap/SDKs/nacl/pepper_31/toolchain/mac_x86_newlib/bin/../lib/gcc/x86_64-nacl/4.4.3/../../../../x86_64-nacl/lib/../lib32/libnacl.a(sysconf.o)
 .data          0x00000000100404e0        0x0 /Users/ap/SDKs/nacl/pepper_31/toolchain/mac_x86_newlib/bin/../lib/gcc/x86_64-nacl/4.4.3/../../../../x86_64-nacl/lib/../lib32/libnacl.a(nacl_tls_init.o)
 .data          0x00000000100404e0        0x0 /Users/ap/SDKs/nacl/pepper_31/toolchain/mac_x86_newlib/bin/../lib/gcc/x86_64-nacl/4.4.3/../../../../x86_64-nacl/lib/../lib32/libcrt_common.a(lib_a-abort.o)
 .data          0x00000000100404e0        0x0 /Users/ap/SDKs/nacl/pepper_31/toolchain/mac_x86_newlib/bin/../lib/gcc/x86_64-nacl/4.4.3/../../../../x86_64-nacl/lib/../lib32/libcrt_common.a(lib_a-atexit.o)
 .data          0x00000000100404e0        0x0 /Users/ap/SDKs/nacl/pepper_31/toolchain/mac_x86_newlib/bin/../lib/gcc/x86_64-nacl/4.4.3/../../../../x86_64-nacl/lib/../lib32/libcrt_common.a(lib_a-errno.o)
 .data          0x00000000100404e0        0x0 /Users/ap/SDKs/nacl/pepper_31/toolchain/mac_x86_newlib/bin/../lib/gcc/x86_64-nacl/4.4.3/../../../../x86_64-nacl/lib/../lib32/libcrt_common.a(lib_a-fini.o)
 .data          0x00000000100404e0        0x0 /Users/ap/SDKs/nacl/pepper_31/toolchain/mac_x86_newlib/bin/../lib/gcc/x86_64-nacl/4.4.3/../../../../x86_64-nacl/lib/../lib32/libcrt_common.a(lib_a-fprintf.o)
 .data          0x00000000100404e0        0x0 /Users/ap/SDKs/nacl/pepper_31/toolchain/mac_x86_newlib/bin/../lib/gcc/x86_64-nacl/4.4.3/../../../../x86_64-nacl/lib/../lib32/libcrt_common.a(lib_a-init.o)
 .data          0x00000000100404e0        0x0 /Users/ap/SDKs/nacl/pepper_31/toolchain/mac_x86_newlib/bin/../lib/gcc/x86_64-nacl/4.4.3/../../../../x86_64-nacl/lib/../lib32/libcrt_common.a(lib_a-memcpy.o)
 .data          0x00000000100404e0        0x0 /Users/ap/SDKs/nacl/pepper_31/toolchain/mac_x86_newlib/bin/../lib/gcc/x86_64-nacl/4.4.3/../../../../x86_64-nacl/lib/../lib32/libcrt_common.a(lib_a-memset.o)
 .data          0x00000000100404e0        0x0 /Users/ap/SDKs/nacl/pepper_31/toolchain/mac_x86_newlib/bin/../lib/gcc/x86_64-nacl/4.4.3/../../../../x86_64-nacl/lib/../lib32/libcrt_common.a(lib_a-vfprintf.o)
 .data          0x00000000100404e0        0x0 /Users/ap/SDKs/nacl/pepper_31/toolchain/mac_x86_newlib/bin/../lib/gcc/x86_64-nacl/4.4.3/../../../../x86_64-nacl/lib/../lib32/libcrt_common.a(lib_a-wcrtomb.o)
 .data          0x00000000100404e0        0x0 /Users/ap/SDKs/nacl/pepper_31/toolchain/mac_x86_newlib/bin/../lib/gcc/x86_64-nacl/4.4.3/../../../../x86_64-nacl/lib/../lib32/libcrt_common.a(lib_a-wcsrtombs.o)
 .data          0x00000000100404e0        0x4 /Users/ap/SDKs/nacl/pepper_31/toolchain/mac_x86_newlib/bin/../lib/gcc/x86_64-nacl/4.4.3/../../../../x86_64-nacl/lib/../lib32/libcrt_common.a(lib_a-wctomb_r.o)
                0x00000000100404e0                __wctomb
 .data          0x00000000100404e4        0x0 /Users/ap/SDKs/nacl/pepper_31/toolchain/mac_x86_newlib/bin/../lib/gcc/x86_64-nacl/4.4.3/../../../../x86_64-nacl/lib/../lib32/libcrt_common.a(lib_a-wsetup.o)
 .data          0x00000000100404e4        0x0 /Users/ap/SDKs/nacl/pepper_31/toolchain/mac_x86_newlib/bin/../lib/gcc/x86_64-nacl/4.4.3/../../../../x86_64-nacl/lib/../lib32/libcrt_common.a(lib_a-dtoa.o)
 .data          0x00000000100404e4        0x0 /Users/ap/SDKs/nacl/pepper_31/toolchain/mac_x86_newlib/bin/../lib/gcc/x86_64-nacl/4.4.3/../../../../x86_64-nacl/lib/../lib32/libcrt_common.a(lib_a-fflush.o)
 .data          0x00000000100404e4       0x28 /Users/ap/SDKs/nacl/pepper_31/toolchain/mac_x86_newlib/bin/../lib/gcc/x86_64-nacl/4.4.3/../../../../x86_64-nacl/lib/../lib32/libcrt_common.a(lib_a-findfp.o)
 .data          0x000000001004050c        0x0 /Users/ap/SDKs/nacl/pepper_31/toolchain/mac_x86_newlib/bin/../lib/gcc/x86_64-nacl/4.4.3/../../../../x86_64-nacl/lib/../lib32/libcrt_common.a(lib_a-fwalk.o)
 *fill*         0x000000001004050c       0x14 00
 .data          0x0000000010040520      0x1a0 /Users/ap/SDKs/nacl/pepper_31/toolchain/mac_x86_newlib/bin/../lib/gcc/x86_64-nacl/4.4.3/../../../../x86_64-nacl/lib/../lib32/libcrt_common.a(lib_a-locale.o)
                0x0000000010040520                __mb_cur_max
                0x0000000010040540                __default_locale
 .data          0x00000000100406c0        0x0 /Users/ap/SDKs/nacl/pepper_31/toolchain/mac_x86_newlib/bin/../lib/gcc/x86_64-nacl/4.4.3/../../../../x86_64-nacl/lib/../lib32/libcrt_common.a(lib_a-makebuf.o)
 .data          0x00000000100406c0        0x4 /Users/ap/SDKs/nacl/pepper_31/toolchain/mac_x86_newlib/bin/../lib/gcc/x86_64-nacl/4.4.3/../../../../x86_64-nacl/lib/../lib32/libcrt_common.a(lib_a-mbtowc_r.o)
                0x00000000100406c0                __mbtowc
 .data          0x00000000100406c4        0x0 /Users/ap/SDKs/nacl/pepper_31/toolchain/mac_x86_newlib/bin/../lib/gcc/x86_64-nacl/4.4.3/../../../../x86_64-nacl/lib/../lib32/libcrt_common.a(lib_a-memchr.o)
 .data          0x00000000100406c4        0x0 /Users/ap/SDKs/nacl/pepper_31/toolchain/mac_x86_newlib/bin/../lib/gcc/x86_64-nacl/4.4.3/../../../../x86_64-nacl/lib/../lib32/libcrt_common.a(lib_a-mprec.o)
 .data          0x00000000100406c4        0x0 /Users/ap/SDKs/nacl/pepper_31/toolchain/mac_x86_newlib/bin/../lib/gcc/x86_64-nacl/4.4.3/../../../../x86_64-nacl/lib/../lib32/libcrt_common.a(lib_a-s_fpclassify.o)
 .data          0x00000000100406c4        0x0 /Users/ap/SDKs/nacl/pepper_31/toolchain/mac_x86_newlib/bin/../lib/gcc/x86_64-nacl/4.4.3/../../../../x86_64-nacl/lib/../lib32/libcrt_common.a(lib_a-s_frexp.o)
 .data          0x00000000100406c4        0x0 /Users/ap/SDKs/nacl/pepper_31/toolchain/mac_x86_newlib/bin/../lib/gcc/x86_64-nacl/4.4.3/../../../../x86_64-nacl/lib/../lib32/libcrt_common.a(lib_a-stdio.o)
 .data          0x00000000100406c4        0x0 /Users/ap/SDKs/nacl/pepper_31/toolchain/mac_x86_newlib/bin/../lib/gcc/x86_64-nacl/4.4.3/../../../../x86_64-nacl/lib/../lib32/libcrt_common.a(lib_a-strcasecmp.o)
 .data          0x00000000100406c4        0x0 /Users/ap/SDKs/nacl/pepper_31/toolchain/mac_x86_newlib/bin/../lib/gcc/x86_64-nacl/4.4.3/../../../../x86_64-nacl/lib/../lib32/libcrt_common.a(lib_a-strcat.o)
 .data          0x00000000100406c4        0x0 /Users/ap/SDKs/nacl/pepper_31/toolchain/mac_x86_newlib/bin/../lib/gcc/x86_64-nacl/4.4.3/../../../../x86_64-nacl/lib/../lib32/libcrt_common.a(lib_a-strchr.o)
 .data          0x00000000100406c4        0x0 /Users/ap/SDKs/nacl/pepper_31/toolchain/mac_x86_newlib/bin/../lib/gcc/x86_64-nacl/4.4.3/../../../../x86_64-nacl/lib/../lib32/libcrt_common.a(lib_a-strcmp.o)
 .data          0x00000000100406c4        0x0 /Users/ap/SDKs/nacl/pepper_31/toolchain/mac_x86_newlib/bin/../lib/gcc/x86_64-nacl/4.4.3/../../../../x86_64-nacl/lib/../lib32/libcrt_common.a(lib_a-strcpy.o)
 .data          0x00000000100406c4        0x0 /Users/ap/SDKs/nacl/pepper_31/toolchain/mac_x86_newlib/bin/../lib/gcc/x86_64-nacl/4.4.3/../../../../x86_64-nacl/lib/../lib32/libcrt_common.a(lib_a-strlcpy.o)
 .data          0x00000000100406c4        0x0 /Users/ap/SDKs/nacl/pepper_31/toolchain/mac_x86_newlib/bin/../lib/gcc/x86_64-nacl/4.4.3/../../../../x86_64-nacl/lib/../lib32/libcrt_common.a(lib_a-strncasecmp.o)
 .data          0x00000000100406c4        0x0 /Users/ap/SDKs/nacl/pepper_31/toolchain/mac_x86_newlib/bin/../lib/gcc/x86_64-nacl/4.4.3/../../../../x86_64-nacl/lib/../lib32/libcrt_common.a(lib_a-strncpy.o)
 .data          0x00000000100406c4        0x0 /Users/ap/SDKs/nacl/pepper_31/toolchain/mac_x86_newlib/bin/../lib/gcc/x86_64-nacl/4.4.3/../../../../x86_64-nacl/lib/../lib32/libcrt_common.a(lib_a-strtol.o)
 .data          0x00000000100406c4        0x0 /Users/ap/SDKs/nacl/pepper_31/toolchain/mac_x86_newlib/bin/../lib/gcc/x86_64-nacl/4.4.3/../../../../x86_64-nacl/lib/../lib32/libcrt_common.a(lib_a-vfiprintf.o)
 .data          0x00000000100406c4        0x0 /Users/ap/SDKs/nacl/pepper_31/toolchain/mac_x86_newlib/bin/../lib/gcc/x86_64-nacl/4.4.3/../../../../x86_64-nacl/lib/../lib32/libcrt_common.a(lib_a-wcsnrtombs.o)
 .data          0x00000000100406c4        0x0 /Users/ap/SDKs/nacl/pepper_31/toolchain/mac_x86_newlib/bin/../lib/gcc/x86_64-nacl/4.4.3/../../../../x86_64-nacl/lib/../lib32/libcrt_common.a(lib_a-writer.o)
 .data          0x00000000100406c4        0x0 /Users/ap/SDKs/nacl/pepper_31/toolchain/mac_x86_newlib/bin/../lib/gcc/x86_64-nacl/4.4.3/../../../../x86_64-nacl/lib/../lib32/libcrt_common.a(lib_a-closer.o)
 .data          0x00000000100406c4        0x4 /Users/ap/SDKs/nacl/pepper_31/toolchain/mac_x86_newlib/bin/../lib/gcc/x86_64-nacl/4.4.3/../../../../x86_64-nacl/lib/../lib32/libcrt_common.a(lib_a-ctype_.o)
                0x00000000100406c4                __ctype_ptr__
 .data          0x00000000100406c8        0x0 /Users/ap/SDKs/nacl/pepper_31/toolchain/mac_x86_newlib/bin/../lib/gcc/x86_64-nacl/4.4.3/../../../../x86_64-nacl/lib/../lib32/libcrt_common.a(lib_a-fclose.o)
 .data          0x00000000100406c8        0x0 /Users/ap/SDKs/nacl/pepper_31/toolchain/mac_x86_newlib/bin/../lib/gcc/x86_64-nacl/4.4.3/../../../../x86_64-nacl/lib/../lib32/libcrt_common.a(lib_a-fputwc.o)
 .data          0x00000000100406c8        0x0 /Users/ap/SDKs/nacl/pepper_31/toolchain/mac_x86_newlib/bin/../lib/gcc/x86_64-nacl/4.4.3/../../../../x86_64-nacl/lib/../lib32/libcrt_common.a(lib_a-fstatr.o)
 .data          0x00000000100406c8        0x0 /Users/ap/SDKs/nacl/pepper_31/toolchain/mac_x86_newlib/bin/../lib/gcc/x86_64-nacl/4.4.3/../../../../x86_64-nacl/lib/../lib32/libcrt_common.a(lib_a-fvwrite.o)
 .data          0x00000000100406c8        0x0 /Users/ap/SDKs/nacl/pepper_31/toolchain/mac_x86_newlib/bin/../lib/gcc/x86_64-nacl/4.4.3/../../../../x86_64-nacl/lib/../lib32/libcrt_common.a(lib_a-isattyr.o)
 .data          0x00000000100406c8        0x0 /Users/ap/SDKs/nacl/pepper_31/toolchain/mac_x86_newlib/bin/../lib/gcc/x86_64-nacl/4.4.3/../../../../x86_64-nacl/lib/../lib32/libcrt_common.a(lib_a-lseekr.o)
 .data          0x00000000100406c8        0x0 /Users/ap/SDKs/nacl/pepper_31/toolchain/mac_x86_newlib/bin/../lib/gcc/x86_64-nacl/4.4.3/../../../../x86_64-nacl/lib/../lib32/libcrt_common.a(lib_a-memmove.o)
 .data          0x00000000100406c8        0x0 /Users/ap/SDKs/nacl/pepper_31/toolchain/mac_x86_newlib/bin/../lib/gcc/x86_64-nacl/4.4.3/../../../../x86_64-nacl/lib/../lib32/libcrt_common.a(lib_a-readr.o)
 .data          0x00000000100406c8        0x0 /Users/ap/SDKs/nacl/pepper_31/toolchain/mac_x86_newlib/bin/../lib/gcc/x86_64-nacl/4.4.3/../../../../x86_64-nacl/lib/../lib32/libcrt_common.a(lib_a-reent.o)
 .data          0x00000000100406c8        0x0 /Users/ap/SDKs/nacl/pepper_31/toolchain/mac_x86_newlib/bin/../lib/gcc/x86_64-nacl/4.4.3/../../../../x86_64-nacl/lib/../lib32/libcrt_common.a(lib_a-wbuf.o)
 .data          0x00000000100406c8        0x0 /Users/ap/SDKs/nacl/pepper_31/toolchain/mac_x86_newlib/bin/../lib/gcc/x86_64-nacl/4.4.3/../../../../x86_64-nacl/lib/../lib32/libcrt_common.a(lib_a-isatty.o)
 .data          0x00000000100406c8        0x0 /Users/ap/SDKs/nacl/pepper_31/toolchain/mac_x86_newlib/bin/../lib/gcc/x86_64-nacl/4.4.3/../../../../x86_64-nacl/lib/../lib32/libcrt_common.a(lib_a-_isatty.o)
 .data          0x00000000100406c8        0x0 /Users/ap/SDKs/nacl/pepper_31/toolchain/mac_x86_newlib/bin/../lib/gcc/x86_64-nacl/4.4.3/../../../../x86_64-nacl/lib/../lib32/libnacl.a(close.o)
 .data          0x00000000100406c8        0x0 /Users/ap/SDKs/nacl/pepper_31/toolchain/mac_x86_newlib/bin/../lib/gcc/x86_64-nacl/4.4.3/../../../../x86_64-nacl/lib/../lib32/libnacl.a(fstat.o)
 .data          0x00000000100406c8        0x0 /Users/ap/SDKs/nacl/pepper_31/toolchain/mac_x86_newlib/bin/../lib/gcc/x86_64-nacl/4.4.3/../../../../x86_64-nacl/lib/../lib32/libnacl.a(lseek.o)
 .data          0x00000000100406c8        0x0 /Users/ap/SDKs/nacl/pepper_31/toolchain/mac_x86_newlib/bin/../lib/gcc/x86_64-nacl/4.4.3/../../../../x86_64-nacl/lib/../lib32/libnacl.a(read.o)
 .data          0x00000000100406c8        0x0 /Users/ap/SDKs/nacl/pepper_31/toolchain/mac_x86_newlib/bin/../lib/gcc/x86_64-nacl/4.4.3/32/libgcc.a(_udivdi3.o)
 .data          0x00000000100406c8        0x0 /Users/ap/SDKs/nacl/pepper_31/toolchain/mac_x86_newlib/bin/../lib/gcc/x86_64-nacl/4.4.3/32/libgcc.a(_umoddi3.o)
 .data          0x00000000100406c8        0x0 /Users/ap/SDKs/nacl/pepper_31/toolchain/mac_x86_newlib/bin/../lib/gcc/x86_64-nacl/4.4.3/32/crtend.o
 .data          0x00000000100406c8        0x0 /Users/ap/SDKs/nacl/pepper_31/toolchain/mac_x86_newlib/bin/../lib/gcc/x86_64-nacl/4.4.3/../../../../x86_64-nacl/lib/../lib32/crtn.o

.data1
 *(.data1)
                0x00000000100406c8                _edata = .
                0x00000000100406c8                PROVIDE (edata, .)
                0x00000000100406c8                __bss_start = .

.bss            0x00000000100406e0     0x15e4
 *(.dynbss)
 *(.bss .bss.* .gnu.linkonce.b.*)
 .bss           0x00000000100406e0        0x0 /Users/ap/SDKs/nacl/pepper_31/toolchain/mac_x86_newlib/bin/../lib/gcc/x86_64-nacl/4.4.3/../../../../x86_64-nacl/lib/../lib32/crti.o
 .bss           0x00000000100406e0       0x20 /Users/ap/SDKs/nacl/pepper_31/toolchain/mac_x86_newlib/bin/../lib/gcc/x86_64-nacl/4.4.3/32/crtbegin.o
 .bss           0x0000000010040700        0x0 /Users/ap/SDKs/nacl/pepper_31/toolchain/mac_x86_newlib/bin/../lib/gcc/x86_64-nacl/4.4.3/../../../../x86_64-nacl/lib/../lib32/libppapi_stub.a(plugin_main_irt.o)
 .bss           0x0000000010040700        0x0 /Users/ap/SDKs/nacl/pepper_31/toolchain/mac_x86_newlib/bin/../lib/gcc/x86_64-nacl/4.4.3/../../../../x86_64-nacl/lib/../lib32/libppapi_stub.a(ppapi_plugin_main.o)
 .bss           0x0000000010040700        0x0 /Users/ap/SDKs/nacl/pepper_31/toolchain/mac_x86_newlib/bin/../lib/gcc/x86_64-nacl/4.4.3/../../../../x86_64-nacl/lib/../lib32/libppapi_stub.a(ppapi_plugin_start.o)
 .bss           0x0000000010040700        0x0 /Users/ap/SDKs/nacl/pepper_31/toolchain/mac_x86_newlib/bin/../lib/gcc/x86_64-nacl/4.4.3/../../../../x86_64-nacl/lib/../lib32/libppapi_stub.a(thread_creator.o)
 .bss           0x0000000010040700     0x1020 /Users/ap/SDKs/nacl/pepper_31/toolchain/mac_x86_newlib/bin/../lib/gcc/x86_64-nacl/4.4.3/../../../../x86_64-nacl/lib/../lib32/libpthread.a(nc_thread.o)
 .bss           0x0000000010041720        0x0 /Users/ap/SDKs/nacl/pepper_31/toolchain/mac_x86_newlib/bin/../lib/gcc/x86_64-nacl/4.4.3/../../../../x86_64-nacl/lib/../lib32/libpthread.a(nc_condvar.o)
 .bss           0x0000000010041720        0x0 /Users/ap/SDKs/nacl/pepper_31/toolchain/mac_x86_newlib/bin/../lib/gcc/x86_64-nacl/4.4.3/../../../../x86_64-nacl/lib/../lib32/libpthread.a(dynamic_annotations.o)
 .bss           0x0000000010041720        0x0 /Users/ap/SDKs/nacl/pepper_31/toolchain/mac_x86_newlib/bin/../lib/gcc/x86_64-nacl/4.4.3/../../../../x86_64-nacl/lib/../lib32/libpthread.a(nc_mutex.o)
 .bss           0x0000000010041720        0x0 /Users/ap/SDKs/nacl/pepper_31/toolchain/mac_x86_newlib/bin/../lib/gcc/x86_64-nacl/4.4.3/../../../../x86_64-nacl/lib/../lib32/libpthread.a(nc_init_irt.o)
 .bss           0x0000000010041720        0x4 /Users/ap/SDKs/nacl/pepper_31/toolchain/mac_x86_newlib/bin/../lib/gcc/x86_64-nacl/4.4.3/../../../../x86_64-nacl/lib/../lib32/libcrt_common.a(lib_a-environ.o)
 .bss           0x0000000010041724        0x0 /Users/ap/SDKs/nacl/pepper_31/toolchain/mac_x86_newlib/bin/../lib/gcc/x86_64-nacl/4.4.3/../../../../x86_64-nacl/lib/../lib32/libcrt_common.a(lib_a-exit.o)
 .bss           0x0000000010041724        0x0 /Users/ap/SDKs/nacl/pepper_31/toolchain/mac_x86_newlib/bin/../lib/gcc/x86_64-nacl/4.4.3/../../../../x86_64-nacl/lib/../lib32/libcrt_common.a(lib_a-getenv.o)
 .bss           0x0000000010041724        0x0 /Users/ap/SDKs/nacl/pepper_31/toolchain/mac_x86_newlib/bin/../lib/gcc/x86_64-nacl/4.4.3/../../../../x86_64-nacl/lib/../lib32/libcrt_common.a(lib_a-getenv_r.o)
 .bss           0x0000000010041724        0x0 /Users/ap/SDKs/nacl/pepper_31/toolchain/mac_x86_newlib/bin/../lib/gcc/x86_64-nacl/4.4.3/../../../../x86_64-nacl/lib/../lib32/libcrt_common.a(lib_a-impure.o)
 .bss           0x0000000010041724        0x0 /Users/ap/SDKs/nacl/pepper_31/toolchain/mac_x86_newlib/bin/../lib/gcc/x86_64-nacl/4.4.3/../../../../x86_64-nacl/lib/../lib32/libcrt_common.a(lib_a-strlen.o)
 .bss           0x0000000010041724        0x0 /Users/ap/SDKs/nacl/pepper_31/toolchain/mac_x86_newlib/bin/../lib/gcc/x86_64-nacl/4.4.3/../../../../x86_64-nacl/lib/../lib32/libcrt_common.a(lib_a-strncmp.o)
 .bss           0x0000000010041724        0x0 /Users/ap/SDKs/nacl/pepper_31/toolchain/mac_x86_newlib/bin/../lib/gcc/x86_64-nacl/4.4.3/../../../../x86_64-nacl/lib/../lib32/libcrt_common.a(lib_a-__call_atexit.o)
 .bss           0x0000000010041724        0x0 /Users/ap/SDKs/nacl/pepper_31/toolchain/mac_x86_newlib/bin/../lib/gcc/x86_64-nacl/4.4.3/../../../../x86_64-nacl/lib/../lib32/libcrt_common.a(lib_a-envlock.o)
 .bss           0x0000000010041724        0x0 /Users/ap/SDKs/nacl/pepper_31/toolchain/mac_x86_newlib/bin/../lib/gcc/x86_64-nacl/4.4.3/../../../../x86_64-nacl/lib/../lib32/libcrt_common.a(lib_a-__atexit.o)
 .bss           0x0000000010041724        0x0 /Users/ap/SDKs/nacl/pepper_31/toolchain/mac_x86_newlib/bin/../lib/gcc/x86_64-nacl/4.4.3/../../../../x86_64-nacl/lib/../lib32/libnacl.a(_exit.o)
 .bss           0x0000000010041724        0x0 /Users/ap/SDKs/nacl/pepper_31/toolchain/mac_x86_newlib/bin/../lib/gcc/x86_64-nacl/4.4.3/../../../../x86_64-nacl/lib/../lib32/libnacl.a(start.o)
 *fill*         0x0000000010041724       0x1c 00
 .bss           0x0000000010041740      0x1fc /Users/ap/SDKs/nacl/pepper_31/toolchain/mac_x86_newlib/bin/../lib/gcc/x86_64-nacl/4.4.3/../../../../x86_64-nacl/lib/../lib32/libnacl.a(malloc.o)
 .bss           0x000000001004193c        0x0 /Users/ap/SDKs/nacl/pepper_31/toolchain/mac_x86_newlib/bin/../lib/gcc/x86_64-nacl/4.4.3/../../../../x86_64-nacl/lib/../lib32/libnacl.a(nacl_irt.o)
 .bss           0x000000001004193c        0x0 /Users/ap/SDKs/nacl/pepper_31/toolchain/mac_x86_newlib/bin/../lib/gcc/x86_64-nacl/4.4.3/../../../../x86_64-nacl/lib/../lib32/libnacl.a(pthread_initialize_minimal.o)
 .bss           0x000000001004193c        0x0 /Users/ap/SDKs/nacl/pepper_31/toolchain/mac_x86_newlib/bin/../lib/gcc/x86_64-nacl/4.4.3/../../../../x86_64-nacl/lib/../lib32/libnacl.a(nacl_read_tp.o)
 .bss           0x000000001004193c        0x0 /Users/ap/SDKs/nacl/pepper_31/toolchain/mac_x86_newlib/bin/../lib/gcc/x86_64-nacl/4.4.3/../../../../x86_64-nacl/lib/../lib32/libnacl.a(mmap.o)
 .bss           0x000000001004193c        0x0 /Users/ap/SDKs/nacl/pepper_31/toolchain/mac_x86_newlib/bin/../lib/gcc/x86_64-nacl/4.4.3/../../../../x86_64-nacl/lib/../lib32/libnacl.a(sched_yield.o)
 .bss           0x000000001004193c        0x0 /Users/ap/SDKs/nacl/pepper_31/toolchain/mac_x86_newlib/bin/../lib/gcc/x86_64-nacl/4.4.3/../../../../x86_64-nacl/lib/../lib32/libnacl.a(munmap.o)
 .bss           0x000000001004193c       0x10 /Users/ap/SDKs/nacl/pepper_31/toolchain/mac_x86_newlib/bin/../lib/gcc/x86_64-nacl/4.4.3/../../../../x86_64-nacl/lib/../lib32/libnacl.a(tls.o)
 .bss           0x000000001004194c        0x0 /Users/ap/SDKs/nacl/pepper_31/toolchain/mac_x86_newlib/bin/../lib/gcc/x86_64-nacl/4.4.3/../../../../x86_64-nacl/lib/../lib32/libnacl.a(write.o)
 .bss           0x000000001004194c        0x0 /Users/ap/SDKs/nacl/pepper_31/toolchain/mac_x86_newlib/bin/../lib/gcc/x86_64-nacl/4.4.3/../../../../x86_64-nacl/lib/../lib32/libnacl.a(sysconf.o)
 .bss           0x000000001004194c        0x0 /Users/ap/SDKs/nacl/pepper_31/toolchain/mac_x86_newlib/bin/../lib/gcc/x86_64-nacl/4.4.3/../../../../x86_64-nacl/lib/../lib32/libnacl.a(nacl_tls_init.o)
 .bss           0x000000001004194c        0x0 /Users/ap/SDKs/nacl/pepper_31/toolchain/mac_x86_newlib/bin/../lib/gcc/x86_64-nacl/4.4.3/../../../../x86_64-nacl/lib/../lib32/libcrt_common.a(lib_a-abort.o)
 .bss           0x000000001004194c        0x0 /Users/ap/SDKs/nacl/pepper_31/toolchain/mac_x86_newlib/bin/../lib/gcc/x86_64-nacl/4.4.3/../../../../x86_64-nacl/lib/../lib32/libcrt_common.a(lib_a-atexit.o)
 .bss           0x000000001004194c        0x0 /Users/ap/SDKs/nacl/pepper_31/toolchain/mac_x86_newlib/bin/../lib/gcc/x86_64-nacl/4.4.3/../../../../x86_64-nacl/lib/../lib32/libcrt_common.a(lib_a-errno.o)
 .bss           0x000000001004194c        0x0 /Users/ap/SDKs/nacl/pepper_31/toolchain/mac_x86_newlib/bin/../lib/gcc/x86_64-nacl/4.4.3/../../../../x86_64-nacl/lib/../lib32/libcrt_common.a(lib_a-fini.o)
 .bss           0x000000001004194c        0x0 /Users/ap/SDKs/nacl/pepper_31/toolchain/mac_x86_newlib/bin/../lib/gcc/x86_64-nacl/4.4.3/../../../../x86_64-nacl/lib/../lib32/libcrt_common.a(lib_a-fprintf.o)
 .bss           0x000000001004194c        0x0 /Users/ap/SDKs/nacl/pepper_31/toolchain/mac_x86_newlib/bin/../lib/gcc/x86_64-nacl/4.4.3/../../../../x86_64-nacl/lib/../lib32/libcrt_common.a(lib_a-init.o)
 .bss           0x000000001004194c        0x0 /Users/ap/SDKs/nacl/pepper_31/toolchain/mac_x86_newlib/bin/../lib/gcc/x86_64-nacl/4.4.3/../../../../x86_64-nacl/lib/../lib32/libcrt_common.a(lib_a-memcpy.o)
 .bss           0x000000001004194c        0x0 /Users/ap/SDKs/nacl/pepper_31/toolchain/mac_x86_newlib/bin/../lib/gcc/x86_64-nacl/4.4.3/../../../../x86_64-nacl/lib/../lib32/libcrt_common.a(lib_a-memset.o)
 .bss           0x000000001004194c        0x0 /Users/ap/SDKs/nacl/pepper_31/toolchain/mac_x86_newlib/bin/../lib/gcc/x86_64-nacl/4.4.3/../../../../x86_64-nacl/lib/../lib32/libcrt_common.a(lib_a-vfprintf.o)
 .bss           0x000000001004194c        0x0 /Users/ap/SDKs/nacl/pepper_31/toolchain/mac_x86_newlib/bin/../lib/gcc/x86_64-nacl/4.4.3/../../../../x86_64-nacl/lib/../lib32/libcrt_common.a(lib_a-wcrtomb.o)
 .bss           0x000000001004194c        0x0 /Users/ap/SDKs/nacl/pepper_31/toolchain/mac_x86_newlib/bin/../lib/gcc/x86_64-nacl/4.4.3/../../../../x86_64-nacl/lib/../lib32/libcrt_common.a(lib_a-wcsrtombs.o)
 .bss           0x000000001004194c        0x0 /Users/ap/SDKs/nacl/pepper_31/toolchain/mac_x86_newlib/bin/../lib/gcc/x86_64-nacl/4.4.3/../../../../x86_64-nacl/lib/../lib32/libcrt_common.a(lib_a-wctomb_r.o)
 .bss           0x000000001004194c        0x0 /Users/ap/SDKs/nacl/pepper_31/toolchain/mac_x86_newlib/bin/../lib/gcc/x86_64-nacl/4.4.3/../../../../x86_64-nacl/lib/../lib32/libcrt_common.a(lib_a-wsetup.o)
 .bss           0x000000001004194c        0x0 /Users/ap/SDKs/nacl/pepper_31/toolchain/mac_x86_newlib/bin/../lib/gcc/x86_64-nacl/4.4.3/../../../../x86_64-nacl/lib/../lib32/libcrt_common.a(lib_a-dtoa.o)
 .bss           0x000000001004194c        0x0 /Users/ap/SDKs/nacl/pepper_31/toolchain/mac_x86_newlib/bin/../lib/gcc/x86_64-nacl/4.4.3/../../../../x86_64-nacl/lib/../lib32/libcrt_common.a(lib_a-fflush.o)
 .bss           0x000000001004194c        0x0 /Users/ap/SDKs/nacl/pepper_31/toolchain/mac_x86_newlib/bin/../lib/gcc/x86_64-nacl/4.4.3/../../../../x86_64-nacl/lib/../lib32/libcrt_common.a(lib_a-findfp.o)
 .bss           0x000000001004194c        0x0 /Users/ap/SDKs/nacl/pepper_31/toolchain/mac_x86_newlib/bin/../lib/gcc/x86_64-nacl/4.4.3/../../../../x86_64-nacl/lib/../lib32/libcrt_common.a(lib_a-fwalk.o)
 *fill*         0x000000001004194c       0x14 00
 .bss           0x0000000010041960      0x2c7 /Users/ap/SDKs/nacl/pepper_31/toolchain/mac_x86_newlib/bin/../lib/gcc/x86_64-nacl/4.4.3/../../../../x86_64-nacl/lib/../lib32/libcrt_common.a(lib_a-locale.o)
                0x0000000010041960                __nlocale_changed
                0x0000000010041964                __mlocale_changed
                0x0000000010041968                _PathLocale
 *fill*         0x0000000010041c27        0x1 00
 .bss           0x0000000010041c28        0x0 /Users/ap/SDKs/nacl/pepper_31/toolchain/mac_x86_newlib/bin/../lib/gcc/x86_64-nacl/4.4.3/../../../../x86_64-nacl/lib/../lib32/libcrt_common.a(lib_a-makebuf.o)
 .bss           0x0000000010041c28        0x0 /Users/ap/SDKs/nacl/pepper_31/toolchain/mac_x86_newlib/bin/../lib/gcc/x86_64-nacl/4.4.3/../../../../x86_64-nacl/lib/../lib32/libcrt_common.a(lib_a-mbtowc_r.o)
 .bss           0x0000000010041c28        0x0 /Users/ap/SDKs/nacl/pepper_31/toolchain/mac_x86_newlib/bin/../lib/gcc/x86_64-nacl/4.4.3/../../../../x86_64-nacl/lib/../lib32/libcrt_common.a(lib_a-memchr.o)
 .bss           0x0000000010041c28        0x0 /Users/ap/SDKs/nacl/pepper_31/toolchain/mac_x86_newlib/bin/../lib/gcc/x86_64-nacl/4.4.3/../../../../x86_64-nacl/lib/../lib32/libcrt_common.a(lib_a-mprec.o)
 .bss           0x0000000010041c28        0x0 /Users/ap/SDKs/nacl/pepper_31/toolchain/mac_x86_newlib/bin/../lib/gcc/x86_64-nacl/4.4.3/../../../../x86_64-nacl/lib/../lib32/libcrt_common.a(lib_a-s_fpclassify.o)
 .bss           0x0000000010041c28        0x0 /Users/ap/SDKs/nacl/pepper_31/toolchain/mac_x86_newlib/bin/../lib/gcc/x86_64-nacl/4.4.3/../../../../x86_64-nacl/lib/../lib32/libcrt_common.a(lib_a-s_frexp.o)
 .bss           0x0000000010041c28        0x0 /Users/ap/SDKs/nacl/pepper_31/toolchain/mac_x86_newlib/bin/../lib/gcc/x86_64-nacl/4.4.3/../../../../x86_64-nacl/lib/../lib32/libcrt_common.a(lib_a-stdio.o)
 .bss           0x0000000010041c28        0x0 /Users/ap/SDKs/nacl/pepper_31/toolchain/mac_x86_newlib/bin/../lib/gcc/x86_64-nacl/4.4.3/../../../../x86_64-nacl/lib/../lib32/libcrt_common.a(lib_a-strcasecmp.o)
 .bss           0x0000000010041c28        0x0 /Users/ap/SDKs/nacl/pepper_31/toolchain/mac_x86_newlib/bin/../lib/gcc/x86_64-nacl/4.4.3/../../../../x86_64-nacl/lib/../lib32/libcrt_common.a(lib_a-strcat.o)
 .bss           0x0000000010041c28        0x0 /Users/ap/SDKs/nacl/pepper_31/toolchain/mac_x86_newlib/bin/../lib/gcc/x86_64-nacl/4.4.3/../../../../x86_64-nacl/lib/../lib32/libcrt_common.a(lib_a-strchr.o)