Archive member included because of file (symbol)

/Users/ap/SDKs/nacl/pepper_31/lib/newlib_arm/Debug/libppapi_cpp.a(directory_entry_arm.o)
                              newlib/Debug/file_io_arm.o (pp::internal::DirectoryEntryArrayOutputAdapterWithStorage::DirectoryEntryArrayOutputAdapterWithStorage())
/Users/ap/SDKs/nacl/pepper_31/lib/newlib_arm/Debug/libppapi_cpp.a(file_io_arm.o)
                              newlib/Debug/file_io_arm.o (pp::FileIO::FileIO(pp::InstanceHandle const&))
/Users/ap/SDKs/nacl/pepper_31/lib/newlib_arm/Debug/libppapi_cpp.a(file_ref_arm.o)
                              newlib/Debug/file_io_arm.o (pp::FileRef::FileRef(int))
/Users/ap/SDKs/nacl/pepper_31/lib/newlib_arm/Debug/libppapi_cpp.a(file_system_arm.o)
                              newlib/Debug/file_io_arm.o (pp::FileSystem::FileSystem(pp::InstanceHandle const&, PP_FileSystemType))
/Users/ap/SDKs/nacl/pepper_31/lib/newlib_arm/Debug/libppapi_cpp.a(instance_arm.o)
                              newlib/Debug/file_io_arm.o (pp::Instance::Instance(int))
/Users/ap/SDKs/nacl/pepper_31/lib/newlib_arm/Debug/libppapi_cpp.a(instance_handle_arm.o)
                              newlib/Debug/file_io_arm.o (pp::InstanceHandle::InstanceHandle(pp::Instance*))
/Users/ap/SDKs/nacl/pepper_31/lib/newlib_arm/Debug/libppapi_cpp.a(lock_arm.o)
                              newlib/Debug/file_io_arm.o (pp::Lock::Lock())
/Users/ap/SDKs/nacl/pepper_31/lib/newlib_arm/Debug/libppapi_cpp.a(message_loop_arm.o)
                              newlib/Debug/file_io_arm.o (pp::MessageLoop::PostWork(pp::CompletionCallback const&, long long))
/Users/ap/SDKs/nacl/pepper_31/lib/newlib_arm/Debug/libppapi_cpp.a(module_arm.o)
                              /Users/ap/SDKs/nacl/pepper_31/lib/newlib_arm/Debug/libppapi_cpp.a(instance_arm.o) (pp::Module::InstanceForPPInstance(int))
/Users/ap/SDKs/nacl/pepper_31/lib/newlib_arm/Debug/libppapi_cpp.a(ppp_entrypoints_arm.o)
                              /Users/ap/SDKs/nacl/pepper_31/lib/newlib_arm/Debug/libppapi_cpp.a(directory_entry_arm.o) (pp::Module::Get())
/Users/ap/SDKs/nacl/pepper_31/lib/newlib_arm/Debug/libppapi_cpp.a(resource_arm.o)
                              /Users/ap/SDKs/nacl/pepper_31/lib/newlib_arm/Debug/libppapi_cpp.a(file_io_arm.o) (pp::Resource::Resource())
/Users/ap/SDKs/nacl/pepper_31/lib/newlib_arm/Debug/libppapi_cpp.a(simple_thread_arm.o)
                              newlib/Debug/file_io_arm.o (pp::SimpleThread::SimpleThread(pp::InstanceHandle const&))
/Users/ap/SDKs/nacl/pepper_31/lib/newlib_arm/Debug/libppapi_cpp.a(url_loader_arm.o)
                              /Users/ap/SDKs/nacl/pepper_31/lib/newlib_arm/Debug/libppapi_cpp.a(module_arm.o) (pp::URLLoader::URLLoader(int))
/Users/ap/SDKs/nacl/pepper_31/lib/newlib_arm/Debug/libppapi_cpp.a(url_response_info_arm.o)
                              /Users/ap/SDKs/nacl/pepper_31/lib/newlib_arm/Debug/libppapi_cpp.a(url_loader_arm.o) (pp::URLResponseInfo::URLResponseInfo(pp::PassRef, int))
/Users/ap/SDKs/nacl/pepper_31/lib/newlib_arm/Debug/libppapi_cpp.a(var_arm.o)
                              /Users/ap/SDKs/nacl/pepper_31/lib/newlib_arm/Debug/libppapi_cpp.a(file_ref_arm.o) (vtable for pp::Var)
/Users/ap/SDKs/nacl/pepper_31/lib/newlib_arm/Debug/libppapi_cpp.a(view_arm.o)
                              /Users/ap/SDKs/nacl/pepper_31/lib/newlib_arm/Debug/libppapi_cpp.a(module_arm.o) (pp::View::View(int))
/Users/ap/SDKs/nacl/pepper_31/lib/newlib_arm/Debug/libppapi_cpp.a(array_output_arm.o)
                              /Users/ap/SDKs/nacl/pepper_31/lib/newlib_arm/Debug/libppapi_cpp.a(directory_entry_arm.o) (pp::ArrayOutputAdapterBase::GetDataBufferThunk(void*, unsigned int, unsigned int))
/Users/ap/SDKs/nacl/pepper_31/lib/newlib_arm/Debug/libppapi_cpp.a(core_arm.o)
                              /Users/ap/SDKs/nacl/pepper_31/lib/newlib_arm/Debug/libppapi_cpp.a(file_io_arm.o) (pp::Core::CallOnMainThread(int, pp::CompletionCallback const&, int))
/Users/ap/SDKs/nacl/pepper_31/lib/newlib_arm/Debug/libppapi_cpp.a(input_event_arm.o)
                              /Users/ap/SDKs/nacl/pepper_31/lib/newlib_arm/Debug/libppapi_cpp.a(module_arm.o) (pp::InputEvent::InputEvent(int))
/Users/ap/SDKs/nacl/pepper_31/toolchain/mac_arm_newlib/bin/../lib/gcc/arm-nacl/4.8.1/../../../../arm-nacl/lib/libppapi_stub.a(plugin_main_irt.o)
                              (main)
/Users/ap/SDKs/nacl/pepper_31/toolchain/mac_arm_newlib/bin/../lib/gcc/arm-nacl/4.8.1/../../../../arm-nacl/lib/libppapi_stub.a(ppapi_plugin_main.o)
                              /Users/ap/SDKs/nacl/pepper_31/toolchain/mac_arm_newlib/bin/../lib/gcc/arm-nacl/4.8.1/../../../../arm-nacl/lib/libppapi_stub.a(plugin_main_irt.o) (PpapiPluginMain)
/Users/ap/SDKs/nacl/pepper_31/toolchain/mac_arm_newlib/bin/../lib/gcc/arm-nacl/4.8.1/../../../../arm-nacl/lib/libppapi_stub.a(ppapi_plugin_start.o)
                              /Users/ap/SDKs/nacl/pepper_31/toolchain/mac_arm_newlib/bin/../lib/gcc/arm-nacl/4.8.1/../../../../arm-nacl/lib/libppapi_stub.a(ppapi_plugin_main.o) (PpapiPluginStart)
/Users/ap/SDKs/nacl/pepper_31/toolchain/mac_arm_newlib/bin/../lib/gcc/arm-nacl/4.8.1/../../../../arm-nacl/lib/libppapi_stub.a(thread_creator.o)
                              /Users/ap/SDKs/nacl/pepper_31/toolchain/mac_arm_newlib/bin/../lib/gcc/arm-nacl/4.8.1/../../../../arm-nacl/lib/libppapi_stub.a(ppapi_plugin_start.o) (__nacl_register_thread_creator)
/Users/ap/SDKs/nacl/pepper_31/toolchain/mac_arm_newlib/bin/../lib/gcc/arm-nacl/4.8.1/../../../../arm-nacl/lib/libpthread.a(nc_mutex.o)
                              /Users/ap/SDKs/nacl/pepper_31/lib/newlib_arm/Debug/libppapi_cpp.a(lock_arm.o) (pthread_mutex_init)
/Users/ap/SDKs/nacl/pepper_31/toolchain/mac_arm_newlib/bin/../lib/gcc/arm-nacl/4.8.1/../../../../arm-nacl/lib/libpthread.a(nc_init_irt.o)
                              /Users/ap/SDKs/nacl/pepper_31/toolchain/mac_arm_newlib/bin/../lib/gcc/arm-nacl/4.8.1/../../../../arm-nacl/lib/libpthread.a(nc_mutex.o) (__nc_irt_futex)
/Users/ap/SDKs/nacl/pepper_31/toolchain/mac_arm_newlib/bin/../lib/gcc/arm-nacl/4.8.1/../../../../arm-nacl/lib/libpthread.a(nc_thread.o)
                              /Users/ap/SDKs/nacl/pepper_31/lib/newlib_arm/Debug/libppapi_cpp.a(simple_thread_arm.o) (pthread_create)
/Users/ap/SDKs/nacl/pepper_31/toolchain/mac_arm_newlib/bin/../lib/gcc/arm-nacl/4.8.1/../../../../arm-nacl/lib/libpthread.a(nc_condvar.o)
                              /Users/ap/SDKs/nacl/pepper_31/toolchain/mac_arm_newlib/bin/../lib/gcc/arm-nacl/4.8.1/../../../../arm-nacl/lib/libpthread.a(nc_thread.o) (pthread_cond_init)
/Users/ap/SDKs/nacl/pepper_31/toolchain/mac_arm_newlib/bin/../lib/gcc/arm-nacl/4.8.1/../../../../arm-nacl/lib/libpthread.a(dynamic_annotations.o)
                              /Users/ap/SDKs/nacl/pepper_31/toolchain/mac_arm_newlib/bin/../lib/gcc/arm-nacl/4.8.1/../../../../arm-nacl/lib/libpthread.a(nc_thread.o) (NACL_AnnotateCondVarWait)
/Users/ap/SDKs/nacl/pepper_31/toolchain/mac_arm_newlib/bin/../lib/gcc/arm-nacl/4.8.1/../../../../arm-nacl/lib/libstdc++.a(compatibility.o)
                              newlib/Debug/file_io_arm.o (std::istream::ignore(int))
/Users/ap/SDKs/nacl/pepper_31/toolchain/mac_arm_newlib/bin/../lib/gcc/arm-nacl/4.8.1/../../../../arm-nacl/lib/libstdc++.a(eh_personality.o)
                              newlib/Debug/file_io_arm.o (__gxx_personality_v0)
/Users/ap/SDKs/nacl/pepper_31/toolchain/mac_arm_newlib/bin/../lib/gcc/arm-nacl/4.8.1/../../../../arm-nacl/lib/libstdc++.a(new_op.o)
                              newlib/Debug/file_io_arm.o (operator new(unsigned int))
/Users/ap/SDKs/nacl/pepper_31/toolchain/mac_arm_newlib/bin/../lib/gcc/arm-nacl/4.8.1/../../../../arm-nacl/lib/libstdc++.a(bad_alloc.o)
                              /Users/ap/SDKs/nacl/pepper_31/toolchain/mac_arm_newlib/bin/../lib/gcc/arm-nacl/4.8.1/../../../../arm-nacl/lib/libstdc++.a(new_op.o) (std::bad_alloc::~bad_alloc())
/Users/ap/SDKs/nacl/pepper_31/toolchain/mac_arm_newlib/bin/../lib/gcc/arm-nacl/4.8.1/../../../../arm-nacl/lib/libstdc++.a(class_type_info.o)
                              /Users/ap/SDKs/nacl/pepper_31/lib/newlib_arm/Debug/libppapi_cpp.a(directory_entry_arm.o) (vtable for __cxxabiv1::__class_type_info)
/Users/ap/SDKs/nacl/pepper_31/toolchain/mac_arm_newlib/bin/../lib/gcc/arm-nacl/4.8.1/../../../../arm-nacl/lib/libstdc++.a(eh_exception.o)
                              /Users/ap/SDKs/nacl/pepper_31/toolchain/mac_arm_newlib/bin/../lib/gcc/arm-nacl/4.8.1/../../../../arm-nacl/lib/libstdc++.a(bad_alloc.o) (std::exception::~exception())
/Users/ap/SDKs/nacl/pepper_31/toolchain/mac_arm_newlib/bin/../lib/gcc/arm-nacl/4.8.1/../../../../arm-nacl/lib/libstdc++.a(del_op.o)
                              newlib/Debug/file_io_arm.o (operator delete(void*))
/Users/ap/SDKs/nacl/pepper_31/toolchain/mac_arm_newlib/bin/../lib/gcc/arm-nacl/4.8.1/../../../../arm-nacl/lib/libstdc++.a(eh_throw.o)
                              /Users/ap/SDKs/nacl/pepper_31/toolchain/mac_arm_newlib/bin/../lib/gcc/arm-nacl/4.8.1/../../../../arm-nacl/lib/libstdc++.a(eh_personality.o) (__cxa_throw)
/Users/ap/SDKs/nacl/pepper_31/toolchain/mac_arm_newlib/bin/../lib/gcc/arm-nacl/4.8.1/../../../../arm-nacl/lib/libstdc++.a(eh_globals.o)
                              /Users/ap/SDKs/nacl/pepper_31/toolchain/mac_arm_newlib/bin/../lib/gcc/arm-nacl/4.8.1/../../../../arm-nacl/lib/libstdc++.a(eh_personality.o) (__cxa_get_globals_fast)
/Users/ap/SDKs/nacl/pepper_31/toolchain/mac_arm_newlib/bin/../lib/gcc/arm-nacl/4.8.1/../../../../arm-nacl/lib/libstdc++.a(eh_terminate.o)
                              /Users/ap/SDKs/nacl/pepper_31/toolchain/mac_arm_newlib/bin/../lib/gcc/arm-nacl/4.8.1/../../../../arm-nacl/lib/libstdc++.a(eh_personality.o) (__cxxabiv1::__terminate(void (*)()))
/Users/ap/SDKs/nacl/pepper_31/toolchain/mac_arm_newlib/bin/../lib/gcc/arm-nacl/4.8.1/../../../../arm-nacl/lib/libstdc++.a(eh_alloc.o)
                              /Users/ap/SDKs/nacl/pepper_31/toolchain/mac_arm_newlib/bin/../lib/gcc/arm-nacl/4.8.1/../../../../arm-nacl/lib/libstdc++.a(eh_personality.o) (__cxa_allocate_exception)
/Users/ap/SDKs/nacl/pepper_31/toolchain/mac_arm_newlib/bin/../lib/gcc/arm-nacl/4.8.1/../../../../arm-nacl/lib/libstdc++.a(pure.o)
                              /Users/ap/SDKs/nacl/pepper_31/lib/newlib_arm/Debug/libppapi_cpp.a(directory_entry_arm.o) (__cxa_pure_virtual)
/Users/ap/SDKs/nacl/pepper_31/toolchain/mac_arm_newlib/bin/../lib/gcc/arm-nacl/4.8.1/../../../../arm-nacl/lib/libstdc++.a(eh_catch.o)
                              newlib/Debug/file_io_arm.o (__cxa_begin_catch)
/Users/ap/SDKs/nacl/pepper_31/toolchain/mac_arm_newlib/bin/../lib/gcc/arm-nacl/4.8.1/../../../../arm-nacl/lib/libstdc++.a(eh_unex_handler.o)
                              /Users/ap/SDKs/nacl/pepper_31/toolchain/mac_arm_newlib/bin/../lib/gcc/arm-nacl/4.8.1/../../../../arm-nacl/lib/libstdc++.a(eh_throw.o) (__cxxabiv1::__unexpected_handler)
/Users/ap/SDKs/nacl/pepper_31/toolchain/mac_arm_newlib/bin/../lib/gcc/arm-nacl/4.8.1/../../../../arm-nacl/lib/libstdc++.a(del_opv.o)
                              /Users/ap/SDKs/nacl/pepper_31/lib/newlib_arm/Debug/libppapi_cpp.a(file_io_arm.o) (operator delete[](void*))
/Users/ap/SDKs/nacl/pepper_31/toolchain/mac_arm_newlib/bin/../lib/gcc/arm-nacl/4.8.1/../../../../arm-nacl/lib/libstdc++.a(guard.o)
                              /Users/ap/SDKs/nacl/pepper_31/lib/newlib_arm/Debug/libppapi_cpp.a(file_io_arm.o) (__cxa_guard_acquire)
/Users/ap/SDKs/nacl/pepper_31/toolchain/mac_arm_newlib/bin/../lib/gcc/arm-nacl/4.8.1/../../../../arm-nacl/lib/libstdc++.a(new_opv.o)
                              /Users/ap/SDKs/nacl/pepper_31/lib/newlib_arm/Debug/libppapi_cpp.a(file_io_arm.o) (operator new[](unsigned int))
/Users/ap/SDKs/nacl/pepper_31/toolchain/mac_arm_newlib/bin/../lib/gcc/arm-nacl/4.8.1/../../../../arm-nacl/lib/libstdc++.a(si_class_type_info.o)
                              newlib/Debug/file_io_arm.o (vtable for __cxxabiv1::__si_class_type_info)
/Users/ap/SDKs/nacl/pepper_31/toolchain/mac_arm_newlib/bin/../lib/gcc/arm-nacl/4.8.1/../../../../arm-nacl/lib/libstdc++.a(tinfo.o)
                              /Users/ap/SDKs/nacl/pepper_31/toolchain/mac_arm_newlib/bin/../lib/gcc/arm-nacl/4.8.1/../../../../arm-nacl/lib/libstdc++.a(class_type_info.o) (std::type_info::~type_info())
/Users/ap/SDKs/nacl/pepper_31/toolchain/mac_arm_newlib/bin/../lib/gcc/arm-nacl/4.8.1/../../../../arm-nacl/lib/libstdc++.a(eh_call.o)
                              /Users/ap/SDKs/nacl/pepper_31/toolchain/mac_arm_newlib/bin/../lib/gcc/arm-nacl/4.8.1/../../../../arm-nacl/lib/libstdc++.a(eh_personality.o) (__cxa_call_terminate)
/Users/ap/SDKs/nacl/pepper_31/toolchain/mac_arm_newlib/bin/../lib/gcc/arm-nacl/4.8.1/../../../../arm-nacl/lib/libstdc++.a(new_handler.o)
                              /Users/ap/SDKs/nacl/pepper_31/toolchain/mac_arm_newlib/bin/../lib/gcc/arm-nacl/4.8.1/../../../../arm-nacl/lib/libstdc++.a(new_op.o) (__new_handler)
/Users/ap/SDKs/nacl/pepper_31/toolchain/mac_arm_newlib/bin/../lib/gcc/arm-nacl/4.8.1/../../../../arm-nacl/lib/libstdc++.a(guard_error.o)
                              /Users/ap/SDKs/nacl/pepper_31/toolchain/mac_arm_newlib/bin/../lib/gcc/arm-nacl/4.8.1/../../../../arm-nacl/lib/libstdc++.a(guard.o) (__gnu_cxx::recursive_init_error::~recursive_init_error())
/Users/ap/SDKs/nacl/pepper_31/toolchain/mac_arm_newlib/bin/../lib/gcc/arm-nacl/4.8.1/../../../../arm-nacl/lib/libstdc++.a(eh_term_handler.o)
                              /Users/ap/SDKs/nacl/pepper_31/toolchain/mac_arm_newlib/bin/../lib/gcc/arm-nacl/4.8.1/../../../../arm-nacl/lib/libstdc++.a(eh_throw.o) (__cxxabiv1::__terminate_handler)
/Users/ap/SDKs/nacl/pepper_31/toolchain/mac_arm_newlib/bin/../lib/gcc/arm-nacl/4.8.1/../../../../arm-nacl/lib/libstdc++.a(istream-inst.o)
                              /Users/ap/SDKs/nacl/pepper_31/toolchain/mac_arm_newlib/bin/../lib/gcc/arm-nacl/4.8.1/../../../../arm-nacl/lib/libstdc++.a(compatibility.o) (std::istream::sentry::sentry(std::istream&, bool))
/Users/ap/SDKs/nacl/pepper_31/toolchain/mac_arm_newlib/bin/../lib/gcc/arm-nacl/4.8.1/../../../../arm-nacl/lib/libstdc++.a(ios-inst.o)
                              /Users/ap/SDKs/nacl/pepper_31/toolchain/mac_arm_newlib/bin/../lib/gcc/arm-nacl/4.8.1/../../../../arm-nacl/lib/libstdc++.a(istream-inst.o) (vtable for std::basic_ios<char, std::char_traits<char> >)
/Users/ap/SDKs/nacl/pepper_31/toolchain/mac_arm_newlib/bin/../lib/gcc/arm-nacl/4.8.1/../../../../arm-nacl/lib/libstdc++.a(ios.o)
                              /Users/ap/SDKs/nacl/pepper_31/toolchain/mac_arm_newlib/bin/../lib/gcc/arm-nacl/4.8.1/../../../../arm-nacl/lib/libstdc++.a(istream-inst.o) (std::ios_base::ios_base())
/Users/ap/SDKs/nacl/pepper_31/toolchain/mac_arm_newlib/bin/../lib/gcc/arm-nacl/4.8.1/../../../../arm-nacl/lib/libstdc++.a(locale_init.o)
                              /Users/ap/SDKs/nacl/pepper_31/toolchain/mac_arm_newlib/bin/../lib/gcc/arm-nacl/4.8.1/../../../../arm-nacl/lib/libstdc++.a(ios.o) (std::locale::locale())
/Users/ap/SDKs/nacl/pepper_31/toolchain/mac_arm_newlib/bin/../lib/gcc/arm-nacl/4.8.1/../../../../arm-nacl/lib/libstdc++.a(codecvt.o)
                              /Users/ap/SDKs/nacl/pepper_31/toolchain/mac_arm_newlib/bin/../lib/gcc/arm-nacl/4.8.1/../../../../arm-nacl/lib/libstdc++.a(locale_init.o) (std::codecvt<char, char, _mbstate_t>::codecvt(unsigned int))
/Users/ap/SDKs/nacl/pepper_31/toolchain/mac_arm_newlib/bin/../lib/gcc/arm-nacl/4.8.1/../../../../arm-nacl/lib/libstdc++.a(locale.o)
                              /Users/ap/SDKs/nacl/pepper_31/toolchain/mac_arm_newlib/bin/../lib/gcc/arm-nacl/4.8.1/../../../../arm-nacl/lib/libstdc++.a(locale_init.o) (std::locale::facet::~facet())
/Users/ap/SDKs/nacl/pepper_31/toolchain/mac_arm_newlib/bin/../lib/gcc/arm-nacl/4.8.1/../../../../arm-nacl/lib/libstdc++.a(numeric_members.o)
                              /Users/ap/SDKs/nacl/pepper_31/toolchain/mac_arm_newlib/bin/../lib/gcc/arm-nacl/4.8.1/../../../../arm-nacl/lib/libstdc++.a(locale_init.o) (std::numpunct<char>::_M_initialize_numpunct(int*))
/Users/ap/SDKs/nacl/pepper_31/toolchain/mac_arm_newlib/bin/../lib/gcc/arm-nacl/4.8.1/../../../../arm-nacl/lib/libstdc++.a(locale-inst.o)
                              /Users/ap/SDKs/nacl/pepper_31/toolchain/mac_arm_newlib/bin/../lib/gcc/arm-nacl/4.8.1/../../../../arm-nacl/lib/libstdc++.a(locale_init.o) (vtable for std::money_get<char, std::istreambuf_iterator<char, std::char_traits<char> > >)
/Users/ap/SDKs/nacl/pepper_31/toolchain/mac_arm_newlib/bin/../lib/gcc/arm-nacl/4.8.1/../../../../arm-nacl/lib/libstdc++.a(monetary_members.o)
                              /Users/ap/SDKs/nacl/pepper_31/toolchain/mac_arm_newlib/bin/../lib/gcc/arm-nacl/4.8.1/../../../../arm-nacl/lib/libstdc++.a(locale-inst.o) (std::moneypunct<char, true>::~moneypunct())
/Users/ap/SDKs/nacl/pepper_31/toolchain/mac_arm_newlib/bin/../lib/gcc/arm-nacl/4.8.1/../../../../arm-nacl/lib/libstdc++.a(messages_members.o)
                              /Users/ap/SDKs/nacl/pepper_31/toolchain/mac_arm_newlib/bin/../lib/gcc/arm-nacl/4.8.1/../../../../arm-nacl/lib/libstdc++.a(locale-inst.o) (std::messages<char>::do_get(int, int, int, std::string const&) const)
/Users/ap/SDKs/nacl/pepper_31/toolchain/mac_arm_newlib/bin/../lib/gcc/arm-nacl/4.8.1/../../../../arm-nacl/lib/libstdc++.a(tree.o)
                              /Users/ap/SDKs/nacl/pepper_31/lib/newlib_arm/Debug/libppapi_cpp.a(instance_arm.o) (std::_Rb_tree_increment(std::_Rb_tree_node_base*))
/Users/ap/SDKs/nacl/pepper_31/toolchain/mac_arm_newlib/bin/../lib/gcc/arm-nacl/4.8.1/../../../../arm-nacl/lib/libstdc++.a(time_members.o)
                              /Users/ap/SDKs/nacl/pepper_31/toolchain/mac_arm_newlib/bin/../lib/gcc/arm-nacl/4.8.1/../../../../arm-nacl/lib/libstdc++.a(locale-inst.o) (std::__timepunct<char>::_M_put(char*, unsigned int, char const*, tm const*) const)
/Users/ap/SDKs/nacl/pepper_31/toolchain/mac_arm_newlib/bin/../lib/gcc/arm-nacl/4.8.1/../../../../arm-nacl/lib/libstdc++.a(istream.o)
                              /Users/ap/SDKs/nacl/pepper_31/toolchain/mac_arm_newlib/bin/../lib/gcc/arm-nacl/4.8.1/../../../../arm-nacl/lib/libstdc++.a(istream-inst.o) (std::istream::getline(char*, int, char))
/Users/ap/SDKs/nacl/pepper_31/toolchain/mac_arm_newlib/bin/../lib/gcc/arm-nacl/4.8.1/../../../../arm-nacl/lib/libstdc++.a(wlocale-inst.o)
                              /Users/ap/SDKs/nacl/pepper_31/toolchain/mac_arm_newlib/bin/../lib/gcc/arm-nacl/4.8.1/../../../../arm-nacl/lib/libstdc++.a(locale_init.o) (vtable for std::money_get<wchar_t, std::istreambuf_iterator<wchar_t, std::char_traits<wchar_t> > >)
/Users/ap/SDKs/nacl/pepper_31/toolchain/mac_arm_newlib/bin/../lib/gcc/arm-nacl/4.8.1/../../../../arm-nacl/lib/libstdc++.a(ctype_configure_char.o)
                              /Users/ap/SDKs/nacl/pepper_31/toolchain/mac_arm_newlib/bin/../lib/gcc/arm-nacl/4.8.1/../../../../arm-nacl/lib/libstdc++.a(locale_init.o) (std::ctype<char>::ctype(char const*, bool, unsigned int))
/Users/ap/SDKs/nacl/pepper_31/toolchain/mac_arm_newlib/bin/../lib/gcc/arm-nacl/4.8.1/../../../../arm-nacl/lib/libstdc++.a(streambuf.o)
                              /Users/ap/SDKs/nacl/pepper_31/toolchain/mac_arm_newlib/bin/../lib/gcc/arm-nacl/4.8.1/../../../../arm-nacl/lib/libstdc++.a(istream-inst.o) (int std::__copy_streambufs_eof<char, std::char_traits<char> >(std::basic_streambuf<char, std::char_traits<char> >*, std::basic_streambuf<char, std::char_traits<char> >*, bool&))
/Users/ap/SDKs/nacl/pepper_31/toolchain/mac_arm_newlib/bin/../lib/gcc/arm-nacl/4.8.1/../../../../arm-nacl/lib/libstdc++.a(ctype.o)
                              /Users/ap/SDKs/nacl/pepper_31/toolchain/mac_arm_newlib/bin/../lib/gcc/arm-nacl/4.8.1/../../../../arm-nacl/lib/libstdc++.a(istream-inst.o) (std::ctype<char>::_M_widen_init() const)
/Users/ap/SDKs/nacl/pepper_31/toolchain/mac_arm_newlib/bin/../lib/gcc/arm-nacl/4.8.1/../../../../arm-nacl/lib/libstdc++.a(allocator-inst.o)
                              newlib/Debug/file_io_arm.o (std::allocator<char>::allocator())
/Users/ap/SDKs/nacl/pepper_31/toolchain/mac_arm_newlib/bin/../lib/gcc/arm-nacl/4.8.1/../../../../arm-nacl/lib/libstdc++.a(ios_locale.o)
                              /Users/ap/SDKs/nacl/pepper_31/toolchain/mac_arm_newlib/bin/../lib/gcc/arm-nacl/4.8.1/../../../../arm-nacl/lib/libstdc++.a(ios-inst.o) (std::ios_base::_M_init())
/Users/ap/SDKs/nacl/pepper_31/toolchain/mac_arm_newlib/bin/../lib/gcc/arm-nacl/4.8.1/../../../../arm-nacl/lib/libstdc++.a(ostream-inst.o)
                              /Users/ap/SDKs/nacl/pepper_31/toolchain/mac_arm_newlib/bin/../lib/gcc/arm-nacl/4.8.1/../../../../arm-nacl/lib/libstdc++.a(istream-inst.o) (std::ostream::flush())
/Users/ap/SDKs/nacl/pepper_31/toolchain/mac_arm_newlib/bin/../lib/gcc/arm-nacl/4.8.1/../../../../arm-nacl/lib/libstdc++.a(codecvt_members.o)
                              /Users/ap/SDKs/nacl/pepper_31/toolchain/mac_arm_newlib/bin/../lib/gcc/arm-nacl/4.8.1/../../../../arm-nacl/lib/libstdc++.a(codecvt.o) (std::codecvt<wchar_t, char, _mbstate_t>::do_out(_mbstate_t&, wchar_t const*, wchar_t const*, wchar_t const*&, char*, char*, char*&) const)
/Users/ap/SDKs/nacl/pepper_31/toolchain/mac_arm_newlib/bin/../lib/gcc/arm-nacl/4.8.1/../../../../arm-nacl/lib/libstdc++.a(locale_facets.o)
                              /Users/ap/SDKs/nacl/pepper_31/toolchain/mac_arm_newlib/bin/../lib/gcc/arm-nacl/4.8.1/../../../../arm-nacl/lib/libstdc++.a(locale-inst.o) (std::__num_base::_S_format_float(std::ios_base const&, char*, char))
/Users/ap/SDKs/nacl/pepper_31/toolchain/mac_arm_newlib/bin/../lib/gcc/arm-nacl/4.8.1/../../../../arm-nacl/lib/libstdc++.a(sstream-inst.o)
                              newlib/Debug/file_io_arm.o (std::basic_stringstream<char, std::char_traits<char>, std::allocator<char> >::~basic_stringstream())
/Users/ap/SDKs/nacl/pepper_31/toolchain/mac_arm_newlib/bin/../lib/gcc/arm-nacl/4.8.1/../../../../arm-nacl/lib/libstdc++.a(c++locale.o)
                              /Users/ap/SDKs/nacl/pepper_31/toolchain/mac_arm_newlib/bin/../lib/gcc/arm-nacl/4.8.1/../../../../arm-nacl/lib/libstdc++.a(locale-inst.o) (void std::__convert_to_v<float>(char const*, float&, std::_Ios_Iostate&, int* const&))
/Users/ap/SDKs/nacl/pepper_31/toolchain/mac_arm_newlib/bin/../lib/gcc/arm-nacl/4.8.1/../../../../arm-nacl/lib/libstdc++.a(misc-inst.o)
                              newlib/Debug/file_io_arm.o (std::basic_ostream<char, std::char_traits<char> >& std::operator<< <char, std::char_traits<char>, std::allocator<char> >(std::basic_ostream<char, std::char_traits<char> >&, std::basic_string<char, std::char_traits<char>, std::allocator<char> > const&))
/Users/ap/SDKs/nacl/pepper_31/toolchain/mac_arm_newlib/bin/../lib/gcc/arm-nacl/4.8.1/../../../../arm-nacl/lib/libstdc++.a(functexcept.o)
                              newlib/Debug/file_io_arm.o (std::__throw_bad_alloc())
/Users/ap/SDKs/nacl/pepper_31/toolchain/mac_arm_newlib/bin/../lib/gcc/arm-nacl/4.8.1/../../../../arm-nacl/lib/libstdc++.a(functional.o)
                              /Users/ap/SDKs/nacl/pepper_31/toolchain/mac_arm_newlib/bin/../lib/gcc/arm-nacl/4.8.1/../../../../arm-nacl/lib/libstdc++.a(functexcept.o) (std::bad_function_call::~bad_function_call())
/Users/ap/SDKs/nacl/pepper_31/toolchain/mac_arm_newlib/bin/../lib/gcc/arm-nacl/4.8.1/../../../../arm-nacl/lib/libstdc++.a(wstring-inst.o)
                              /Users/ap/SDKs/nacl/pepper_31/toolchain/mac_arm_newlib/bin/../lib/gcc/arm-nacl/4.8.1/../../../../arm-nacl/lib/libstdc++.a(istream.o) (std::basic_string<wchar_t, std::char_traits<wchar_t>, std::allocator<wchar_t> >::_Rep::_S_empty_rep_storage)
/Users/ap/SDKs/nacl/pepper_31/toolchain/mac_arm_newlib/bin/../lib/gcc/arm-nacl/4.8.1/../../../../arm-nacl/lib/libstdc++.a(system_error.o)
                              /Users/ap/SDKs/nacl/pepper_31/toolchain/mac_arm_newlib/bin/../lib/gcc/arm-nacl/4.8.1/../../../../arm-nacl/lib/libstdc++.a(functexcept.o) (std::system_error::~system_error())
/Users/ap/SDKs/nacl/pepper_31/toolchain/mac_arm_newlib/bin/../lib/gcc/arm-nacl/4.8.1/../../../../arm-nacl/lib/libstdc++.a(string-inst.o)
                              newlib/Debug/file_io_arm.o (std::string::data() const)
/Users/ap/SDKs/nacl/pepper_31/toolchain/mac_arm_newlib/bin/../lib/gcc/arm-nacl/4.8.1/../../../../arm-nacl/lib/libstdc++.a(future.o)
                              /Users/ap/SDKs/nacl/pepper_31/toolchain/mac_arm_newlib/bin/../lib/gcc/arm-nacl/4.8.1/../../../../arm-nacl/lib/libstdc++.a(functexcept.o) (std::future_error::~future_error())
/Users/ap/SDKs/nacl/pepper_31/toolchain/mac_arm_newlib/bin/../lib/gcc/arm-nacl/4.8.1/../../../../arm-nacl/lib/libstdc++.a(vmi_class_type_info.o)
                              /Users/ap/SDKs/nacl/pepper_31/toolchain/mac_arm_newlib/bin/../lib/gcc/arm-nacl/4.8.1/../../../../arm-nacl/lib/libstdc++.a(istream-inst.o) (vtable for __cxxabiv1::__vmi_class_type_info)
/Users/ap/SDKs/nacl/pepper_31/toolchain/mac_arm_newlib/bin/../lib/gcc/arm-nacl/4.8.1/../../../../arm-nacl/lib/libstdc++.a(vterminate.o)
                              /Users/ap/SDKs/nacl/pepper_31/toolchain/mac_arm_newlib/bin/../lib/gcc/arm-nacl/4.8.1/../../../../arm-nacl/lib/libstdc++.a(eh_term_handler.o) (__gnu_cxx::__verbose_terminate_handler())
/Users/ap/SDKs/nacl/pepper_31/toolchain/mac_arm_newlib/bin/../lib/gcc/arm-nacl/4.8.1/../../../../arm-nacl/lib/libstdc++.a(atexit_arm.o)
                              /Users/ap/SDKs/nacl/pepper_31/toolchain/mac_arm_newlib/bin/../lib/gcc/arm-nacl/4.8.1/../../../../arm-nacl/lib/libstdc++.a(system_error.o) (__aeabi_atexit)
/Users/ap/SDKs/nacl/pepper_31/toolchain/mac_arm_newlib/bin/../lib/gcc/arm-nacl/4.8.1/../../../../arm-nacl/lib/libstdc++.a(bad_typeid.o)
                              /Users/ap/SDKs/nacl/pepper_31/toolchain/mac_arm_newlib/bin/../lib/gcc/arm-nacl/4.8.1/../../../../arm-nacl/lib/libstdc++.a(functexcept.o) (std::bad_typeid::~bad_typeid())
/Users/ap/SDKs/nacl/pepper_31/toolchain/mac_arm_newlib/bin/../lib/gcc/arm-nacl/4.8.1/../../../../arm-nacl/lib/libstdc++.a(bad_cast.o)
                              /Users/ap/SDKs/nacl/pepper_31/toolchain/mac_arm_newlib/bin/../lib/gcc/arm-nacl/4.8.1/../../../../arm-nacl/lib/libstdc++.a(functexcept.o) (std::bad_cast::~bad_cast())
/Users/ap/SDKs/nacl/pepper_31/toolchain/mac_arm_newlib/bin/../lib/gcc/arm-nacl/4.8.1/../../../../arm-nacl/lib/libstdc++.a(dyncast.o)
                              /Users/ap/SDKs/nacl/pepper_31/toolchain/mac_arm_newlib/bin/../lib/gcc/arm-nacl/4.8.1/../../../../arm-nacl/lib/libstdc++.a(locale-inst.o) (__dynamic_cast)
/Users/ap/SDKs/nacl/pepper_31/toolchain/mac_arm_newlib/bin/../lib/gcc/arm-nacl/4.8.1/../../../../arm-nacl/lib/libstdc++.a(eh_type.o)
                              /Users/ap/SDKs/nacl/pepper_31/toolchain/mac_arm_newlib/bin/../lib/gcc/arm-nacl/4.8.1/../../../../arm-nacl/lib/libstdc++.a(vterminate.o) (__cxa_current_exception_type)
/Users/ap/SDKs/nacl/pepper_31/toolchain/mac_arm_newlib/bin/../lib/gcc/arm-nacl/4.8.1/../../../../arm-nacl/lib/libstdc++.a(eh_aux_runtime.o)
                              /Users/ap/SDKs/nacl/pepper_31/toolchain/mac_arm_newlib/bin/../lib/gcc/arm-nacl/4.8.1/../../../../arm-nacl/lib/libstdc++.a(locale-inst.o) (__cxa_bad_cast)
/Users/ap/SDKs/nacl/pepper_31/toolchain/mac_arm_newlib/bin/../lib/gcc/arm-nacl/4.8.1/../../../../arm-nacl/lib/libstdc++.a(cp-demangle.o)
                              /Users/ap/SDKs/nacl/pepper_31/toolchain/mac_arm_newlib/bin/../lib/gcc/arm-nacl/4.8.1/../../../../arm-nacl/lib/libstdc++.a(vterminate.o) (__cxa_demangle)
/Users/ap/SDKs/nacl/pepper_31/toolchain/mac_arm_newlib/bin/../lib/gcc/arm-nacl/4.8.1/../../../../arm-nacl/lib/libstdc++.a(ios_failure.o)
                              /Users/ap/SDKs/nacl/pepper_31/toolchain/mac_arm_newlib/bin/../lib/gcc/arm-nacl/4.8.1/../../../../arm-nacl/lib/libstdc++.a(functexcept.o) (std::ios_base::failure::~failure())
/Users/ap/SDKs/nacl/pepper_31/toolchain/mac_arm_newlib/bin/../lib/gcc/arm-nacl/4.8.1/../../../../arm-nacl/lib/libstdc++.a(stdexcept.o)
                              /Users/ap/SDKs/nacl/pepper_31/toolchain/mac_arm_newlib/bin/../lib/gcc/arm-nacl/4.8.1/../../../../arm-nacl/lib/libstdc++.a(system_error.o) (std::runtime_error::what() const)
/Users/ap/SDKs/nacl/pepper_31/toolchain/mac_arm_newlib/bin/../lib/gcc/arm-nacl/4.8.1/../../../../arm-nacl/lib/libstdc++.a(collate_members.o)
                              /Users/ap/SDKs/nacl/pepper_31/toolchain/mac_arm_newlib/bin/../lib/gcc/arm-nacl/4.8.1/../../../../arm-nacl/lib/libstdc++.a(locale-inst.o) (std::collate<char>::_M_compare(char const*, char const*) const)
/Users/ap/SDKs/nacl/pepper_31/toolchain/mac_arm_newlib/bin/../lib/gcc/arm-nacl/4.8.1/../../../../arm-nacl/lib/libstdc++.a(ctype_members.o)
                              /Users/ap/SDKs/nacl/pepper_31/toolchain/mac_arm_newlib/bin/../lib/gcc/arm-nacl/4.8.1/../../../../arm-nacl/lib/libstdc++.a(ctype.o) (std::ctype<wchar_t>::do_toupper(wchar_t) const)
/Users/ap/SDKs/nacl/pepper_31/toolchain/mac_arm_newlib/bin/../lib/gcc/arm-nacl/4.8.1/../../../../arm-nacl/lib/libstdc++.a(iostream-inst.o)
                              /Users/ap/SDKs/nacl/pepper_31/toolchain/mac_arm_newlib/bin/../lib/gcc/arm-nacl/4.8.1/../../../../arm-nacl/lib/libstdc++.a(sstream-inst.o) (std::basic_iostream<char, std::char_traits<char> >::~basic_iostream())
/Users/ap/SDKs/nacl/pepper_31/toolchain/mac_arm_newlib/bin/../lib/gcc/arm-nacl/4.8.1/../../../../arm-nacl/lib/libstdc++.a(streambuf-inst.o)
                              /Users/ap/SDKs/nacl/pepper_31/toolchain/mac_arm_newlib/bin/../lib/gcc/arm-nacl/4.8.1/../../../../arm-nacl/lib/libstdc++.a(sstream-inst.o) (std::basic_streambuf<char, std::char_traits<char> >::imbue(std::locale const&))
/Users/ap/SDKs/nacl/pepper_31/toolchain/mac_arm_newlib/bin/../lib/gcc/arm-nacl/4.8.1/../../../../arm-nacl/lib/libstdc++.a(regex.o)
                              /Users/ap/SDKs/nacl/pepper_31/toolchain/mac_arm_newlib/bin/../lib/gcc/arm-nacl/4.8.1/../../../../arm-nacl/lib/libstdc++.a(functexcept.o) (std::regex_error::~regex_error())
/Users/ap/SDKs/nacl/pepper_31/toolchain/mac_arm_newlib/bin/../lib/gcc/arm-nacl/4.8.1/libgcc.a(_udivsi3.o)
                              /Users/ap/SDKs/nacl/pepper_31/toolchain/mac_arm_newlib/bin/../lib/gcc/arm-nacl/4.8.1/../../../../arm-nacl/lib/libstdc++.a(locale-inst.o) (__aeabi_uidiv)
/Users/ap/SDKs/nacl/pepper_31/toolchain/mac_arm_newlib/bin/../lib/gcc/arm-nacl/4.8.1/libgcc.a(_divsi3.o)
                              /Users/ap/SDKs/nacl/pepper_31/toolchain/mac_arm_newlib/bin/../lib/gcc/arm-nacl/4.8.1/../../../../arm-nacl/lib/libstdc++.a(locale-inst.o) (__aeabi_idiv)
/Users/ap/SDKs/nacl/pepper_31/toolchain/mac_arm_newlib/bin/../lib/gcc/arm-nacl/4.8.1/libgcc.a(_aeabi_uldivmod.o)
                              /Users/ap/SDKs/nacl/pepper_31/toolchain/mac_arm_newlib/bin/../lib/gcc/arm-nacl/4.8.1/../../../../arm-nacl/lib/libstdc++.a(locale-inst.o) (__aeabi_uldivmod)
/Users/ap/SDKs/nacl/pepper_31/toolchain/mac_arm_newlib/bin/../lib/gcc/arm-nacl/4.8.1/libgcc.a(_dvmd_nacl.o)
                              /Users/ap/SDKs/nacl/pepper_31/toolchain/mac_arm_newlib/bin/../lib/gcc/arm-nacl/4.8.1/libgcc.a(_udivsi3.o) (__aeabi_idiv0)
/Users/ap/SDKs/nacl/pepper_31/toolchain/mac_arm_newlib/bin/../lib/gcc/arm-nacl/4.8.1/libgcc.a(bpabi.o)
                              /Users/ap/SDKs/nacl/pepper_31/toolchain/mac_arm_newlib/bin/../lib/gcc/arm-nacl/4.8.1/libgcc.a(_aeabi_uldivmod.o) (__gnu_uldivmod_helper)
/Users/ap/SDKs/nacl/pepper_31/toolchain/mac_arm_newlib/bin/../lib/gcc/arm-nacl/4.8.1/libgcc.a(unwind-dw2.o)
                              /Users/ap/SDKs/nacl/pepper_31/toolchain/mac_arm_newlib/bin/../lib/gcc/arm-nacl/4.8.1/../../../../arm-nacl/lib/libstdc++.a(eh_personality.o) (_Unwind_SetGR)
/Users/ap/SDKs/nacl/pepper_31/toolchain/mac_arm_newlib/bin/../lib/gcc/arm-nacl/4.8.1/libgcc.a(unwind-dw2-fde-dip.o)
                              /Users/ap/SDKs/nacl/pepper_31/toolchain/mac_arm_newlib/bin/../lib/gcc/arm-nacl/4.8.1/libgcc.a(unwind-dw2.o) (_Unwind_Find_FDE)
/Users/ap/SDKs/nacl/pepper_31/toolchain/mac_arm_newlib/bin/../lib/gcc/arm-nacl/4.8.1/libgcc.a(_divdi3.o)
                              /Users/ap/SDKs/nacl/pepper_31/toolchain/mac_arm_newlib/bin/../lib/gcc/arm-nacl/4.8.1/libgcc.a(bpabi.o) (__divdi3)
/Users/ap/SDKs/nacl/pepper_31/toolchain/mac_arm_newlib/bin/../lib/gcc/arm-nacl/4.8.1/libgcc.a(_udivdi3.o)
                              /Users/ap/SDKs/nacl/pepper_31/toolchain/mac_arm_newlib/bin/../lib/gcc/arm-nacl/4.8.1/libgcc.a(bpabi.o) (__udivdi3)
/Users/ap/SDKs/nacl/pepper_31/toolchain/mac_arm_newlib/bin/../lib/gcc/arm-nacl/4.8.1/../../../../arm-nacl/lib/libcrt_common.a(lib_a-abort.o)
                              /Users/ap/SDKs/nacl/pepper_31/toolchain/mac_arm_newlib/bin/../lib/gcc/arm-nacl/4.8.1/../../../../arm-nacl/lib/libstdc++.a(eh_personality.o) (abort)
/Users/ap/SDKs/nacl/pepper_31/toolchain/mac_arm_newlib/bin/../lib/gcc/arm-nacl/4.8.1/../../../../arm-nacl/lib/libcrt_common.a(lib_a-assert.o)
                              newlib/Debug/file_io_arm.o (__assert_func)
/Users/ap/SDKs/nacl/pepper_31/toolchain/mac_arm_newlib/bin/../lib/gcc/arm-nacl/4.8.1/../../../../arm-nacl/lib/libcrt_common.a(lib_a-btowc.o)
                              /Users/ap/SDKs/nacl/pepper_31/toolchain/mac_arm_newlib/bin/../lib/gcc/arm-nacl/4.8.1/../../../../arm-nacl/lib/libstdc++.a(ctype_members.o) (btowc)
/Users/ap/SDKs/nacl/pepper_31/toolchain/mac_arm_newlib/bin/../lib/gcc/arm-nacl/4.8.1/../../../../arm-nacl/lib/libcrt_common.a(lib_a-ctype_.o)
                              /Users/ap/SDKs/nacl/pepper_31/toolchain/mac_arm_newlib/bin/../lib/gcc/arm-nacl/4.8.1/../../../../arm-nacl/lib/libstdc++.a(ctype_configure_char.o) (_ctype_)
/Users/ap/SDKs/nacl/pepper_31/toolchain/mac_arm_newlib/bin/../lib/gcc/arm-nacl/4.8.1/../../../../arm-nacl/lib/libcrt_common.a(lib_a-cxa_atexit.o)
                              /Users/ap/SDKs/nacl/pepper_31/toolchain/mac_arm_newlib/bin/../lib/gcc/arm-nacl/4.8.1/../../../../arm-nacl/lib/libstdc++.a(atexit_arm.o) (__cxa_atexit)
/Users/ap/SDKs/nacl/pepper_31/toolchain/mac_arm_newlib/bin/../lib/gcc/arm-nacl/4.8.1/../../../../arm-nacl/lib/libcrt_common.a(lib_a-environ.o)
                              /Users/ap/SDKs/nacl/pepper_31/toolchain/mac_arm_newlib/bin/../lib/gcc/arm-nacl/4.8.1/../../../../arm-nacl/lib/libppapi_stub.a(ppapi_plugin_start.o) (environ)
/Users/ap/SDKs/nacl/pepper_31/toolchain/mac_arm_newlib/bin/../lib/gcc/arm-nacl/4.8.1/../../../../arm-nacl/lib/libcrt_common.a(lib_a-exit.o)
                              (exit)
/Users/ap/SDKs/nacl/pepper_31/toolchain/mac_arm_newlib/bin/../lib/gcc/arm-nacl/4.8.1/../../../../arm-nacl/lib/libcrt_common.a(lib_a-fflush.o)
                              /Users/ap/SDKs/nacl/pepper_31/toolchain/mac_arm_newlib/bin/../lib/gcc/arm-nacl/4.8.1/../../../../arm-nacl/lib/libstdc++.a(misc-inst.o) (fflush)
/Users/ap/SDKs/nacl/pepper_31/toolchain/mac_arm_newlib/bin/../lib/gcc/arm-nacl/4.8.1/../../../../arm-nacl/lib/libcrt_common.a(lib_a-findfp.o)
                              /Users/ap/SDKs/nacl/pepper_31/toolchain/mac_arm_newlib/bin/../lib/gcc/arm-nacl/4.8.1/../../../../arm-nacl/lib/libcrt_common.a(lib_a-fflush.o) (__sinit)
/Users/ap/SDKs/nacl/pepper_31/toolchain/mac_arm_newlib/bin/../lib/gcc/arm-nacl/4.8.1/../../../../arm-nacl/lib/libcrt_common.a(lib_a-fiprintf.o)
                              /Users/ap/SDKs/nacl/pepper_31/toolchain/mac_arm_newlib/bin/../lib/gcc/arm-nacl/4.8.1/../../../../arm-nacl/lib/libcrt_common.a(lib_a-assert.o) (fiprintf)
/Users/ap/SDKs/nacl/pepper_31/toolchain/mac_arm_newlib/bin/../lib/gcc/arm-nacl/4.8.1/../../../../arm-nacl/lib/libcrt_common.a(lib_a-fputc.o)
                              /Users/ap/SDKs/nacl/pepper_31/toolchain/mac_arm_newlib/bin/../lib/gcc/arm-nacl/4.8.1/../../../../arm-nacl/lib/libstdc++.a(vterminate.o) (fputc)
/Users/ap/SDKs/nacl/pepper_31/toolchain/mac_arm_newlib/bin/../lib/gcc/arm-nacl/4.8.1/../../../../arm-nacl/lib/libcrt_common.a(lib_a-fputs.o)
                              /Users/ap/SDKs/nacl/pepper_31/toolchain/mac_arm_newlib/bin/../lib/gcc/arm-nacl/4.8.1/../../../../arm-nacl/lib/libstdc++.a(vterminate.o) (fputs)
/Users/ap/SDKs/nacl/pepper_31/toolchain/mac_arm_newlib/bin/../lib/gcc/arm-nacl/4.8.1/../../../../arm-nacl/lib/libcrt_common.a(lib_a-fread.o)
                              /Users/ap/SDKs/nacl/pepper_31/toolchain/mac_arm_newlib/bin/../lib/gcc/arm-nacl/4.8.1/../../../../arm-nacl/lib/libstdc++.a(misc-inst.o) (fread)
/Users/ap/SDKs/nacl/pepper_31/toolchain/mac_arm_newlib/bin/../lib/gcc/arm-nacl/4.8.1/../../../../arm-nacl/lib/libcrt_common.a(lib_a-fseek.o)
                              /Users/ap/SDKs/nacl/pepper_31/toolchain/mac_arm_newlib/bin/../lib/gcc/arm-nacl/4.8.1/../../../../arm-nacl/lib/libstdc++.a(misc-inst.o) (fseek)
/Users/ap/SDKs/nacl/pepper_31/toolchain/mac_arm_newlib/bin/../lib/gcc/arm-nacl/4.8.1/../../../../arm-nacl/lib/libcrt_common.a(lib_a-fstatr.o)
                              /Users/ap/SDKs/nacl/pepper_31/toolchain/mac_arm_newlib/bin/../lib/gcc/arm-nacl/4.8.1/../../../../arm-nacl/lib/libcrt_common.a(lib_a-fseek.o) (_fstat_r)
/Users/ap/SDKs/nacl/pepper_31/toolchain/mac_arm_newlib/bin/../lib/gcc/arm-nacl/4.8.1/../../../../arm-nacl/lib/libcrt_common.a(lib_a-ftell.o)
                              /Users/ap/SDKs/nacl/pepper_31/toolchain/mac_arm_newlib/bin/../lib/gcc/arm-nacl/4.8.1/../../../../arm-nacl/lib/libstdc++.a(misc-inst.o) (ftell)
/Users/ap/SDKs/nacl/pepper_31/toolchain/mac_arm_newlib/bin/../lib/gcc/arm-nacl/4.8.1/../../../../arm-nacl/lib/libcrt_common.a(lib_a-fvwrite.o)
                              /Users/ap/SDKs/nacl/pepper_31/toolchain/mac_arm_newlib/bin/../lib/gcc/arm-nacl/4.8.1/../../../../arm-nacl/lib/libcrt_common.a(lib_a-fputs.o) (__sfvwrite_r)
/Users/ap/SDKs/nacl/pepper_31/toolchain/mac_arm_newlib/bin/../lib/gcc/arm-nacl/4.8.1/../../../../arm-nacl/lib/libcrt_common.a(lib_a-fwalk.o)
                              /Users/ap/SDKs/nacl/pepper_31/toolchain/mac_arm_newlib/bin/../lib/gcc/arm-nacl/4.8.1/../../../../arm-nacl/lib/libcrt_common.a(lib_a-findfp.o) (_fwalk)
/Users/ap/SDKs/nacl/pepper_31/toolchain/mac_arm_newlib/bin/../lib/gcc/arm-nacl/4.8.1/../../../../arm-nacl/lib/libcrt_common.a(lib_a-fwrite.o)
                              /Users/ap/SDKs/nacl/pepper_31/toolchain/mac_arm_newlib/bin/../lib/gcc/arm-nacl/4.8.1/../../../../arm-nacl/lib/libstdc++.a(misc-inst.o) (fwrite)
/Users/ap/SDKs/nacl/pepper_31/toolchain/mac_arm_newlib/bin/../lib/gcc/arm-nacl/4.8.1/../../../../arm-nacl/lib/libcrt_common.a(lib_a-getc.o)
                              /Users/ap/SDKs/nacl/pepper_31/toolchain/mac_arm_newlib/bin/../lib/gcc/arm-nacl/4.8.1/../../../../arm-nacl/lib/libstdc++.a(misc-inst.o) (getc)
/Users/ap/SDKs/nacl/pepper_31/toolchain/mac_arm_newlib/bin/../lib/gcc/arm-nacl/4.8.1/../../../../arm-nacl/lib/libcrt_common.a(lib_a-getenv.o)
                              /Users/ap/SDKs/nacl/pepper_31/toolchain/mac_arm_newlib/bin/../lib/gcc/arm-nacl/4.8.1/../../../../arm-nacl/lib/libpthread.a(dynamic_annotations.o) (getenv)
/Users/ap/SDKs/nacl/pepper_31/toolchain/mac_arm_newlib/bin/../lib/gcc/arm-nacl/4.8.1/../../../../arm-nacl/lib/libcrt_common.a(lib_a-getenv_r.o)
                              /Users/ap/SDKs/nacl/pepper_31/toolchain/mac_arm_newlib/bin/../lib/gcc/arm-nacl/4.8.1/../../../../arm-nacl/lib/libcrt_common.a(lib_a-getenv.o) (_findenv_r)
/Users/ap/SDKs/nacl/pepper_31/toolchain/mac_arm_newlib/bin/../lib/gcc/arm-nacl/4.8.1/../../../../arm-nacl/lib/libcrt_common.a(lib_a-getwc.o)
                              /Users/ap/SDKs/nacl/pepper_31/toolchain/mac_arm_newlib/bin/../lib/gcc/arm-nacl/4.8.1/../../../../arm-nacl/lib/libstdc++.a(misc-inst.o) (getwc)
/Users/ap/SDKs/nacl/pepper_31/toolchain/mac_arm_newlib/bin/../lib/gcc/arm-nacl/4.8.1/../../../../arm-nacl/lib/libcrt_common.a(lib_a-impure.o)
                              /Users/ap/SDKs/nacl/pepper_31/toolchain/mac_arm_newlib/bin/../lib/gcc/arm-nacl/4.8.1/../../../../arm-nacl/lib/libpthread.a(nc_thread.o) (__newlib_thread_init)
/Users/ap/SDKs/nacl/pepper_31/toolchain/mac_arm_newlib/bin/../lib/gcc/arm-nacl/4.8.1/../../../../arm-nacl/lib/libcrt_common.a(lib_a-iswctype.o)
                              /Users/ap/SDKs/nacl/pepper_31/toolchain/mac_arm_newlib/bin/../lib/gcc/arm-nacl/4.8.1/../../../../arm-nacl/lib/libstdc++.a(ctype_members.o) (iswctype)
/Users/ap/SDKs/nacl/pepper_31/toolchain/mac_arm_newlib/bin/../lib/gcc/arm-nacl/4.8.1/../../../../arm-nacl/lib/libcrt_common.a(lib_a-iswdigit.o)
                              /Users/ap/SDKs/nacl/pepper_31/toolchain/mac_arm_newlib/bin/../lib/gcc/arm-nacl/4.8.1/../../../../arm-nacl/lib/libcrt_common.a(lib_a-iswctype.o) (iswdigit)
/Users/ap/SDKs/nacl/pepper_31/toolchain/mac_arm_newlib/bin/../lib/gcc/arm-nacl/4.8.1/../../../../arm-nacl/lib/libcrt_common.a(lib_a-iswgraph.o)
                              /Users/ap/SDKs/nacl/pepper_31/toolchain/mac_arm_newlib/bin/../lib/gcc/arm-nacl/4.8.1/../../../../arm-nacl/lib/libcrt_common.a(lib_a-iswctype.o) (iswgraph)
/Users/ap/SDKs/nacl/pepper_31/toolchain/mac_arm_newlib/bin/../lib/gcc/arm-nacl/4.8.1/../../../../arm-nacl/lib/libcrt_common.a(lib_a-iswlower.o)
                              /Users/ap/SDKs/nacl/pepper_31/toolchain/mac_arm_newlib/bin/../lib/gcc/arm-nacl/4.8.1/../../../../arm-nacl/lib/libcrt_common.a(lib_a-iswctype.o) (iswlower)
/Users/ap/SDKs/nacl/pepper_31/toolchain/mac_arm_newlib/bin/../lib/gcc/arm-nacl/4.8.1/../../../../arm-nacl/lib/libcrt_common.a(lib_a-iswprint.o)
                              /Users/ap/SDKs/nacl/pepper_31/toolchain/mac_arm_newlib/bin/../lib/gcc/arm-nacl/4.8.1/../../../../arm-nacl/lib/libcrt_common.a(lib_a-iswctype.o) (iswprint)
/Users/ap/SDKs/nacl/pepper_31/toolchain/mac_arm_newlib/bin/../lib/gcc/arm-nacl/4.8.1/../../../../arm-nacl/lib/libcrt_common.a(lib_a-iswpunct.o)
                              /Users/ap/SDKs/nacl/pepper_31/toolchain/mac_arm_newlib/bin/../lib/gcc/arm-nacl/4.8.1/../../../../arm-nacl/lib/libcrt_common.a(lib_a-iswctype.o) (iswpunct)
/Users/ap/SDKs/nacl/pepper_31/toolchain/mac_arm_newlib/bin/../lib/gcc/arm-nacl/4.8.1/../../../../arm-nacl/lib/libcrt_common.a(lib_a-iswspace.o)
                              /Users/ap/SDKs/nacl/pepper_31/toolchain/mac_arm_newlib/bin/../lib/gcc/arm-nacl/4.8.1/../../../../arm-nacl/lib/libcrt_common.a(lib_a-iswctype.o) (iswspace)
/Users/ap/SDKs/nacl/pepper_31/toolchain/mac_arm_newlib/bin/../lib/gcc/arm-nacl/4.8.1/../../../../arm-nacl/lib/libcrt_common.a(lib_a-iswupper.o)
                              /Users/ap/SDKs/nacl/pepper_31/toolchain/mac_arm_newlib/bin/../lib/gcc/arm-nacl/4.8.1/../../../../arm-nacl/lib/libcrt_common.a(lib_a-iswctype.o) (iswupper)
/Users/ap/SDKs/nacl/pepper_31/toolchain/mac_arm_newlib/bin/../lib/gcc/arm-nacl/4.8.1/../../../../arm-nacl/lib/libcrt_common.a(lib_a-iswxdigit.o)
                              /Users/ap/SDKs/nacl/pepper_31/toolchain/mac_arm_newlib/bin/../lib/gcc/arm-nacl/4.8.1/../../../../arm-nacl/lib/libcrt_common.a(lib_a-iswctype.o) (iswxdigit)
/Users/ap/SDKs/nacl/pepper_31/toolchain/mac_arm_newlib/bin/../lib/gcc/arm-nacl/4.8.1/../../../../arm-nacl/lib/libcrt_common.a(lib_a-jp2uc.o)
                              /Users/ap/SDKs/nacl/pepper_31/toolchain/mac_arm_newlib/bin/../lib/gcc/arm-nacl/4.8.1/../../../../arm-nacl/lib/libcrt_common.a(lib_a-iswprint.o) (_jp2uc)
/Users/ap/SDKs/nacl/pepper_31/toolchain/mac_arm_newlib/bin/../lib/gcc/arm-nacl/4.8.1/../../../../arm-nacl/lib/libcrt_common.a(lib_a-locale.o)
                              /Users/ap/SDKs/nacl/pepper_31/toolchain/mac_arm_newlib/bin/../lib/gcc/arm-nacl/4.8.1/../../../../arm-nacl/lib/libcrt_common.a(lib_a-btowc.o) (__locale_charset)
/Users/ap/SDKs/nacl/pepper_31/toolchain/mac_arm_newlib/bin/../lib/gcc/arm-nacl/4.8.1/../../../../arm-nacl/lib/libcrt_common.a(lib_a-makebuf.o)
                              /Users/ap/SDKs/nacl/pepper_31/toolchain/mac_arm_newlib/bin/../lib/gcc/arm-nacl/4.8.1/../../../../arm-nacl/lib/libcrt_common.a(lib_a-fseek.o) (__smakebuf_r)
/Users/ap/SDKs/nacl/pepper_31/toolchain/mac_arm_newlib/bin/../lib/gcc/arm-nacl/4.8.1/../../../../arm-nacl/lib/libcrt_common.a(lib_a-mbrtowc.o)
                              /Users/ap/SDKs/nacl/pepper_31/toolchain/mac_arm_newlib/bin/../lib/gcc/arm-nacl/4.8.1/../../../../arm-nacl/lib/libstdc++.a(codecvt_members.o) (mbrtowc)
/Users/ap/SDKs/nacl/pepper_31/toolchain/mac_arm_newlib/bin/../lib/gcc/arm-nacl/4.8.1/../../../../arm-nacl/lib/libcrt_common.a(lib_a-mbtowc_r.o)
                              /Users/ap/SDKs/nacl/pepper_31/toolchain/mac_arm_newlib/bin/../lib/gcc/arm-nacl/4.8.1/../../../../arm-nacl/lib/libcrt_common.a(lib_a-locale.o) (__ascii_mbtowc)
/Users/ap/SDKs/nacl/pepper_31/toolchain/mac_arm_newlib/bin/../lib/gcc/arm-nacl/4.8.1/../../../../arm-nacl/lib/libcrt_common.a(lib_a-memchr.o)
                              /Users/ap/SDKs/nacl/pepper_31/toolchain/mac_arm_newlib/bin/../lib/gcc/arm-nacl/4.8.1/../../../../arm-nacl/lib/libstdc++.a(locale-inst.o) (memchr)
/Users/ap/SDKs/nacl/pepper_31/toolchain/mac_arm_newlib/bin/../lib/gcc/arm-nacl/4.8.1/../../../../arm-nacl/lib/libcrt_common.a(lib_a-memcmp.o)
                              /Users/ap/SDKs/nacl/pepper_31/lib/newlib_arm/Debug/libppapi_cpp.a(var_arm.o) (memcmp)
/Users/ap/SDKs/nacl/pepper_31/toolchain/mac_arm_newlib/bin/../lib/gcc/arm-nacl/4.8.1/../../../../arm-nacl/lib/libcrt_common.a(lib_a-memcpy.o)
                              /Users/ap/SDKs/nacl/pepper_31/lib/newlib_arm/Debug/libppapi_cpp.a(file_io_arm.o) (memcpy)
/Users/ap/SDKs/nacl/pepper_31/toolchain/mac_arm_newlib/bin/../lib/gcc/arm-nacl/4.8.1/../../../../arm-nacl/lib/libcrt_common.a(lib_a-memmove.o)
                              /Users/ap/SDKs/nacl/pepper_31/lib/newlib_arm/Debug/libppapi_cpp.a(directory_entry_arm.o) (memmove)
/Users/ap/SDKs/nacl/pepper_31/toolchain/mac_arm_newlib/bin/../lib/gcc/arm-nacl/4.8.1/../../../../arm-nacl/lib/libcrt_common.a(lib_a-memset.o)
                              newlib/Debug/file_io_arm.o (memset)
/Users/ap/SDKs/nacl/pepper_31/toolchain/mac_arm_newlib/bin/../lib/gcc/arm-nacl/4.8.1/../../../../arm-nacl/lib/libcrt_common.a(lib_a-putc.o)
                              /Users/ap/SDKs/nacl/pepper_31/toolchain/mac_arm_newlib/bin/../lib/gcc/arm-nacl/4.8.1/../../../../arm-nacl/lib/libcrt_common.a(lib_a-fputc.o) (_putc_r)
/Users/ap/SDKs/nacl/pepper_31/toolchain/mac_arm_newlib/bin/../lib/gcc/arm-nacl/4.8.1/../../../../arm-nacl/lib/libcrt_common.a(lib_a-putwc.o)
                              /Users/ap/SDKs/nacl/pepper_31/toolchain/mac_arm_newlib/bin/../lib/gcc/arm-nacl/4.8.1/../../../../arm-nacl/lib/libstdc++.a(misc-inst.o) (putwc)
/Users/ap/SDKs/nacl/pepper_31/toolchain/mac_arm_newlib/bin/../lib/gcc/arm-nacl/4.8.1/../../../../arm-nacl/lib/libcrt_common.a(lib_a-reent.o)
                              /Users/ap/SDKs/nacl/pepper_31/toolchain/mac_arm_newlib/bin/../lib/gcc/arm-nacl/4.8.1/../../../../arm-nacl/lib/libcrt_common.a(lib_a-fstatr.o) (errno)
/Users/ap/SDKs/nacl/pepper_31/toolchain/mac_arm_newlib/bin/../lib/gcc/arm-nacl/4.8.1/../../../../arm-nacl/lib/libcrt_common.a(lib_a-refill.o)
                              /Users/ap/SDKs/nacl/pepper_31/toolchain/mac_arm_newlib/bin/../lib/gcc/arm-nacl/4.8.1/../../../../arm-nacl/lib/libcrt_common.a(lib_a-fread.o) (__srefill_r)
/Users/ap/SDKs/nacl/pepper_31/toolchain/mac_arm_newlib/bin/../lib/gcc/arm-nacl/4.8.1/../../../../arm-nacl/lib/libcrt_common.a(lib_a-rget.o)
                              /Users/ap/SDKs/nacl/pepper_31/toolchain/mac_arm_newlib/bin/../lib/gcc/arm-nacl/4.8.1/../../../../arm-nacl/lib/libcrt_common.a(lib_a-getc.o) (__srget_r)
/Users/ap/SDKs/nacl/pepper_31/toolchain/mac_arm_newlib/bin/../lib/gcc/arm-nacl/4.8.1/../../../../arm-nacl/lib/libcrt_common.a(lib_a-snprintf.o)
                              /Users/ap/SDKs/nacl/pepper_31/lib/newlib_arm/Debug/libppapi_cpp.a(var_arm.o) (snprintf)
/Users/ap/SDKs/nacl/pepper_31/toolchain/mac_arm_newlib/bin/../lib/gcc/arm-nacl/4.8.1/../../../../arm-nacl/lib/libcrt_common.a(lib_a-sprintf.o)
                              /Users/ap/SDKs/nacl/pepper_31/toolchain/mac_arm_newlib/bin/../lib/gcc/arm-nacl/4.8.1/../../../../arm-nacl/lib/libstdc++.a(cp-demangle.o) (sprintf)
/Users/ap/SDKs/nacl/pepper_31/toolchain/mac_arm_newlib/bin/../lib/gcc/arm-nacl/4.8.1/../../../../arm-nacl/lib/libcrt_common.a(lib_a-sscanf.o)
                              /Users/ap/SDKs/nacl/pepper_31/toolchain/mac_arm_newlib/bin/../lib/gcc/arm-nacl/4.8.1/../../../../arm-nacl/lib/libstdc++.a(c++locale.o) (sscanf)
/Users/ap/SDKs/nacl/pepper_31/toolchain/mac_arm_newlib/bin/../lib/gcc/arm-nacl/4.8.1/../../../../arm-nacl/lib/libcrt_common.a(lib_a-stdio.o)
                              /Users/ap/SDKs/nacl/pepper_31/toolchain/mac_arm_newlib/bin/../lib/gcc/arm-nacl/4.8.1/../../../../arm-nacl/lib/libcrt_common.a(lib_a-findfp.o) (__sread)
/Users/ap/SDKs/nacl/pepper_31/toolchain/mac_arm_newlib/bin/../lib/gcc/arm-nacl/4.8.1/../../../../arm-nacl/lib/libcrt_common.a(lib_a-strcasecmp.o)
                              /Users/ap/SDKs/nacl/pepper_31/toolchain/mac_arm_newlib/bin/../lib/gcc/arm-nacl/4.8.1/../../../../arm-nacl/lib/libcrt_common.a(lib_a-locale.o) (strcasecmp)
/Users/ap/SDKs/nacl/pepper_31/toolchain/mac_arm_newlib/bin/../lib/gcc/arm-nacl/4.8.1/../../../../arm-nacl/lib/libcrt_common.a(lib_a-strcat.o)
                              /Users/ap/SDKs/nacl/pepper_31/toolchain/mac_arm_newlib/bin/../lib/gcc/arm-nacl/4.8.1/../../../../arm-nacl/lib/libcrt_common.a(lib_a-locale.o) (strcat)
/Users/ap/SDKs/nacl/pepper_31/toolchain/mac_arm_newlib/bin/../lib/gcc/arm-nacl/4.8.1/../../../../arm-nacl/lib/libcrt_common.a(lib_a-strchr.o)
                              /Users/ap/SDKs/nacl/pepper_31/toolchain/mac_arm_newlib/bin/../lib/gcc/arm-nacl/4.8.1/../../../../arm-nacl/lib/libcrt_common.a(lib_a-locale.o) (strchr)
/Users/ap/SDKs/nacl/pepper_31/toolchain/mac_arm_newlib/bin/../lib/gcc/arm-nacl/4.8.1/../../../../arm-nacl/lib/libcrt_common.a(lib_a-strcmp.o)
                              /Users/ap/SDKs/nacl/pepper_31/lib/newlib_arm/Debug/libppapi_cpp.a(module_arm.o) (strcmp)
/Users/ap/SDKs/nacl/pepper_31/toolchain/mac_arm_newlib/bin/../lib/gcc/arm-nacl/4.8.1/../../../../arm-nacl/lib/libcrt_common.a(lib_a-strcoll.o)
                              /Users/ap/SDKs/nacl/pepper_31/toolchain/mac_arm_newlib/bin/../lib/gcc/arm-nacl/4.8.1/../../../../arm-nacl/lib/libstdc++.a(collate_members.o) (strcoll)
/Users/ap/SDKs/nacl/pepper_31/toolchain/mac_arm_newlib/bin/../lib/gcc/arm-nacl/4.8.1/../../../../arm-nacl/lib/libcrt_common.a(lib_a-strcpy.o)
                              /Users/ap/SDKs/nacl/pepper_31/toolchain/mac_arm_newlib/bin/../lib/gcc/arm-nacl/4.8.1/../../../../arm-nacl/lib/libcrt_common.a(lib_a-locale.o) (strcpy)
/Users/ap/SDKs/nacl/pepper_31/toolchain/mac_arm_newlib/bin/../lib/gcc/arm-nacl/4.8.1/../../../../arm-nacl/lib/libcrt_common.a(lib_a-strerror.o)
                              /Users/ap/SDKs/nacl/pepper_31/toolchain/mac_arm_newlib/bin/../lib/gcc/arm-nacl/4.8.1/../../../../arm-nacl/lib/libstdc++.a(system_error.o) (strerror)
/Users/ap/SDKs/nacl/pepper_31/toolchain/mac_arm_newlib/bin/../lib/gcc/arm-nacl/4.8.1/../../../../arm-nacl/lib/libcrt_common.a(lib_a-strftime.o)
                              /Users/ap/SDKs/nacl/pepper_31/toolchain/mac_arm_newlib/bin/../lib/gcc/arm-nacl/4.8.1/../../../../arm-nacl/lib/libstdc++.a(time_members.o) (strftime)
/Users/ap/SDKs/nacl/pepper_31/toolchain/mac_arm_newlib/bin/../lib/gcc/arm-nacl/4.8.1/../../../../arm-nacl/lib/libcrt_common.a(lib_a-strlcpy.o)
                              /Users/ap/SDKs/nacl/pepper_31/toolchain/mac_arm_newlib/bin/../lib/gcc/arm-nacl/4.8.1/../../../../arm-nacl/lib/libcrt_common.a(lib_a-locale.o) (strlcpy)
/Users/ap/SDKs/nacl/pepper_31/toolchain/mac_arm_newlib/bin/../lib/gcc/arm-nacl/4.8.1/../../../../arm-nacl/lib/libcrt_common.a(lib_a-strlen-armv7.o)
                              newlib/Debug/file_io_arm.o (strlen)
/Users/ap/SDKs/nacl/pepper_31/toolchain/mac_arm_newlib/bin/../lib/gcc/arm-nacl/4.8.1/../../../../arm-nacl/lib/libcrt_common.a(lib_a-strncasecmp.o)
                              /Users/ap/SDKs/nacl/pepper_31/toolchain/mac_arm_newlib/bin/../lib/gcc/arm-nacl/4.8.1/../../../../arm-nacl/lib/libcrt_common.a(lib_a-locale.o) (strncasecmp)
/Users/ap/SDKs/nacl/pepper_31/toolchain/mac_arm_newlib/bin/../lib/gcc/arm-nacl/4.8.1/../../../../arm-nacl/lib/libcrt_common.a(lib_a-strncmp.o)
                              /Users/ap/SDKs/nacl/pepper_31/toolchain/mac_arm_newlib/bin/../lib/gcc/arm-nacl/4.8.1/../../../../arm-nacl/lib/libstdc++.a(cp-demangle.o) (strncmp)
/Users/ap/SDKs/nacl/pepper_31/toolchain/mac_arm_newlib/bin/../lib/gcc/arm-nacl/4.8.1/../../../../arm-nacl/lib/libcrt_common.a(lib_a-strncpy.o)
                              /Users/ap/SDKs/nacl/pepper_31/toolchain/mac_arm_newlib/bin/../lib/gcc/arm-nacl/4.8.1/../../../../arm-nacl/lib/libcrt_common.a(lib_a-locale.o) (strncpy)
/Users/ap/SDKs/nacl/pepper_31/toolchain/mac_arm_newlib/bin/../lib/gcc/arm-nacl/4.8.1/../../../../arm-nacl/lib/libcrt_common.a(lib_a-strtod.o)
                              /Users/ap/SDKs/nacl/pepper_31/toolchain/mac_arm_newlib/bin/../lib/gcc/arm-nacl/4.8.1/../../../../arm-nacl/lib/libstdc++.a(c++locale.o) (strtod)
/Users/ap/SDKs/nacl/pepper_31/toolchain/mac_arm_newlib/bin/../lib/gcc/arm-nacl/4.8.1/../../../../arm-nacl/lib/libcrt_common.a(lib_a-strtol.o)
                              /Users/ap/SDKs/nacl/pepper_31/toolchain/mac_arm_newlib/bin/../lib/gcc/arm-nacl/4.8.1/../../../../arm-nacl/lib/libcrt_common.a(lib_a-locale.o) (_strtol_r)
/Users/ap/SDKs/nacl/pepper_31/toolchain/mac_arm_newlib/bin/../lib/gcc/arm-nacl/4.8.1/../../../../arm-nacl/lib/libcrt_common.a(lib_a-strtoul.o)
                              /Users/ap/SDKs/nacl/pepper_31/toolchain/mac_arm_newlib/bin/../lib/gcc/arm-nacl/4.8.1/../../../../arm-nacl/lib/libcrt_common.a(lib_a-strftime.o) (strtoul)
/Users/ap/SDKs/nacl/pepper_31/toolchain/mac_arm_newlib/bin/../lib/gcc/arm-nacl/4.8.1/../../../../arm-nacl/lib/libcrt_common.a(lib_a-strxfrm.o)
                              /Users/ap/SDKs/nacl/pepper_31/toolchain/mac_arm_newlib/bin/../lib/gcc/arm-nacl/4.8.1/../../../../arm-nacl/lib/libstdc++.a(collate_members.o) (strxfrm)
/Users/ap/SDKs/nacl/pepper_31/toolchain/mac_arm_newlib/bin/../lib/gcc/arm-nacl/4.8.1/../../../../arm-nacl/lib/libcrt_common.a(lib_a-svfprintf.o)
                              /Users/ap/SDKs/nacl/pepper_31/toolchain/mac_arm_newlib/bin/../lib/gcc/arm-nacl/4.8.1/../../../../arm-nacl/lib/libcrt_common.a(lib_a-snprintf.o) (_svfprintf_r)
/Users/ap/SDKs/nacl/pepper_31/toolchain/mac_arm_newlib/bin/../lib/gcc/arm-nacl/4.8.1/../../../../arm-nacl/lib/libcrt_common.a(lib_a-svfscanf.o)
                              /Users/ap/SDKs/nacl/pepper_31/toolchain/mac_arm_newlib/bin/../lib/gcc/arm-nacl/4.8.1/../../../../arm-nacl/lib/libcrt_common.a(lib_a-sscanf.o) (__ssvfscanf_r)
/Users/ap/SDKs/nacl/pepper_31/toolchain/mac_arm_newlib/bin/../lib/gcc/arm-nacl/4.8.1/../../../../arm-nacl/lib/libcrt_common.a(lib_a-timelocal.o)
                              /Users/ap/SDKs/nacl/pepper_31/toolchain/mac_arm_newlib/bin/../lib/gcc/arm-nacl/4.8.1/../../../../arm-nacl/lib/libcrt_common.a(lib_a-strftime.o) (__get_current_time_locale)
/Users/ap/SDKs/nacl/pepper_31/toolchain/mac_arm_newlib/bin/../lib/gcc/arm-nacl/4.8.1/../../../../arm-nacl/lib/libcrt_common.a(lib_a-towlower.o)
                              /Users/ap/SDKs/nacl/pepper_31/toolchain/mac_arm_newlib/bin/../lib/gcc/arm-nacl/4.8.1/../../../../arm-nacl/lib/libstdc++.a(ctype_members.o) (towlower)
/Users/ap/SDKs/nacl/pepper_31/toolchain/mac_arm_newlib/bin/../lib/gcc/arm-nacl/4.8.1/../../../../arm-nacl/lib/libcrt_common.a(lib_a-towupper.o)
                              /Users/ap/SDKs/nacl/pepper_31/toolchain/mac_arm_newlib/bin/../lib/gcc/arm-nacl/4.8.1/../../../../arm-nacl/lib/libstdc++.a(ctype_members.o) (towupper)
/Users/ap/SDKs/nacl/pepper_31/toolchain/mac_arm_newlib/bin/../lib/gcc/arm-nacl/4.8.1/../../../../arm-nacl/lib/libcrt_common.a(lib_a-tzlock.o)
                              /Users/ap/SDKs/nacl/pepper_31/toolchain/mac_arm_newlib/bin/../lib/gcc/arm-nacl/4.8.1/../../../../arm-nacl/lib/libcrt_common.a(lib_a-strftime.o) (__tz_lock)
/Users/ap/SDKs/nacl/pepper_31/toolchain/mac_arm_newlib/bin/../lib/gcc/arm-nacl/4.8.1/../../../../arm-nacl/lib/libcrt_common.a(lib_a-tzvars.o)
                              /Users/ap/SDKs/nacl/pepper_31/toolchain/mac_arm_newlib/bin/../lib/gcc/arm-nacl/4.8.1/../../../../arm-nacl/lib/libcrt_common.a(lib_a-strftime.o) (_tzname)
/Users/ap/SDKs/nacl/pepper_31/toolchain/mac_arm_newlib/bin/../lib/gcc/arm-nacl/4.8.1/../../../../arm-nacl/lib/libcrt_common.a(lib_a-ungetc.o)
                              /Users/ap/SDKs/nacl/pepper_31/toolchain/mac_arm_newlib/bin/../lib/gcc/arm-nacl/4.8.1/../../../../arm-nacl/lib/libstdc++.a(misc-inst.o) (ungetc)
/Users/ap/SDKs/nacl/pepper_31/toolchain/mac_arm_newlib/bin/../lib/gcc/arm-nacl/4.8.1/../../../../arm-nacl/lib/libcrt_common.a(lib_a-ungetwc.o)
                              /Users/ap/SDKs/nacl/pepper_31/toolchain/mac_arm_newlib/bin/../lib/gcc/arm-nacl/4.8.1/../../../../arm-nacl/lib/libstdc++.a(misc-inst.o) (ungetwc)
/Users/ap/SDKs/nacl/pepper_31/toolchain/mac_arm_newlib/bin/../lib/gcc/arm-nacl/4.8.1/../../../../arm-nacl/lib/libcrt_common.a(lib_a-u_strerr.o)
                              /Users/ap/SDKs/nacl/pepper_31/toolchain/mac_arm_newlib/bin/../lib/gcc/arm-nacl/4.8.1/../../../../arm-nacl/lib/libcrt_common.a(lib_a-strerror.o) (_user_strerror)
/Users/ap/SDKs/nacl/pepper_31/toolchain/mac_arm_newlib/bin/../lib/gcc/arm-nacl/4.8.1/../../../../arm-nacl/lib/libcrt_common.a(lib_a-vfiprintf.o)
                              /Users/ap/SDKs/nacl/pepper_31/toolchain/mac_arm_newlib/bin/../lib/gcc/arm-nacl/4.8.1/../../../../arm-nacl/lib/libcrt_common.a(lib_a-fiprintf.o) (_vfiprintf_r)
/Users/ap/SDKs/nacl/pepper_31/toolchain/mac_arm_newlib/bin/../lib/gcc/arm-nacl/4.8.1/../../../../arm-nacl/lib/libcrt_common.a(lib_a-vsprintf.o)
                              /Users/ap/SDKs/nacl/pepper_31/toolchain/mac_arm_newlib/bin/../lib/gcc/arm-nacl/4.8.1/../../../../arm-nacl/lib/libstdc++.a(locale-inst.o) (vsprintf)
/Users/ap/SDKs/nacl/pepper_31/toolchain/mac_arm_newlib/bin/../lib/gcc/arm-nacl/4.8.1/../../../../arm-nacl/lib/libcrt_common.a(lib_a-wbuf.o)
                              /Users/ap/SDKs/nacl/pepper_31/toolchain/mac_arm_newlib/bin/../lib/gcc/arm-nacl/4.8.1/../../../../arm-nacl/lib/libcrt_common.a(lib_a-putc.o) (__swbuf_r)
/Users/ap/SDKs/nacl/pepper_31/toolchain/mac_arm_newlib/bin/../lib/gcc/arm-nacl/4.8.1/../../../../arm-nacl/lib/libcrt_common.a(lib_a-wcrtomb.o)
                              /Users/ap/SDKs/nacl/pepper_31/toolchain/mac_arm_newlib/bin/../lib/gcc/arm-nacl/4.8.1/../../../../arm-nacl/lib/libcrt_common.a(lib_a-svfprintf.o) (_wcrtomb_r)
/Users/ap/SDKs/nacl/pepper_31/toolchain/mac_arm_newlib/bin/../lib/gcc/arm-nacl/4.8.1/../../../../arm-nacl/lib/libcrt_common.a(lib_a-wcscoll.o)
                              /Users/ap/SDKs/nacl/pepper_31/toolchain/mac_arm_newlib/bin/../lib/gcc/arm-nacl/4.8.1/../../../../arm-nacl/lib/libstdc++.a(collate_members.o) (wcscoll)
/Users/ap/SDKs/nacl/pepper_31/toolchain/mac_arm_newlib/bin/../lib/gcc/arm-nacl/4.8.1/../../../../arm-nacl/lib/libcrt_common.a(lib_a-wcsftime.o)
                              /Users/ap/SDKs/nacl/pepper_31/toolchain/mac_arm_newlib/bin/../lib/gcc/arm-nacl/4.8.1/../../../../arm-nacl/lib/libstdc++.a(time_members.o) (wcsftime)
/Users/ap/SDKs/nacl/pepper_31/toolchain/mac_arm_newlib/bin/../lib/gcc/arm-nacl/4.8.1/../../../../arm-nacl/lib/libcrt_common.a(lib_a-wcslen.o)
                              /Users/ap/SDKs/nacl/pepper_31/toolchain/mac_arm_newlib/bin/../lib/gcc/arm-nacl/4.8.1/../../../../arm-nacl/lib/libstdc++.a(wlocale-inst.o) (wcslen)
/Users/ap/SDKs/nacl/pepper_31/toolchain/mac_arm_newlib/bin/../lib/gcc/arm-nacl/4.8.1/../../../../arm-nacl/lib/libcrt_common.a(lib_a-wcsrtombs.o)
                              /Users/ap/SDKs/nacl/pepper_31/toolchain/mac_arm_newlib/bin/../lib/gcc/arm-nacl/4.8.1/../../../../arm-nacl/lib/libcrt_common.a(lib_a-svfprintf.o) (_wcsrtombs_r)
/Users/ap/SDKs/nacl/pepper_31/toolchain/mac_arm_newlib/bin/../lib/gcc/arm-nacl/4.8.1/../../../../arm-nacl/lib/libcrt_common.a(lib_a-wcstoul.o)
                              /Users/ap/SDKs/nacl/pepper_31/toolchain/mac_arm_newlib/bin/../lib/gcc/arm-nacl/4.8.1/../../../../arm-nacl/lib/libcrt_common.a(lib_a-wcsftime.o) (wcstoul)
/Users/ap/SDKs/nacl/pepper_31/toolchain/mac_arm_newlib/bin/../lib/gcc/arm-nacl/4.8.1/../../../../arm-nacl/lib/libcrt_common.a(lib_a-wcsxfrm.o)
                              /Users/ap/SDKs/nacl/pepper_31/toolchain/mac_arm_newlib/bin/../lib/gcc/arm-nacl/4.8.1/../../../../arm-nacl/lib/libstdc++.a(collate_members.o) (wcsxfrm)
/Users/ap/SDKs/nacl/pepper_31/toolchain/mac_arm_newlib/bin/../lib/gcc/arm-nacl/4.8.1/../../../../arm-nacl/lib/libcrt_common.a(lib_a-wctob.o)
                              /Users/ap/SDKs/nacl/pepper_31/toolchain/mac_arm_newlib/bin/../lib/gcc/arm-nacl/4.8.1/../../../../arm-nacl/lib/libstdc++.a(ctype_members.o) (wctob)
/Users/ap/SDKs/nacl/pepper_31/toolchain/mac_arm_newlib/bin/../lib/gcc/arm-nacl/4.8.1/../../../../arm-nacl/lib/libcrt_common.a(lib_a-wctomb_r.o)
                              /Users/ap/SDKs/nacl/pepper_31/toolchain/mac_arm_newlib/bin/../lib/gcc/arm-nacl/4.8.1/../../../../arm-nacl/lib/libcrt_common.a(lib_a-locale.o) (__ascii_wctomb)
/Users/ap/SDKs/nacl/pepper_31/toolchain/mac_arm_newlib/bin/../lib/gcc/arm-nacl/4.8.1/../../../../arm-nacl/lib/libcrt_common.a(lib_a-wctype.o)
                              /Users/ap/SDKs/nacl/pepper_31/toolchain/mac_arm_newlib/bin/../lib/gcc/arm-nacl/4.8.1/../../../../arm-nacl/lib/libstdc++.a(ctype_members.o) (wctype)
/Users/ap/SDKs/nacl/pepper_31/toolchain/mac_arm_newlib/bin/../lib/gcc/arm-nacl/4.8.1/../../../../arm-nacl/lib/libcrt_common.a(lib_a-wmemchr.o)
                              /Users/ap/SDKs/nacl/pepper_31/toolchain/mac_arm_newlib/bin/../lib/gcc/arm-nacl/4.8.1/../../../../arm-nacl/lib/libstdc++.a(istream.o) (wmemchr)
/Users/ap/SDKs/nacl/pepper_31/toolchain/mac_arm_newlib/bin/../lib/gcc/arm-nacl/4.8.1/../../../../arm-nacl/lib/libcrt_common.a(lib_a-wmemcmp.o)
                              /Users/ap/SDKs/nacl/pepper_31/toolchain/mac_arm_newlib/bin/../lib/gcc/arm-nacl/4.8.1/../../../../arm-nacl/lib/libstdc++.a(wstring-inst.o) (wmemcmp)
/Users/ap/SDKs/nacl/pepper_31/toolchain/mac_arm_newlib/bin/../lib/gcc/arm-nacl/4.8.1/../../../../arm-nacl/lib/libcrt_common.a(lib_a-wmemcpy.o)
                              /Users/ap/SDKs/nacl/pepper_31/toolchain/mac_arm_newlib/bin/../lib/gcc/arm-nacl/4.8.1/../../../../arm-nacl/lib/libstdc++.a(istream.o) (wmemcpy)
/Users/ap/SDKs/nacl/pepper_31/toolchain/mac_arm_newlib/bin/../lib/gcc/arm-nacl/4.8.1/../../../../arm-nacl/lib/libcrt_common.a(lib_a-wmemmove.o)
                              /Users/ap/SDKs/nacl/pepper_31/toolchain/mac_arm_newlib/bin/../lib/gcc/arm-nacl/4.8.1/../../../../arm-nacl/lib/libstdc++.a(wstring-inst.o) (wmemmove)
/Users/ap/SDKs/nacl/pepper_31/toolchain/mac_arm_newlib/bin/../lib/gcc/arm-nacl/4.8.1/../../../../arm-nacl/lib/libcrt_common.a(lib_a-wmemset.o)
                              /Users/ap/SDKs/nacl/pepper_31/toolchain/mac_arm_newlib/bin/../lib/gcc/arm-nacl/4.8.1/../../../../arm-nacl/lib/libstdc++.a(wlocale-inst.o) (wmemset)
/Users/ap/SDKs/nacl/pepper_31/toolchain/mac_arm_newlib/bin/../lib/gcc/arm-nacl/4.8.1/../../../../arm-nacl/lib/libcrt_common.a(lib_a-writer.o)
                              /Users/ap/SDKs/nacl/pepper_31/toolchain/mac_arm_newlib/bin/../lib/gcc/arm-nacl/4.8.1/../../../../arm-nacl/lib/libcrt_common.a(lib_a-stdio.o) (_write_r)
/Users/ap/SDKs/nacl/pepper_31/toolchain/mac_arm_newlib/bin/../lib/gcc/arm-nacl/4.8.1/../../../../arm-nacl/lib/libcrt_common.a(lib_a-wsetup.o)
                              /Users/ap/SDKs/nacl/pepper_31/toolchain/mac_arm_newlib/bin/../lib/gcc/arm-nacl/4.8.1/../../../../arm-nacl/lib/libcrt_common.a(lib_a-fvwrite.o) (__swsetup_r)
/Users/ap/SDKs/nacl/pepper_31/toolchain/mac_arm_newlib/bin/../lib/gcc/arm-nacl/4.8.1/../../../../arm-nacl/lib/libcrt_common.a(lib_a-abs.o)
                              /Users/ap/SDKs/nacl/pepper_31/toolchain/mac_arm_newlib/bin/../lib/gcc/arm-nacl/4.8.1/../../../../arm-nacl/lib/libcrt_common.a(lib_a-strftime.o) (abs)
/Users/ap/SDKs/nacl/pepper_31/toolchain/mac_arm_newlib/bin/../lib/gcc/arm-nacl/4.8.1/../../../../arm-nacl/lib/libcrt_common.a(lib_a-__atexit.o)
                              /Users/ap/SDKs/nacl/pepper_31/toolchain/mac_arm_newlib/bin/../lib/gcc/arm-nacl/4.8.1/../../../../arm-nacl/lib/libcrt_common.a(lib_a-cxa_atexit.o) (__register_exitproc)
/Users/ap/SDKs/nacl/pepper_31/toolchain/mac_arm_newlib/bin/../lib/gcc/arm-nacl/4.8.1/../../../../arm-nacl/lib/libcrt_common.a(lib_a-__call_atexit.o)
                              /Users/ap/SDKs/nacl/pepper_31/toolchain/mac_arm_newlib/bin/../lib/gcc/arm-nacl/4.8.1/../../../../arm-nacl/lib/libcrt_common.a(lib_a-exit.o) (__call_exitprocs)
/Users/ap/SDKs/nacl/pepper_31/toolchain/mac_arm_newlib/bin/../lib/gcc/arm-nacl/4.8.1/../../../../arm-nacl/lib/libcrt_common.a(lib_a-closer.o)
                              /Users/ap/SDKs/nacl/pepper_31/toolchain/mac_arm_newlib/bin/../lib/gcc/arm-nacl/4.8.1/../../../../arm-nacl/lib/libcrt_common.a(lib_a-stdio.o) (_close_r)
/Users/ap/SDKs/nacl/pepper_31/toolchain/mac_arm_newlib/bin/../lib/gcc/arm-nacl/4.8.1/../../../../arm-nacl/lib/libcrt_common.a(lib_a-dtoa.o)
                              /Users/ap/SDKs/nacl/pepper_31/toolchain/mac_arm_newlib/bin/../lib/gcc/arm-nacl/4.8.1/../../../../arm-nacl/lib/libcrt_common.a(lib_a-svfprintf.o) (_dtoa_r)
/Users/ap/SDKs/nacl/pepper_31/toolchain/mac_arm_newlib/bin/../lib/gcc/arm-nacl/4.8.1/../../../../arm-nacl/lib/libcrt_common.a(lib_a-envlock.o)
                              /Users/ap/SDKs/nacl/pepper_31/toolchain/mac_arm_newlib/bin/../lib/gcc/arm-nacl/4.8.1/../../../../arm-nacl/lib/libcrt_common.a(lib_a-getenv_r.o) (__env_lock)
/Users/ap/SDKs/nacl/pepper_31/toolchain/mac_arm_newlib/bin/../lib/gcc/arm-nacl/4.8.1/../../../../arm-nacl/lib/libcrt_common.a(lib_a-fclose.o)
                              /Users/ap/SDKs/nacl/pepper_31/toolchain/mac_arm_newlib/bin/../lib/gcc/arm-nacl/4.8.1/../../../../arm-nacl/lib/libcrt_common.a(lib_a-findfp.o) (fclose)
/Users/ap/SDKs/nacl/pepper_31/toolchain/mac_arm_newlib/bin/../lib/gcc/arm-nacl/4.8.1/../../../../arm-nacl/lib/libcrt_common.a(lib_a-fgetwc.o)
                              /Users/ap/SDKs/nacl/pepper_31/toolchain/mac_arm_newlib/bin/../lib/gcc/arm-nacl/4.8.1/../../../../arm-nacl/lib/libcrt_common.a(lib_a-getwc.o) (_fgetwc_r)
/Users/ap/SDKs/nacl/pepper_31/toolchain/mac_arm_newlib/bin/../lib/gcc/arm-nacl/4.8.1/../../../../arm-nacl/lib/libcrt_common.a(lib_a-fputwc.o)
                              /Users/ap/SDKs/nacl/pepper_31/toolchain/mac_arm_newlib/bin/../lib/gcc/arm-nacl/4.8.1/../../../../arm-nacl/lib/libcrt_common.a(lib_a-putwc.o) (_fputwc_r)
/Users/ap/SDKs/nacl/pepper_31/toolchain/mac_arm_newlib/bin/../lib/gcc/arm-nacl/4.8.1/../../../../arm-nacl/lib/libcrt_common.a(lib_a-gdtoa-gethex.o)
                              /Users/ap/SDKs/nacl/pepper_31/toolchain/mac_arm_newlib/bin/../lib/gcc/arm-nacl/4.8.1/../../../../arm-nacl/lib/libcrt_common.a(lib_a-strtod.o) (__gethex)
/Users/ap/SDKs/nacl/pepper_31/toolchain/mac_arm_newlib/bin/../lib/gcc/arm-nacl/4.8.1/../../../../arm-nacl/lib/libcrt_common.a(lib_a-gdtoa-hexnan.o)
                              /Users/ap/SDKs/nacl/pepper_31/toolchain/mac_arm_newlib/bin/../lib/gcc/arm-nacl/4.8.1/../../../../arm-nacl/lib/libcrt_common.a(lib_a-strtod.o) (__hexnan)
/Users/ap/SDKs/nacl/pepper_31/toolchain/mac_arm_newlib/bin/../lib/gcc/arm-nacl/4.8.1/../../../../arm-nacl/lib/libcrt_common.a(lib_a-gettzinfo.o)
                              /Users/ap/SDKs/nacl/pepper_31/toolchain/mac_arm_newlib/bin/../lib/gcc/arm-nacl/4.8.1/../../../../arm-nacl/lib/libcrt_common.a(lib_a-strftime.o) (__gettzinfo)
/Users/ap/SDKs/nacl/pepper_31/toolchain/mac_arm_newlib/bin/../lib/gcc/arm-nacl/4.8.1/../../../../arm-nacl/lib/libcrt_common.a(lib_a-isattyr.o)
                              /Users/ap/SDKs/nacl/pepper_31/toolchain/mac_arm_newlib/bin/../lib/gcc/arm-nacl/4.8.1/../../../../arm-nacl/lib/libcrt_common.a(lib_a-makebuf.o) (_isatty_r)
/Users/ap/SDKs/nacl/pepper_31/toolchain/mac_arm_newlib/bin/../lib/gcc/arm-nacl/4.8.1/../../../../arm-nacl/lib/libcrt_common.a(lib_a-iswalnum.o)
                              /Users/ap/SDKs/nacl/pepper_31/toolchain/mac_arm_newlib/bin/../lib/gcc/arm-nacl/4.8.1/../../../../arm-nacl/lib/libcrt_common.a(lib_a-iswctype.o) (iswalnum)
/Users/ap/SDKs/nacl/pepper_31/toolchain/mac_arm_newlib/bin/../lib/gcc/arm-nacl/4.8.1/../../../../arm-nacl/lib/libcrt_common.a(lib_a-iswalpha.o)
                              /Users/ap/SDKs/nacl/pepper_31/toolchain/mac_arm_newlib/bin/../lib/gcc/arm-nacl/4.8.1/../../../../arm-nacl/lib/libcrt_common.a(lib_a-iswctype.o) (iswalpha)
/Users/ap/SDKs/nacl/pepper_31/toolchain/mac_arm_newlib/bin/../lib/gcc/arm-nacl/4.8.1/../../../../arm-nacl/lib/libcrt_common.a(lib_a-iswblank.o)
                              /Users/ap/SDKs/nacl/pepper_31/toolchain/mac_arm_newlib/bin/../lib/gcc/arm-nacl/4.8.1/../../../../arm-nacl/lib/libcrt_common.a(lib_a-iswctype.o) (iswblank)
/Users/ap/SDKs/nacl/pepper_31/toolchain/mac_arm_newlib/bin/../lib/gcc/arm-nacl/4.8.1/../../../../arm-nacl/lib/libcrt_common.a(lib_a-iswcntrl.o)
                              /Users/ap/SDKs/nacl/pepper_31/toolchain/mac_arm_newlib/bin/../lib/gcc/arm-nacl/4.8.1/../../../../arm-nacl/lib/libcrt_common.a(lib_a-iswctype.o) (iswcntrl)
/Users/ap/SDKs/nacl/pepper_31/toolchain/mac_arm_newlib/bin/../lib/gcc/arm-nacl/4.8.1/../../../../arm-nacl/lib/libcrt_common.a(lib_a-labs.o)
                              /Users/ap/SDKs/nacl/pepper_31/toolchain/mac_arm_newlib/bin/../lib/gcc/arm-nacl/4.8.1/../../../../arm-nacl/lib/libcrt_common.a(lib_a-strftime.o) (labs)
/Users/ap/SDKs/nacl/pepper_31/toolchain/mac_arm_newlib/bin/../lib/gcc/arm-nacl/4.8.1/../../../../arm-nacl/lib/libcrt_common.a(lib_a-ldpart.o)
                              /Users/ap/SDKs/nacl/pepper_31/toolchain/mac_arm_newlib/bin/../lib/gcc/arm-nacl/4.8.1/../../../../arm-nacl/lib/libcrt_common.a(lib_a-timelocal.o) (__part_load_locale)
/Users/ap/SDKs/nacl/pepper_31/toolchain/mac_arm_newlib/bin/../lib/gcc/arm-nacl/4.8.1/../../../../arm-nacl/lib/libcrt_common.a(lib_a-lseekr.o)
                              /Users/ap/SDKs/nacl/pepper_31/toolchain/mac_arm_newlib/bin/../lib/gcc/arm-nacl/4.8.1/../../../../arm-nacl/lib/libcrt_common.a(lib_a-stdio.o) (_lseek_r)
/Users/ap/SDKs/nacl/pepper_31/toolchain/mac_arm_newlib/bin/../lib/gcc/arm-nacl/4.8.1/../../../../arm-nacl/lib/libcrt_common.a(lib_a-mbstowcs.o)
                              /Users/ap/SDKs/nacl/pepper_31/toolchain/mac_arm_newlib/bin/../lib/gcc/arm-nacl/4.8.1/../../../../arm-nacl/lib/libcrt_common.a(lib_a-wcsftime.o) (mbstowcs)
/Users/ap/SDKs/nacl/pepper_31/toolchain/mac_arm_newlib/bin/../lib/gcc/arm-nacl/4.8.1/../../../../arm-nacl/lib/libcrt_common.a(lib_a-mbstowcs_r.o)
                              /Users/ap/SDKs/nacl/pepper_31/toolchain/mac_arm_newlib/bin/../lib/gcc/arm-nacl/4.8.1/../../../../arm-nacl/lib/libcrt_common.a(lib_a-mbstowcs.o) (_mbstowcs_r)
/Users/ap/SDKs/nacl/pepper_31/toolchain/mac_arm_newlib/bin/../lib/gcc/arm-nacl/4.8.1/../../../../arm-nacl/lib/libcrt_common.a(lib_a-mprec.o)
                              /Users/ap/SDKs/nacl/pepper_31/toolchain/mac_arm_newlib/bin/../lib/gcc/arm-nacl/4.8.1/../../../../arm-nacl/lib/libcrt_common.a(lib_a-strtod.o) (_Balloc)
/Users/ap/SDKs/nacl/pepper_31/toolchain/mac_arm_newlib/bin/../lib/gcc/arm-nacl/4.8.1/../../../../arm-nacl/lib/libcrt_common.a(lib_a-readr.o)
                              /Users/ap/SDKs/nacl/pepper_31/toolchain/mac_arm_newlib/bin/../lib/gcc/arm-nacl/4.8.1/../../../../arm-nacl/lib/libcrt_common.a(lib_a-stdio.o) (_read_r)
/Users/ap/SDKs/nacl/pepper_31/toolchain/mac_arm_newlib/bin/../lib/gcc/arm-nacl/4.8.1/../../../../arm-nacl/lib/libcrt_common.a(lib_a-sccl.o)
                              /Users/ap/SDKs/nacl/pepper_31/toolchain/mac_arm_newlib/bin/../lib/gcc/arm-nacl/4.8.1/../../../../arm-nacl/lib/libcrt_common.a(lib_a-svfscanf.o) (__sccl)
/Users/ap/SDKs/nacl/pepper_31/toolchain/mac_arm_newlib/bin/../lib/gcc/arm-nacl/4.8.1/../../../../arm-nacl/lib/libcrt_common.a(lib_a-sf_nan.o)
                              /Users/ap/SDKs/nacl/pepper_31/toolchain/mac_arm_newlib/bin/../lib/gcc/arm-nacl/4.8.1/../../../../arm-nacl/lib/libcrt_common.a(lib_a-strtod.o) (nanf)
/Users/ap/SDKs/nacl/pepper_31/toolchain/mac_arm_newlib/bin/../lib/gcc/arm-nacl/4.8.1/../../../../arm-nacl/lib/libcrt_common.a(lib_a-s_fpclassify.o)
                              /Users/ap/SDKs/nacl/pepper_31/toolchain/mac_arm_newlib/bin/../lib/gcc/arm-nacl/4.8.1/../../../../arm-nacl/lib/libcrt_common.a(lib_a-strtod.o) (__fpclassifyd)
/Users/ap/SDKs/nacl/pepper_31/toolchain/mac_arm_newlib/bin/../lib/gcc/arm-nacl/4.8.1/../../../../arm-nacl/lib/libcrt_common.a(lib_a-s_frexp.o)
                              /Users/ap/SDKs/nacl/pepper_31/toolchain/mac_arm_newlib/bin/../lib/gcc/arm-nacl/4.8.1/../../../../arm-nacl/lib/libcrt_common.a(lib_a-svfprintf.o) (frexp)
/Users/ap/SDKs/nacl/pepper_31/toolchain/mac_arm_newlib/bin/../lib/gcc/arm-nacl/4.8.1/../../../../arm-nacl/lib/libcrt_common.a(lib_a-sniprintf.o)
                              /Users/ap/SDKs/nacl/pepper_31/toolchain/mac_arm_newlib/bin/../lib/gcc/arm-nacl/4.8.1/../../../../arm-nacl/lib/libcrt_common.a(lib_a-strftime.o) (sniprintf)
/Users/ap/SDKs/nacl/pepper_31/toolchain/mac_arm_newlib/bin/../lib/gcc/arm-nacl/4.8.1/../../../../arm-nacl/lib/libcrt_common.a(lib_a-strtoll_r.o)
                              /Users/ap/SDKs/nacl/pepper_31/toolchain/mac_arm_newlib/bin/../lib/gcc/arm-nacl/4.8.1/../../../../arm-nacl/lib/libcrt_common.a(lib_a-svfscanf.o) (_strtoll_r)
/Users/ap/SDKs/nacl/pepper_31/toolchain/mac_arm_newlib/bin/../lib/gcc/arm-nacl/4.8.1/../../../../arm-nacl/lib/libcrt_common.a(lib_a-strtoull_r.o)
                              /Users/ap/SDKs/nacl/pepper_31/toolchain/mac_arm_newlib/bin/../lib/gcc/arm-nacl/4.8.1/../../../../arm-nacl/lib/libcrt_common.a(lib_a-svfscanf.o) (_strtoull_r)
/Users/ap/SDKs/nacl/pepper_31/toolchain/mac_arm_newlib/bin/../lib/gcc/arm-nacl/4.8.1/../../../../arm-nacl/lib/libcrt_common.a(lib_a-svfiprintf.o)
                              /Users/ap/SDKs/nacl/pepper_31/toolchain/mac_arm_newlib/bin/../lib/gcc/arm-nacl/4.8.1/../../../../arm-nacl/lib/libcrt_common.a(lib_a-svfprintf.o) (__ssprint_r)
/Users/ap/SDKs/nacl/pepper_31/toolchain/mac_arm_newlib/bin/../lib/gcc/arm-nacl/4.8.1/../../../../arm-nacl/lib/libcrt_common.a(lib_a-svfiscanf.o)
                              /Users/ap/SDKs/nacl/pepper_31/toolchain/mac_arm_newlib/bin/../lib/gcc/arm-nacl/4.8.1/../../../../arm-nacl/lib/libcrt_common.a(lib_a-svfscanf.o) (_sungetc_r)
/Users/ap/SDKs/nacl/pepper_31/toolchain/mac_arm_newlib/bin/../lib/gcc/arm-nacl/4.8.1/../../../../arm-nacl/lib/libcrt_common.a(lib_a-swprintf.o)
                              /Users/ap/SDKs/nacl/pepper_31/toolchain/mac_arm_newlib/bin/../lib/gcc/arm-nacl/4.8.1/../../../../arm-nacl/lib/libcrt_common.a(lib_a-wcsftime.o) (swprintf)
/Users/ap/SDKs/nacl/pepper_31/toolchain/mac_arm_newlib/bin/../lib/gcc/arm-nacl/4.8.1/../../../../arm-nacl/lib/libcrt_common.a(lib_a-wcscmp.o)
                              /Users/ap/SDKs/nacl/pepper_31/toolchain/mac_arm_newlib/bin/../lib/gcc/arm-nacl/4.8.1/../../../../arm-nacl/lib/libcrt_common.a(lib_a-wcscoll.o) (wcscmp)
/Users/ap/SDKs/nacl/pepper_31/toolchain/mac_arm_newlib/bin/../lib/gcc/arm-nacl/4.8.1/../../../../arm-nacl/lib/libcrt_common.a(lib_a-wcscpy.o)
                              /Users/ap/SDKs/nacl/pepper_31/toolchain/mac_arm_newlib/bin/../lib/gcc/arm-nacl/4.8.1/../../../../arm-nacl/lib/libcrt_common.a(lib_a-wcsftime.o) (wcscpy)
/Users/ap/SDKs/nacl/pepper_31/toolchain/mac_arm_newlib/bin/../lib/gcc/arm-nacl/4.8.1/../../../../arm-nacl/lib/libcrt_common.a(lib_a-wcslcpy.o)
                              /Users/ap/SDKs/nacl/pepper_31/toolchain/mac_arm_newlib/bin/../lib/gcc/arm-nacl/4.8.1/../../../../arm-nacl/lib/libcrt_common.a(lib_a-wcsxfrm.o) (wcslcpy)
/Users/ap/SDKs/nacl/pepper_31/toolchain/mac_arm_newlib/bin/../lib/gcc/arm-nacl/4.8.1/../../../../arm-nacl/lib/libcrt_common.a(lib_a-wcsnrtombs.o)
                              /Users/ap/SDKs/nacl/pepper_31/toolchain/mac_arm_newlib/bin/../lib/gcc/arm-nacl/4.8.1/../../../../arm-nacl/lib/libcrt_common.a(lib_a-wcsrtombs.o) (_wcsnrtombs_r)
/Users/ap/SDKs/nacl/pepper_31/toolchain/mac_arm_newlib/bin/../lib/gcc/arm-nacl/4.8.1/../../../../arm-nacl/lib/libcrt_common.a(lib_a-errno.o)
                              /Users/ap/SDKs/nacl/pepper_31/toolchain/mac_arm_newlib/bin/../lib/gcc/arm-nacl/4.8.1/../../../../arm-nacl/lib/libcrt_common.a(lib_a-fgetwc.o) (__errno)
/Users/ap/SDKs/nacl/pepper_31/toolchain/mac_arm_newlib/bin/../lib/gcc/arm-nacl/4.8.1/../../../../arm-nacl/lib/libcrt_common.a(lib_a-isatty.o)
                              /Users/ap/SDKs/nacl/pepper_31/toolchain/mac_arm_newlib/bin/../lib/gcc/arm-nacl/4.8.1/../../../../arm-nacl/lib/libcrt_common.a(lib_a-isattyr.o) (isatty)
/Users/ap/SDKs/nacl/pepper_31/toolchain/mac_arm_newlib/bin/../lib/gcc/arm-nacl/4.8.1/../../../../arm-nacl/lib/libcrt_common.a(lib_a-svfwprintf.o)
                              /Users/ap/SDKs/nacl/pepper_31/toolchain/mac_arm_newlib/bin/../lib/gcc/arm-nacl/4.8.1/../../../../arm-nacl/lib/libcrt_common.a(lib_a-swprintf.o) (_svfwprintf_r)
/Users/ap/SDKs/nacl/pepper_31/toolchain/mac_arm_newlib/bin/../lib/gcc/arm-nacl/4.8.1/../../../../arm-nacl/lib/libcrt_common.a(lib_a-_isatty.o)
                              /Users/ap/SDKs/nacl/pepper_31/toolchain/mac_arm_newlib/bin/../lib/gcc/arm-nacl/4.8.1/../../../../arm-nacl/lib/libcrt_common.a(lib_a-isatty.o) (_isatty)
/Users/ap/SDKs/nacl/pepper_31/toolchain/mac_arm_newlib/bin/../lib/gcc/arm-nacl/4.8.1/../../../../arm-nacl/lib/libcrt_common.a(lib_a-mbrlen.o)
                              /Users/ap/SDKs/nacl/pepper_31/toolchain/mac_arm_newlib/bin/../lib/gcc/arm-nacl/4.8.1/../../../../arm-nacl/lib/libcrt_common.a(lib_a-svfwprintf.o) (mbrlen)
/Users/ap/SDKs/nacl/pepper_31/toolchain/mac_arm_newlib/bin/../lib/gcc/arm-nacl/4.8.1/../../../../arm-nacl/lib/libcrt_common.a(lib_a-mbsnrtowcs.o)
                              /Users/ap/SDKs/nacl/pepper_31/toolchain/mac_arm_newlib/bin/../lib/gcc/arm-nacl/4.8.1/../../../../arm-nacl/lib/libcrt_common.a(lib_a-svfwprintf.o) (_mbsnrtowcs_r)
/Users/ap/SDKs/nacl/pepper_31/toolchain/mac_arm_newlib/bin/../lib/gcc/arm-nacl/4.8.1/../../../../arm-nacl/lib/libnacl.a(_exit.o)
                              (_exit)
/Users/ap/SDKs/nacl/pepper_31/toolchain/mac_arm_newlib/bin/../lib/gcc/arm-nacl/4.8.1/../../../../arm-nacl/lib/libnacl.a(aeabi_read_tp.o)
                              /Users/ap/SDKs/nacl/pepper_31/toolchain/mac_arm_newlib/bin/../lib/gcc/arm-nacl/4.8.1/../../../../arm-nacl/lib/libstdc++.a(vterminate.o) (__aeabi_read_tp)
/Users/ap/SDKs/nacl/pepper_31/toolchain/mac_arm_newlib/bin/../lib/gcc/arm-nacl/4.8.1/../../../../arm-nacl/lib/libnacl.a(start.o)
                              (_start)
/Users/ap/SDKs/nacl/pepper_31/toolchain/mac_arm_newlib/bin/../lib/gcc/arm-nacl/4.8.1/../../../../arm-nacl/lib/libnacl.a(close.o)
                              /Users/ap/SDKs/nacl/pepper_31/toolchain/mac_arm_newlib/bin/../lib/gcc/arm-nacl/4.8.1/../../../../arm-nacl/lib/libcrt_common.a(lib_a-closer.o) (close)
/Users/ap/SDKs/nacl/pepper_31/toolchain/mac_arm_newlib/bin/../lib/gcc/arm-nacl/4.8.1/../../../../arm-nacl/lib/libnacl.a(open.o)
                              /Users/ap/SDKs/nacl/pepper_31/toolchain/mac_arm_newlib/bin/../lib/gcc/arm-nacl/4.8.1/../../../../arm-nacl/lib/libcrt_common.a(lib_a-ldpart.o) (open)
/Users/ap/SDKs/nacl/pepper_31/toolchain/mac_arm_newlib/bin/../lib/gcc/arm-nacl/4.8.1/../../../../arm-nacl/lib/libnacl.a(malloc.o)
                              /Users/ap/SDKs/nacl/pepper_31/toolchain/mac_arm_newlib/bin/../lib/gcc/arm-nacl/4.8.1/../../../../arm-nacl/lib/libpthread.a(nc_thread.o) (malloc)
/Users/ap/SDKs/nacl/pepper_31/toolchain/mac_arm_newlib/bin/../lib/gcc/arm-nacl/4.8.1/../../../../arm-nacl/lib/libnacl.a(nacl_irt.o)
                              /Users/ap/SDKs/nacl/pepper_31/toolchain/mac_arm_newlib/bin/../lib/gcc/arm-nacl/4.8.1/../../../../arm-nacl/lib/libpthread.a(nc_init_irt.o) (__libnacl_mandatory_irt_query)
/Users/ap/SDKs/nacl/pepper_31/toolchain/mac_arm_newlib/bin/../lib/gcc/arm-nacl/4.8.1/../../../../arm-nacl/lib/libnacl.a(pthread_initialize_minimal.o)
                              /Users/ap/SDKs/nacl/pepper_31/toolchain/mac_arm_newlib/bin/../lib/gcc/arm-nacl/4.8.1/../../../../arm-nacl/lib/libpthread.a(nc_thread.o) (__pthread_initialize_minimal)
/Users/ap/SDKs/nacl/pepper_31/toolchain/mac_arm_newlib/bin/../lib/gcc/arm-nacl/4.8.1/../../../../arm-nacl/lib/libnacl.a(nacl_read_tp.o)
                              /Users/ap/SDKs/nacl/pepper_31/toolchain/mac_arm_newlib/bin/../lib/gcc/arm-nacl/4.8.1/../../../../arm-nacl/lib/libpthread.a(nc_thread.o) (__nacl_read_tp)
/Users/ap/SDKs/nacl/pepper_31/toolchain/mac_arm_newlib/bin/../lib/gcc/arm-nacl/4.8.1/../../../../arm-nacl/lib/libnacl.a(fstat.o)
                              /Users/ap/SDKs/nacl/pepper_31/toolchain/mac_arm_newlib/bin/../lib/gcc/arm-nacl/4.8.1/../../../../arm-nacl/lib/libcrt_common.a(lib_a-fstatr.o) (fstat)
/Users/ap/SDKs/nacl/pepper_31/toolchain/mac_arm_newlib/bin/../lib/gcc/arm-nacl/4.8.1/../../../../arm-nacl/lib/libnacl.a(lseek.o)
                              /Users/ap/SDKs/nacl/pepper_31/toolchain/mac_arm_newlib/bin/../lib/gcc/arm-nacl/4.8.1/../../../../arm-nacl/lib/libcrt_common.a(lib_a-lseekr.o) (lseek)
/Users/ap/SDKs/nacl/pepper_31/toolchain/mac_arm_newlib/bin/../lib/gcc/arm-nacl/4.8.1/../../../../arm-nacl/lib/libnacl.a(mmap.o)
                              /Users/ap/SDKs/nacl/pepper_31/toolchain/mac_arm_newlib/bin/../lib/gcc/arm-nacl/4.8.1/../../../../arm-nacl/lib/libnacl.a(malloc.o) (mmap)
/Users/ap/SDKs/nacl/pepper_31/toolchain/mac_arm_newlib/bin/../lib/gcc/arm-nacl/4.8.1/../../../../arm-nacl/lib/libnacl.a(sched_yield.o)
                              /Users/ap/SDKs/nacl/pepper_31/toolchain/mac_arm_newlib/bin/../lib/gcc/arm-nacl/4.8.1/../../../../arm-nacl/lib/libnacl.a(malloc.o) (sched_yield)
/Users/ap/SDKs/nacl/pepper_31/toolchain/mac_arm_newlib/bin/../lib/gcc/arm-nacl/4.8.1/../../../../arm-nacl/lib/libnacl.a(read.o)
                              /Users/ap/SDKs/nacl/pepper_31/toolchain/mac_arm_newlib/bin/../lib/gcc/arm-nacl/4.8.1/../../../../arm-nacl/lib/libcrt_common.a(lib_a-ldpart.o) (read)
/Users/ap/SDKs/nacl/pepper_31/toolchain/mac_arm_newlib/bin/../lib/gcc/arm-nacl/4.8.1/../../../../arm-nacl/lib/libnacl.a(munmap.o)
                              /Users/ap/SDKs/nacl/pepper_31/toolchain/mac_arm_newlib/bin/../lib/gcc/arm-nacl/4.8.1/../../../../arm-nacl/lib/libnacl.a(malloc.o) (munmap)
/Users/ap/SDKs/nacl/pepper_31/toolchain/mac_arm_newlib/bin/../lib/gcc/arm-nacl/4.8.1/../../../../arm-nacl/lib/libnacl.a(tls.o)
                              /Users/ap/SDKs/nacl/pepper_31/toolchain/mac_arm_newlib/bin/../lib/gcc/arm-nacl/4.8.1/../../../../arm-nacl/lib/libpthread.a(nc_thread.o) (__nacl_tls_combined_size)
/Users/ap/SDKs/nacl/pepper_31/toolchain/mac_arm_newlib/bin/../lib/gcc/arm-nacl/4.8.1/../../../../arm-nacl/lib/libnacl.a(write.o)
                              /Users/ap/SDKs/nacl/pepper_31/toolchain/mac_arm_newlib/bin/../lib/gcc/arm-nacl/4.8.1/../../../../arm-nacl/lib/libppapi_stub.a(ppapi_plugin_start.o) (write)
/Users/ap/SDKs/nacl/pepper_31/toolchain/mac_arm_newlib/bin/../lib/gcc/arm-nacl/4.8.1/../../../../arm-nacl/lib/libnacl.a(nacl_irt_filename.o)
                              /Users/ap/SDKs/nacl/pepper_31/toolchain/mac_arm_newlib/bin/../lib/gcc/arm-nacl/4.8.1/../../../../arm-nacl/lib/libnacl.a(open.o) (__libnacl_irt_filename_init)
/Users/ap/SDKs/nacl/pepper_31/toolchain/mac_arm_newlib/bin/../lib/gcc/arm-nacl/4.8.1/../../../../arm-nacl/lib/libnacl.a(nacl_tls_get.o)
                              /Users/ap/SDKs/nacl/pepper_31/toolchain/mac_arm_newlib/bin/../lib/gcc/arm-nacl/4.8.1/../../../../arm-nacl/lib/libnacl.a(nacl_read_tp.o) (nacl_tls_get)
/Users/ap/SDKs/nacl/pepper_31/toolchain/mac_arm_newlib/bin/../lib/gcc/arm-nacl/4.8.1/../../../../arm-nacl/lib/libnacl.a(sysconf.o)
                              /Users/ap/SDKs/nacl/pepper_31/toolchain/mac_arm_newlib/bin/../lib/gcc/arm-nacl/4.8.1/../../../../arm-nacl/lib/libnacl.a(malloc.o) (sysconf)
/Users/ap/SDKs/nacl/pepper_31/toolchain/mac_arm_newlib/bin/../lib/gcc/arm-nacl/4.8.1/../../../../arm-nacl/lib/libnacl.a(nacl_tls_init.o)
                              /Users/ap/SDKs/nacl/pepper_31/toolchain/mac_arm_newlib/bin/../lib/gcc/arm-nacl/4.8.1/../../../../arm-nacl/lib/libnacl.a(pthread_initialize_minimal.o) (nacl_tls_init)
